<!doctype html public "-//w3c//dtd html 4.0 transitional//en">
<html><head>
<title>Static Call Graph - [.\build\rtthread-stm32f4xx.axf]</title></head>
<body><HR>
<H1>Static Call Graph for image .\build\rtthread-stm32f4xx.axf</H1><HR>
<BR><P>#&#060CALLGRAPH&#062# ARM Linker, 5060750: Last Updated: Fri Apr 13 08:29:32 2018
<BR><P>
<H3>Maximum Stack Usage =       1016 bytes + Unknown(Functions without stacksize, Cycles, Untraceable Function Pointers)</H3><H3>
Call chain for Maximum Stack Depth:</H3>
master_init &rArr; mpu9250_init &rArr; mpu_dmp_init &rArr; run_self_test &rArr; mpu_run_6500_self_test &rArr; get_st_6500_biases &rArr; mpu_dmp_write_Len &rArr; rt_i2c_master_send &rArr; rt_i2c_transfer &rArr; rt_mutex_release &rArr; rt_thread_control &rArr; rt_thread_startup &rArr; rt_thread_resume &rArr; rt_timer_stop &rArr; _rt_timer_remove
<P>
<H3>
Functions with no stack information
</H3><UL>
 <LI><a href="#[4b4]">__user_initial_stackheap</a>
</UL>
</UL>
<P>
<H3>
Mutually Recursive functions
</H3> <LI><a href="#[12]">DebugMon_Handler</a>&nbsp;&nbsp;&nbsp;&rArr;&nbsp;&nbsp;&nbsp;<a href="#[12]">DebugMon_Handler</a><BR>
 <LI><a href="#[27]">ADC_IRQHandler</a>&nbsp;&nbsp;&nbsp;&rArr;&nbsp;&nbsp;&nbsp;<a href="#[27]">ADC_IRQHandler</a><BR>
 <LI><a href="#[18f]">HAL_GetTick</a>&nbsp;&nbsp;&nbsp;&rArr;&nbsp;&nbsp;&nbsp;<a href="#[18f]">HAL_GetTick</a><BR>
</UL>
<P>
<H3>
Function Pointers
</H3><UL>
 <LI><a href="#[27]">ADC_IRQHandler</a> from startup_stm32f429xx.o(.text) referenced from startup_stm32f429xx.o(RESET)
 <LI><a href="#[f]">BusFault_Handler</a> from stm32f4xx_it.o(.text) referenced from startup_stm32f429xx.o(RESET)
 <LI><a href="#[29]">CAN1_RX0_IRQHandler</a> from startup_stm32f429xx.o(.text) referenced from startup_stm32f429xx.o(RESET)
 <LI><a href="#[2a]">CAN1_RX1_IRQHandler</a> from startup_stm32f429xx.o(.text) referenced from startup_stm32f429xx.o(RESET)
 <LI><a href="#[2b]">CAN1_SCE_IRQHandler</a> from startup_stm32f429xx.o(.text) referenced from startup_stm32f429xx.o(RESET)
 <LI><a href="#[28]">CAN1_TX_IRQHandler</a> from startup_stm32f429xx.o(.text) referenced from startup_stm32f429xx.o(RESET)
 <LI><a href="#[55]">CAN2_RX0_IRQHandler</a> from startup_stm32f429xx.o(.text) referenced from startup_stm32f429xx.o(RESET)
 <LI><a href="#[56]">CAN2_RX1_IRQHandler</a> from startup_stm32f429xx.o(.text) referenced from startup_stm32f429xx.o(RESET)
 <LI><a href="#[57]">CAN2_SCE_IRQHandler</a> from startup_stm32f429xx.o(.text) referenced from startup_stm32f429xx.o(RESET)
 <LI><a href="#[54]">CAN2_TX_IRQHandler</a> from startup_stm32f429xx.o(.text) referenced from startup_stm32f429xx.o(RESET)
 <LI><a href="#[63]">DCMI_IRQHandler</a> from startup_stm32f429xx.o(.text) referenced from startup_stm32f429xx.o(RESET)
 <LI><a href="#[20]">DMA1_Stream0_IRQHandler</a> from startup_stm32f429xx.o(.text) referenced from startup_stm32f429xx.o(RESET)
 <LI><a href="#[21]">DMA1_Stream1_IRQHandler</a> from startup_stm32f429xx.o(.text) referenced from startup_stm32f429xx.o(RESET)
 <LI><a href="#[22]">DMA1_Stream2_IRQHandler</a> from startup_stm32f429xx.o(.text) referenced from startup_stm32f429xx.o(RESET)
 <LI><a href="#[23]">DMA1_Stream3_IRQHandler</a> from startup_stm32f429xx.o(.text) referenced from startup_stm32f429xx.o(RESET)
 <LI><a href="#[24]">DMA1_Stream4_IRQHandler</a> from startup_stm32f429xx.o(.text) referenced from startup_stm32f429xx.o(RESET)
 <LI><a href="#[25]">DMA1_Stream5_IRQHandler</a> from startup_stm32f429xx.o(.text) referenced from startup_stm32f429xx.o(RESET)
 <LI><a href="#[26]">DMA1_Stream6_IRQHandler</a> from startup_stm32f429xx.o(.text) referenced from startup_stm32f429xx.o(RESET)
 <LI><a href="#[44]">DMA1_Stream7_IRQHandler</a> from startup_stm32f429xx.o(.text) referenced from startup_stm32f429xx.o(RESET)
 <LI><a href="#[6e]">DMA2D_IRQHandler</a> from startup_stm32f429xx.o(.text) referenced from startup_stm32f429xx.o(RESET)
 <LI><a href="#[4d]">DMA2_Stream0_IRQHandler</a> from startup_stm32f429xx.o(.text) referenced from startup_stm32f429xx.o(RESET)
 <LI><a href="#[4e]">DMA2_Stream1_IRQHandler</a> from startup_stm32f429xx.o(.text) referenced from startup_stm32f429xx.o(RESET)
 <LI><a href="#[4f]">DMA2_Stream2_IRQHandler</a> from startup_stm32f429xx.o(.text) referenced from startup_stm32f429xx.o(RESET)
 <LI><a href="#[50]">DMA2_Stream3_IRQHandler</a> from startup_stm32f429xx.o(.text) referenced from startup_stm32f429xx.o(RESET)
 <LI><a href="#[51]">DMA2_Stream4_IRQHandler</a> from startup_stm32f429xx.o(.text) referenced from startup_stm32f429xx.o(RESET)
 <LI><a href="#[59]">DMA2_Stream5_IRQHandler</a> from startup_stm32f429xx.o(.text) referenced from startup_stm32f429xx.o(RESET)
 <LI><a href="#[5a]">DMA2_Stream6_IRQHandler</a> from startup_stm32f429xx.o(.text) referenced from startup_stm32f429xx.o(RESET)
 <LI><a href="#[5b]">DMA2_Stream7_IRQHandler</a> from startup_stm32f429xx.o(.text) referenced from startup_stm32f429xx.o(RESET)
 <LI><a href="#[12]">DebugMon_Handler</a> from startup_stm32f429xx.o(.text) referenced from startup_stm32f429xx.o(RESET)
 <LI><a href="#[52]">ETH_IRQHandler</a> from startup_stm32f429xx.o(.text) referenced from startup_stm32f429xx.o(RESET)
 <LI><a href="#[53]">ETH_WKUP_IRQHandler</a> from startup_stm32f429xx.o(.text) referenced from startup_stm32f429xx.o(RESET)
 <LI><a href="#[1b]">EXTI0_IRQHandler</a> from drv_gpio.o(.text) referenced from startup_stm32f429xx.o(RESET)
 <LI><a href="#[3d]">EXTI15_10_IRQHandler</a> from drv_gpio.o(.text) referenced from startup_stm32f429xx.o(RESET)
 <LI><a href="#[1c]">EXTI1_IRQHandler</a> from drv_gpio.o(.text) referenced from startup_stm32f429xx.o(RESET)
 <LI><a href="#[1d]">EXTI2_IRQHandler</a> from drv_gpio.o(.text) referenced from startup_stm32f429xx.o(RESET)
 <LI><a href="#[1e]">EXTI3_IRQHandler</a> from drv_gpio.o(.text) referenced from startup_stm32f429xx.o(RESET)
 <LI><a href="#[1f]">EXTI4_IRQHandler</a> from drv_gpio.o(.text) referenced from startup_stm32f429xx.o(RESET)
 <LI><a href="#[2c]">EXTI9_5_IRQHandler</a> from drv_gpio.o(.text) referenced from startup_stm32f429xx.o(RESET)
 <LI><a href="#[19]">FLASH_IRQHandler</a> from startup_stm32f429xx.o(.text) referenced from startup_stm32f429xx.o(RESET)
 <LI><a href="#[45]">FMC_IRQHandler</a> from startup_stm32f429xx.o(.text) referenced from startup_stm32f429xx.o(RESET)
 <LI><a href="#[65]">FPU_IRQHandler</a> from startup_stm32f429xx.o(.text) referenced from startup_stm32f429xx.o(RESET)
 <LI><a href="#[a0]">GPIOA_CLK_ENABLE</a> from drv_gpio.o(.text) referenced 16 times from drv_gpio.o(.constdata)
 <LI><a href="#[a2]">GPIOB_CLK_ENABLE</a> from drv_gpio.o(.text) referenced 16 times from drv_gpio.o(.constdata)
 <LI><a href="#[9e]">GPIOC_CLK_ENABLE</a> from drv_gpio.o(.text) referenced 16 times from drv_gpio.o(.constdata)
 <LI><a href="#[a4]">GPIOD_CLK_ENABLE</a> from drv_gpio.o(.text) referenced 16 times from drv_gpio.o(.constdata)
 <LI><a href="#[9c]">GPIOE_CLK_ENABLE</a> from drv_gpio.o(.text) referenced 16 times from drv_gpio.o(.constdata)
 <LI><a href="#[9f]">GPIOF_CLK_ENABLE</a> from drv_gpio.o(.text) referenced 16 times from drv_gpio.o(.constdata)
 <LI><a href="#[a3]">GPIOG_CLK_ENABLE</a> from drv_gpio.o(.text) referenced 16 times from drv_gpio.o(.constdata)
 <LI><a href="#[a1]">GPIOH_CLK_ENABLE</a> from drv_gpio.o(.text) referenced 14 times from drv_gpio.o(.constdata)
 <LI><a href="#[9d]">GPIOI_CLK_ENABLE</a> from drv_gpio.o(.text) referenced 12 times from drv_gpio.o(.constdata)
 <LI><a href="#[64]">HASH_RNG_IRQHandler</a> from startup_stm32f429xx.o(.text) referenced from startup_stm32f429xx.o(RESET)
 <LI><a href="#[d]">HardFault_Handler</a> from context_rvds.o(.text) referenced from startup_stm32f429xx.o(RESET)
 <LI><a href="#[35]">I2C1_ER_IRQHandler</a> from startup_stm32f429xx.o(.text) referenced from startup_stm32f429xx.o(RESET)
 <LI><a href="#[34]">I2C1_EV_IRQHandler</a> from startup_stm32f429xx.o(.text) referenced from startup_stm32f429xx.o(RESET)
 <LI><a href="#[37]">I2C2_ER_IRQHandler</a> from startup_stm32f429xx.o(.text) referenced from startup_stm32f429xx.o(RESET)
 <LI><a href="#[36]">I2C2_EV_IRQHandler</a> from startup_stm32f429xx.o(.text) referenced from startup_stm32f429xx.o(RESET)
 <LI><a href="#[5e]">I2C3_ER_IRQHandler</a> from startup_stm32f429xx.o(.text) referenced from startup_stm32f429xx.o(RESET)
 <LI><a href="#[5d]">I2C3_EV_IRQHandler</a> from startup_stm32f429xx.o(.text) referenced from startup_stm32f429xx.o(RESET)
 <LI><a href="#[6d]">LTDC_ER_IRQHandler</a> from startup_stm32f429xx.o(.text) referenced from startup_stm32f429xx.o(RESET)
 <LI><a href="#[6c]">LTDC_IRQHandler</a> from startup_stm32f429xx.o(.text) referenced from startup_stm32f429xx.o(RESET)
 <LI><a href="#[e]">MemManage_Handler</a> from stm32f4xx_it.o(.text) referenced from startup_stm32f429xx.o(RESET)
 <LI><a href="#[c]">NMI_Handler</a> from stm32f4xx_it.o(.text) referenced from startup_stm32f429xx.o(RESET)
 <LI><a href="#[58]">OTG_FS_IRQHandler</a> from startup_stm32f429xx.o(.text) referenced from startup_stm32f429xx.o(RESET)
 <LI><a href="#[3f]">OTG_FS_WKUP_IRQHandler</a> from startup_stm32f429xx.o(.text) referenced from startup_stm32f429xx.o(RESET)
 <LI><a href="#[60]">OTG_HS_EP1_IN_IRQHandler</a> from startup_stm32f429xx.o(.text) referenced from startup_stm32f429xx.o(RESET)
 <LI><a href="#[5f]">OTG_HS_EP1_OUT_IRQHandler</a> from startup_stm32f429xx.o(.text) referenced from startup_stm32f429xx.o(RESET)
 <LI><a href="#[62]">OTG_HS_IRQHandler</a> from startup_stm32f429xx.o(.text) referenced from startup_stm32f429xx.o(RESET)
 <LI><a href="#[61]">OTG_HS_WKUP_IRQHandler</a> from startup_stm32f429xx.o(.text) referenced from startup_stm32f429xx.o(RESET)
 <LI><a href="#[16]">PVD_IRQHandler</a> from startup_stm32f429xx.o(.text) referenced from startup_stm32f429xx.o(RESET)
 <LI><a href="#[13]">PendSV_Handler</a> from context_rvds.o(.text) referenced from startup_stm32f429xx.o(RESET)
 <LI><a href="#[1a]">RCC_IRQHandler</a> from startup_stm32f429xx.o(.text) referenced from startup_stm32f429xx.o(RESET)
 <LI><a href="#[3e]">RTC_Alarm_IRQHandler</a> from startup_stm32f429xx.o(.text) referenced from startup_stm32f429xx.o(RESET)
 <LI><a href="#[18]">RTC_WKUP_IRQHandler</a> from startup_stm32f429xx.o(.text) referenced from startup_stm32f429xx.o(RESET)
 <LI><a href="#[b]">Reset_Handler</a> from startup_stm32f429xx.o(.text) referenced from startup_stm32f429xx.o(RESET)
 <LI><a href="#[6b]">SAI1_IRQHandler</a> from startup_stm32f429xx.o(.text) referenced from startup_stm32f429xx.o(RESET)
 <LI><a href="#[46]">SDIO_IRQHandler</a> from startup_stm32f429xx.o(.text) referenced from startup_stm32f429xx.o(RESET)
 <LI><a href="#[38]">SPI1_IRQHandler</a> from startup_stm32f429xx.o(.text) referenced from startup_stm32f429xx.o(RESET)
 <LI><a href="#[39]">SPI2_IRQHandler</a> from startup_stm32f429xx.o(.text) referenced from startup_stm32f429xx.o(RESET)
 <LI><a href="#[48]">SPI3_IRQHandler</a> from startup_stm32f429xx.o(.text) referenced from startup_stm32f429xx.o(RESET)
 <LI><a href="#[68]">SPI4_IRQHandler</a> from startup_stm32f429xx.o(.text) referenced from startup_stm32f429xx.o(RESET)
 <LI><a href="#[69]">SPI5_IRQHandler</a> from startup_stm32f429xx.o(.text) referenced from startup_stm32f429xx.o(RESET)
 <LI><a href="#[6a]">SPI6_IRQHandler</a> from startup_stm32f429xx.o(.text) referenced from startup_stm32f429xx.o(RESET)
 <LI><a href="#[11]">SVC_Handler</a> from stm32f4xx_it.o(.text) referenced from startup_stm32f429xx.o(RESET)
 <LI><a href="#[14]">SysTick_Handler</a> from board.o(.text) referenced from startup_stm32f429xx.o(RESET)
 <LI><a href="#[71]">SystemInit</a> from system_stm32f4xx.o(.text) referenced from startup_stm32f429xx.o(.text)
 <LI><a href="#[17]">TAMP_STAMP_IRQHandler</a> from startup_stm32f429xx.o(.text) referenced from startup_stm32f429xx.o(RESET)
 <LI><a href="#[2d]">TIM1_BRK_TIM9_IRQHandler</a> from startup_stm32f429xx.o(.text) referenced from startup_stm32f429xx.o(RESET)
 <LI><a href="#[30]">TIM1_CC_IRQHandler</a> from startup_stm32f429xx.o(.text) referenced from startup_stm32f429xx.o(RESET)
 <LI><a href="#[2f]">TIM1_TRG_COM_TIM11_IRQHandler</a> from startup_stm32f429xx.o(.text) referenced from startup_stm32f429xx.o(RESET)
 <LI><a href="#[2e]">TIM1_UP_TIM10_IRQHandler</a> from startup_stm32f429xx.o(.text) referenced from startup_stm32f429xx.o(RESET)
 <LI><a href="#[31]">TIM2_IRQHandler</a> from startup_stm32f429xx.o(.text) referenced from startup_stm32f429xx.o(RESET)
 <LI><a href="#[32]">TIM3_IRQHandler</a> from startup_stm32f429xx.o(.text) referenced from startup_stm32f429xx.o(RESET)
 <LI><a href="#[33]">TIM4_IRQHandler</a> from startup_stm32f429xx.o(.text) referenced from startup_stm32f429xx.o(RESET)
 <LI><a href="#[47]">TIM5_IRQHandler</a> from startup_stm32f429xx.o(.text) referenced from startup_stm32f429xx.o(RESET)
 <LI><a href="#[4b]">TIM6_DAC_IRQHandler</a> from startup_stm32f429xx.o(.text) referenced from startup_stm32f429xx.o(RESET)
 <LI><a href="#[4c]">TIM7_IRQHandler</a> from startup_stm32f429xx.o(.text) referenced from startup_stm32f429xx.o(RESET)
 <LI><a href="#[40]">TIM8_BRK_TIM12_IRQHandler</a> from startup_stm32f429xx.o(.text) referenced from startup_stm32f429xx.o(RESET)
 <LI><a href="#[43]">TIM8_CC_IRQHandler</a> from startup_stm32f429xx.o(.text) referenced from startup_stm32f429xx.o(RESET)
 <LI><a href="#[42]">TIM8_TRG_COM_TIM14_IRQHandler</a> from startup_stm32f429xx.o(.text) referenced from startup_stm32f429xx.o(RESET)
 <LI><a href="#[41]">TIM8_UP_TIM13_IRQHandler</a> from startup_stm32f429xx.o(.text) referenced from startup_stm32f429xx.o(RESET)
 <LI><a href="#[76]">TIMEx_DMACommutationCplt</a> from stm32f4xx_hal_tim_ex.o(.text) referenced 2 times from stm32f4xx_hal_tim.o(.text)
 <LI><a href="#[78]">TIM_DMACaptureCplt</a> from stm32f4xx_hal_tim.o(.text) referenced 10 times from stm32f4xx_hal_tim.o(.text)
 <LI><a href="#[75]">TIM_DMADelayPulseCplt</a> from stm32f4xx_hal_tim.o(.text) referenced 11 times from stm32f4xx_hal_tim.o(.text)
 <LI><a href="#[74]">TIM_DMAError</a> from stm32f4xx_hal_tim.o(.text) referenced 18 times from stm32f4xx_hal_tim.o(.text)
 <LI><a href="#[73]">TIM_DMAPeriodElapsedCplt</a> from stm32f4xx_hal_tim.o(.text) referenced 2 times from stm32f4xx_hal_tim.o(.text)
 <LI><a href="#[77]">TIM_DMATriggerCplt</a> from stm32f4xx_hal_tim.o(.text) referenced from stm32f4xx_hal_tim.o(.text)
 <LI><a href="#[49]">UART4_IRQHandler</a> from startup_stm32f429xx.o(.text) referenced from startup_stm32f429xx.o(RESET)
 <LI><a href="#[4a]">UART5_IRQHandler</a> from startup_stm32f429xx.o(.text) referenced from startup_stm32f429xx.o(RESET)
 <LI><a href="#[66]">UART7_IRQHandler</a> from startup_stm32f429xx.o(.text) referenced from startup_stm32f429xx.o(RESET)
 <LI><a href="#[67]">UART8_IRQHandler</a> from startup_stm32f429xx.o(.text) referenced from startup_stm32f429xx.o(RESET)
 <LI><a href="#[82]">UART_DMAAbortOnError</a> from stm32f4xx_hal_uart.o(.text) referenced from stm32f4xx_hal_uart.o(.text)
 <LI><a href="#[7b]">UART_DMAError</a> from stm32f4xx_hal_uart.o(.text) referenced from stm32f4xx_hal_uart.o(.text)
 <LI><a href="#[7c]">UART_DMAReceiveCplt</a> from stm32f4xx_hal_uart.o(.text) referenced from stm32f4xx_hal_uart.o(.text)
 <LI><a href="#[7f]">UART_DMARxAbortCallback</a> from stm32f4xx_hal_uart.o(.text) referenced from stm32f4xx_hal_uart.o(.text)
 <LI><a href="#[7d]">UART_DMARxHalfCplt</a> from stm32f4xx_hal_uart.o(.text) referenced from stm32f4xx_hal_uart.o(.text)
 <LI><a href="#[81]">UART_DMARxOnlyAbortCallback</a> from stm32f4xx_hal_uart.o(.text) referenced from stm32f4xx_hal_uart.o(.text)
 <LI><a href="#[79]">UART_DMATransmitCplt</a> from stm32f4xx_hal_uart.o(.text) referenced from stm32f4xx_hal_uart.o(.text)
 <LI><a href="#[7e]">UART_DMATxAbortCallback</a> from stm32f4xx_hal_uart.o(.text) referenced from stm32f4xx_hal_uart.o(.text)
 <LI><a href="#[7a]">UART_DMATxHalfCplt</a> from stm32f4xx_hal_uart.o(.text) referenced from stm32f4xx_hal_uart.o(.text)
 <LI><a href="#[80]">UART_DMATxOnlyAbortCallback</a> from stm32f4xx_hal_uart.o(.text) referenced from stm32f4xx_hal_uart.o(.text)
 <LI><a href="#[3a]">USART1_IRQHandler</a> from drv_usart.o(.text) referenced from startup_stm32f429xx.o(RESET)
 <LI><a href="#[3b]">USART2_IRQHandler</a> from drv_usart.o(.text) referenced from startup_stm32f429xx.o(RESET)
 <LI><a href="#[3c]">USART3_IRQHandler</a> from startup_stm32f429xx.o(.text) referenced from startup_stm32f429xx.o(RESET)
 <LI><a href="#[5c]">USART6_IRQHandler</a> from drv_usart.o(.text) referenced from startup_stm32f429xx.o(RESET)
 <LI><a href="#[10]">UsageFault_Handler</a> from stm32f4xx_it.o(.text) referenced from startup_stm32f429xx.o(RESET)
 <LI><a href="#[15]">WWDG_IRQHandler</a> from startup_stm32f429xx.o(.text) referenced from startup_stm32f429xx.o(RESET)
 <LI><a href="#[d9]">__main</a> from __main.o(!!!main) referenced from startup_stm32f429xx.o(.text)
 <LI><a href="#[9b]">_get_lc_ctype</a> from lc_ctype_c.o(locale$$code) referenced from rt_ctype_table.o(.text)
 <LI><a href="#[89]">_pin_control</a> from pin.o(.text) referenced from pin.o(.text)
 <LI><a href="#[87]">_pin_read</a> from pin.o(.text) referenced from pin.o(.text)
 <LI><a href="#[88]">_pin_write</a> from pin.o(.text) referenced from pin.o(.text)
 <LI><a href="#[9a]">_printf_input_char</a> from _printf_char_common.o(.text) referenced from _printf_char_common.o(.text)
 <LI><a href="#[99]">_sputc</a> from _sputc.o(.text) referenced from vsprintf.o(.text)
 <LI><a href="#[be]">beep_init</a> from app_beep.o(.text) referenced from app_beep.o(.rti_fn.6)
 <LI><a href="#[c3]">carMove</a> from app_move.o(.text) referenced from app_move.o(FSymTab)
 <LI><a href="#[d8]">cmd_free</a> from msh_cmd.o(.text) referenced from msh_cmd.o(FSymTab)
 <LI><a href="#[d6]">cmd_ps</a> from msh_cmd.o(.text) referenced from msh_cmd.o(FSymTab)
 <LI><a href="#[d7]">cmd_time</a> from msh_cmd.o(.text) referenced from msh_cmd.o(FSymTab)
 <LI><a href="#[ab]">drv_configure</a> from drv_usart.o(.text) referenced from drv_usart.o(.constdata)
 <LI><a href="#[ac]">drv_control</a> from drv_usart.o(.text) referenced from drv_usart.o(.constdata)
 <LI><a href="#[ae]">drv_getc</a> from drv_usart.o(.text) referenced from drv_usart.o(.constdata)
 <LI><a href="#[ad]">drv_putc</a> from drv_usart.o(.text) referenced from drv_usart.o(.constdata)
 <LI><a href="#[6f]">eaix4_intput</a> from app_eaix4.o(.text) referenced from app_eaix4.o(.text)
 <LI><a href="#[125]">eaix4_thread_entry</a> from app_eaix4.o(.text) referenced from app_eaix4.o(.text)
 <LI><a href="#[c2]">eaix4command</a> from app_eaix4.o(.text) referenced from app_eaix4.o(FSymTab)
 <LI><a href="#[90]">finsh_rx_ind</a> from shell.o(.text) referenced from shell.o(.text)
 <LI><a href="#[c0]">finsh_system_init</a> from shell.o(.text) referenced from shell.o(.rti_fn.6)
 <LI><a href="#[2f2]">finsh_thread_entry</a> from shell.o(.text) referenced from shell.o(.text)
 <LI><a href="#[c8]">hello</a> from cmd.o(.text) referenced from cmd.o(FSymTab)
 <LI><a href="#[bb]">hw_PWM_init</a> from drv_pwm.o(.text) referenced from drv_pwm.o(.rti_fn.1)
 <LI><a href="#[b9]">hw_i2c_init</a> from drv_iic.o(.text) referenced from drv_iic.o(.rti_fn.1)
 <LI><a href="#[ba]">hw_l298n_init</a> from drv_l298n.o(.text) referenced from drv_l298n.o(.rti_fn.1)
 <LI><a href="#[b8]">hw_usart_init</a> from drv_usart.o(.text) referenced from drv_usart.o(.rti_fn.1)
 <LI><a href="#[b4]">i2c_bit_xfer</a> from i2c-bit-ops.o(.text) referenced from i2c-bit-ops.o(.constdata)
 <LI><a href="#[86]">i2c_bus_device_control</a> from i2c_dev.o(.text) referenced from i2c_dev.o(.text)
 <LI><a href="#[84]">i2c_bus_device_read</a> from i2c_dev.o(.text) referenced from i2c_dev.o(.text)
 <LI><a href="#[85]">i2c_bus_device_write</a> from i2c_dev.o(.text) referenced from i2c_dev.o(.text)
 <LI><a href="#[475]">inv_auto_calibrate</a> from accel_auto_cal.o(.text) referenced 3 times from accel_auto_cal.o(.text)
 <LI><a href="#[94]">inv_db_load_func</a> from data_builder.o(.text) referenced from data_builder.o(.text)
 <LI><a href="#[93]">inv_db_save_func</a> from data_builder.o(.text) referenced from data_builder.o(.text)
 <LI><a href="#[91]">inv_generate_eMPL_outputs</a> from empl_outputs.o(.text) referenced from empl_outputs.o(.text)
 <LI><a href="#[428]">inv_generate_fast_nomot</a> from fast_no_motion.o(.text) referenced 2 times from fast_no_motion.o(.text)
 <LI><a href="#[3b4]">inv_generate_hal_outputs</a> from hal_outputs.o(.text) referenced 2 times from hal_outputs.o(.text)
 <LI><a href="#[98]">inv_generate_quaternion</a> from quaternion_supervisor.o(.text) referenced from quaternion_supervisor.o(.text)
 <LI><a href="#[3e7]">inv_generate_results</a> from results_holder.o(.text) referenced from results_holder.o(.text)
 <LI><a href="#[412]">inv_generate_vector_compass_cal</a> from compass_vec_cal.o(.text) referenced 3 times from compass_vec_cal.o(.text)
 <LI><a href="#[95]">inv_gtc_data_cb</a> from gyro_tc.o(.text) referenced from gyro_tc.o(.text)
 <LI><a href="#[97]">inv_gtc_load</a> from gyro_tc.o(.text) referenced from gyro_tc.o(.text)
 <LI><a href="#[96]">inv_gtc_store</a> from gyro_tc.o(.text) referenced from gyro_tc.o(.text)
 <LI><a href="#[456]">inv_magnetic_disturbance_process</a> from mag_disturb.o(.text) referenced 4 times from mag_disturb.o(.text)
 <LI><a href="#[43c]">inv_process_9x_sensor_fusion_cb</a> from fusion_9axis.o(.text) referenced 2 times from fusion_9axis.o(.text)
 <LI><a href="#[43e]">inv_start_9x_sensor_fusion</a> from fusion_9axis.o(.text) referenced 2 times from fusion_9axis.o(.text)
 <LI><a href="#[92]">inv_start_eMPL_outputs</a> from empl_outputs.o(.text) referenced from empl_outputs.o(.text)
 <LI><a href="#[431]">inv_start_fast_nomot</a> from fast_no_motion.o(.text) referenced 2 times from fast_no_motion.o(.text)
 <LI><a href="#[447]">inv_start_gyro_tc</a> from gyro_tc.o(.text) referenced 2 times from gyro_tc.o(.text)
 <LI><a href="#[3b8]">inv_start_hal_outputs</a> from hal_outputs.o(.text) referenced 2 times from hal_outputs.o(.text)
 <LI><a href="#[479]">inv_start_in_use_auto_calibration</a> from accel_auto_cal.o(.text) referenced 2 times from accel_auto_cal.o(.text)
 <LI><a href="#[458]">inv_start_magnetic_disturbance</a> from mag_disturb.o(.text) referenced from mag_disturb.o(.text)
 <LI><a href="#[468]">inv_start_quaternion</a> from quaternion_supervisor.o(.text) referenced 2 times from quaternion_supervisor.o(.text)
 <LI><a href="#[3e8]">inv_start_results_holder</a> from results_holder.o(.text) referenced from results_holder.o(.text)
 <LI><a href="#[414]">inv_start_vector_compass_cal</a> from compass_vec_cal.o(.text) referenced 2 times from compass_vec_cal.o(.text)
 <LI><a href="#[d4]">list</a> from cmd.o(.text) referenced from cmd.o(FSymTab)
 <LI><a href="#[d3]">list_device</a> from cmd.o(.text) referenced 2 times from cmd.o(FSymTab)
 <LI><a href="#[cc]">list_event</a> from cmd.o(.text) referenced 2 times from cmd.o(FSymTab)
 <LI><a href="#[ce]">list_mailbox</a> from cmd.o(.text) referenced 2 times from cmd.o(FSymTab)
 <LI><a href="#[c4]">list_mem</a> from mem.o(.text) referenced from mem.o(FSymTab)
 <LI><a href="#[d0]">list_memheap</a> from cmd.o(.text) referenced 2 times from cmd.o(FSymTab)
 <LI><a href="#[d1]">list_mempool</a> from cmd.o(.text) referenced 2 times from cmd.o(FSymTab)
 <LI><a href="#[cf]">list_msgqueue</a> from cmd.o(.text) referenced 2 times from cmd.o(FSymTab)
 <LI><a href="#[cd]">list_mutex</a> from cmd.o(.text) referenced 2 times from cmd.o(FSymTab)
 <LI><a href="#[cb]">list_sem</a> from cmd.o(.text) referenced 2 times from cmd.o(FSymTab)
 <LI><a href="#[ca]">list_thread</a> from cmd.o(.text) referenced 2 times from cmd.o(FSymTab)
 <LI><a href="#[d2]">list_timer</a> from cmd.o(.text) referenced 2 times from cmd.o(FSymTab)
 <LI><a href="#[23d]">main_thread_entry</a> from components.o(.text) referenced from components.o(.text)
 <LI><a href="#[bf]">master_init</a> from master_thread.o(.text) referenced from master_thread.o(.rti_fn.6)
 <LI><a href="#[15a]">master_thread_entry</a> from master_thread.o(.text) referenced from master_thread.o(.text)
 <LI><a href="#[156]">mpu9250_thread_entry</a> from app_mpu9250.o(.text) referenced from app_mpu9250.o(.text)
 <LI><a href="#[d5]">msh_help</a> from msh.o(.text) referenced from msh.o(FSymTab)
 <LI><a href="#[b7]">rt_hw_pin_init</a> from drv_gpio.o(.text) referenced from drv_gpio.o(.rti_fn.1)
 <LI><a href="#[bd]">rt_i2c_core_init</a> from i2c_core.o(.text) referenced from i2c_core.o(.rti_fn.4)
 <LI><a href="#[c5]">rt_pin_mode</a> from pin.o(.text) referenced from pin.o(FSymTab)
 <LI><a href="#[c7]">rt_pin_read</a> from pin.o(.text) referenced from pin.o(FSymTab)
 <LI><a href="#[c6]">rt_pin_write</a> from pin.o(.text) referenced from pin.o(FSymTab)
 <LI><a href="#[8c]">rt_serial_close</a> from serial.o(.text) referenced from serial.o(.text)
 <LI><a href="#[8f]">rt_serial_control</a> from serial.o(.text) referenced from serial.o(.text)
 <LI><a href="#[8a]">rt_serial_init</a> from serial.o(.text) referenced from serial.o(.text)
 <LI><a href="#[8b]">rt_serial_open</a> from serial.o(.text) referenced from serial.o(.text)
 <LI><a href="#[8d]">rt_serial_read</a> from serial.o(.text) referenced from serial.o(.text)
 <LI><a href="#[8e]">rt_serial_write</a> from serial.o(.text) referenced from serial.o(.text)
 <LI><a href="#[2aa]">rt_thread_exit</a> from thread.o(.text) referenced from thread.o(.text)
 <LI><a href="#[83]">rt_thread_idle_entry</a> from idle.o(.text) referenced from idle.o(.text)
 <LI><a href="#[2ad]">rt_thread_timeout</a> from thread.o(.text) referenced from thread.o(.text)
 <LI><a href="#[bc]">rti_board_end</a> from components.o(.text) referenced from components.o(.rti_fn.1.end)
 <LI><a href="#[b6]">rti_board_start</a> from components.o(.text) referenced from components.o(.rti_fn.0.end)
 <LI><a href="#[c1]">rti_end</a> from components.o(.text) referenced from components.o(.rti_fn.6.end)
 <LI><a href="#[b5]">rti_start</a> from components.o(.text) referenced from components.o(.rti_fn.0)
 <LI><a href="#[a8]">stm32_pin_attach_irq</a> from drv_gpio.o(.text) referenced from drv_gpio.o(.constdata)
 <LI><a href="#[a9]">stm32_pin_dettach_irq</a> from drv_gpio.o(.text) referenced from drv_gpio.o(.constdata)
 <LI><a href="#[aa]">stm32_pin_irq_enable</a> from drv_gpio.o(.text) referenced from drv_gpio.o(.constdata)
 <LI><a href="#[a5]">stm32_pin_mode</a> from drv_gpio.o(.text) referenced from drv_gpio.o(.constdata)
 <LI><a href="#[a7]">stm32_pin_read</a> from drv_gpio.o(.text) referenced from drv_gpio.o(.constdata)
 <LI><a href="#[a6]">stm32_pin_write</a> from drv_gpio.o(.text) referenced from drv_gpio.o(.constdata)
 <LI><a href="#[b2]">stm32f4_get_scl</a> from drv_iic.o(.text) referenced from drv_iic.o(.constdata)
 <LI><a href="#[b1]">stm32f4_get_sda</a> from drv_iic.o(.text) referenced from drv_iic.o(.constdata)
 <LI><a href="#[b0]">stm32f4_set_scl</a> from drv_iic.o(.text) referenced from drv_iic.o(.constdata)
 <LI><a href="#[af]">stm32f4_set_sda</a> from drv_iic.o(.text) referenced from drv_iic.o(.constdata)
 <LI><a href="#[b3]">stm32f4_udelay</a> from drv_iic.o(.text) referenced from drv_iic.o(.constdata)
 <LI><a href="#[c9]">version</a> from cmd.o(.text) referenced 2 times from cmd.o(FSymTab)
 <LI><a href="#[70]">wireless_intput</a> from app_wirelessuart.o(.text) referenced from app_wirelessuart.o(.text)
 <LI><a href="#[136]">wireless_thread_entry</a> from app_wirelessuart.o(.text) referenced from app_wirelessuart.o(.text)
</UL>
<P>
<H3>
Global Symbols
</H3>
<P><STRONG><a name="[d9]"></a>__main</STRONG> (Thumb, 8 bytes, Stack size 0 bytes, __main.o(!!!main))
<BR><BR>[Calls]<UL><LI><a href="#[db]">&gt;&gt;</a>&nbsp;&nbsp;&nbsp;__rt_entry
<LI><a href="#[da]">&gt;&gt;</a>&nbsp;&nbsp;&nbsp;__scatterload
</UL>

<P><STRONG><a name="[da]"></a>__scatterload</STRONG> (Thumb, 0 bytes, Stack size unknown bytes, __scatter.o(!!!scatter))
<BR><BR>[Called By]<UL><LI><a href="#[d9]">&gt;&gt;</a>&nbsp;&nbsp;&nbsp;__main
</UL>

<P><STRONG><a name="[dc]"></a>__scatterload_rt2</STRONG> (Thumb, 44 bytes, Stack size unknown bytes, __scatter.o(!!!scatter), UNUSED)
<BR><BR>[Calls]<UL><LI><a href="#[db]">&gt;&gt;</a>&nbsp;&nbsp;&nbsp;__rt_entry
</UL>

<P><STRONG><a name="[4ea]"></a>__scatterload_rt2_thumb_only</STRONG> (Thumb, 0 bytes, Stack size unknown bytes, __scatter.o(!!!scatter), UNUSED)

<P><STRONG><a name="[4eb]"></a>__scatterload_null</STRONG> (Thumb, 0 bytes, Stack size unknown bytes, __scatter.o(!!!scatter), UNUSED)

<P><STRONG><a name="[4ec]"></a>__decompress</STRONG> (Thumb, 90 bytes, Stack size unknown bytes, __dczerorl2.o(!!dczerorl2), UNUSED)

<P><STRONG><a name="[4ed]"></a>__decompress1</STRONG> (Thumb, 0 bytes, Stack size unknown bytes, __dczerorl2.o(!!dczerorl2), UNUSED)

<P><STRONG><a name="[4ee]"></a>__scatterload_zeroinit</STRONG> (Thumb, 28 bytes, Stack size unknown bytes, __scatter_zi.o(!!handler_zi), UNUSED)

<P><STRONG><a name="[dd]"></a>_printf_n</STRONG> (Thumb, 0 bytes, Stack size unknown bytes, _printf_n.o(.ARM.Collect$$_printf_percent$$00000001))
<BR><BR>[Calls]<UL><LI><a href="#[de]">&gt;&gt;</a>&nbsp;&nbsp;&nbsp;_printf_charcount
</UL>

<P><STRONG><a name="[49a]"></a>_printf_percent</STRONG> (Thumb, 0 bytes, Stack size unknown bytes, _printf_percent.o(.ARM.Collect$$_printf_percent$$00000000))
<BR><BR>[Called By]<UL><LI><a href="#[493]">&gt;&gt;</a>&nbsp;&nbsp;&nbsp;__printf
</UL>

<P><STRONG><a name="[df]"></a>_printf_p</STRONG> (Thumb, 0 bytes, Stack size unknown bytes, _printf_p.o(.ARM.Collect$$_printf_percent$$00000002))
<BR><BR>[Stack]<UL><LI>Max Depth = 64 + Unknown Stack Size
<LI>Call Chain = _printf_p &rArr; _printf_hex_ptr &rArr; _printf_longlong_hex &rArr; _printf_int_common &rArr; _printf_post_padding
</UL>
<BR>[Calls]<UL><LI><a href="#[e0]">&gt;&gt;</a>&nbsp;&nbsp;&nbsp;_printf_hex_ptr
</UL>

<P><STRONG><a name="[e1]"></a>_printf_f</STRONG> (Thumb, 0 bytes, Stack size unknown bytes, _printf_f.o(.ARM.Collect$$_printf_percent$$00000003))
<BR><BR>[Stack]<UL><LI>Max Depth = 324 + Unknown Stack Size
<LI>Call Chain = _printf_f &rArr; _printf_fp_dec &rArr; _printf_fp_dec_real &rArr; _fp_digits &rArr; _btod_etento &rArr; _btod_emul &rArr; _e2e
</UL>
<BR>[Calls]<UL><LI><a href="#[e2]">&gt;&gt;</a>&nbsp;&nbsp;&nbsp;_printf_fp_dec
</UL>

<P><STRONG><a name="[e3]"></a>_printf_e</STRONG> (Thumb, 0 bytes, Stack size unknown bytes, _printf_e.o(.ARM.Collect$$_printf_percent$$00000004))
<BR><BR>[Stack]<UL><LI>Max Depth = 324 + Unknown Stack Size
<LI>Call Chain = _printf_e &rArr; _printf_fp_dec &rArr; _printf_fp_dec_real &rArr; _fp_digits &rArr; _btod_etento &rArr; _btod_emul &rArr; _e2e
</UL>
<BR>[Calls]<UL><LI><a href="#[e2]">&gt;&gt;</a>&nbsp;&nbsp;&nbsp;_printf_fp_dec
</UL>

<P><STRONG><a name="[e4]"></a>_printf_g</STRONG> (Thumb, 0 bytes, Stack size unknown bytes, _printf_g.o(.ARM.Collect$$_printf_percent$$00000005))
<BR><BR>[Stack]<UL><LI>Max Depth = 324 + Unknown Stack Size
<LI>Call Chain = _printf_g &rArr; _printf_fp_dec &rArr; _printf_fp_dec_real &rArr; _fp_digits &rArr; _btod_etento &rArr; _btod_emul &rArr; _e2e
</UL>
<BR>[Calls]<UL><LI><a href="#[e2]">&gt;&gt;</a>&nbsp;&nbsp;&nbsp;_printf_fp_dec
</UL>

<P><STRONG><a name="[e5]"></a>_printf_a</STRONG> (Thumb, 0 bytes, Stack size unknown bytes, _printf_a.o(.ARM.Collect$$_printf_percent$$00000006))
<BR><BR>[Stack]<UL><LI>Max Depth = 112 + Unknown Stack Size
<LI>Call Chain = _printf_a &rArr; _printf_fp_hex &rArr; _printf_fp_hex_real &rArr; _printf_fp_infnan &rArr; _printf_post_padding
</UL>
<BR>[Calls]<UL><LI><a href="#[e6]">&gt;&gt;</a>&nbsp;&nbsp;&nbsp;_printf_fp_hex
</UL>

<P><STRONG><a name="[4ef]"></a>_printf_ll</STRONG> (Thumb, 0 bytes, Stack size unknown bytes, _printf_ll.o(.ARM.Collect$$_printf_percent$$00000007))

<P><STRONG><a name="[e7]"></a>_printf_i</STRONG> (Thumb, 0 bytes, Stack size unknown bytes, _printf_i.o(.ARM.Collect$$_printf_percent$$00000008))
<BR><BR>[Stack]<UL><LI>Max Depth = 72 + Unknown Stack Size
<LI>Call Chain = _printf_i &rArr; _printf_int_dec &rArr; _printf_int_common &rArr; _printf_post_padding
</UL>
<BR>[Calls]<UL><LI><a href="#[e8]">&gt;&gt;</a>&nbsp;&nbsp;&nbsp;_printf_int_dec
</UL>

<P><STRONG><a name="[e9]"></a>_printf_d</STRONG> (Thumb, 0 bytes, Stack size unknown bytes, _printf_d.o(.ARM.Collect$$_printf_percent$$00000009))
<BR><BR>[Stack]<UL><LI>Max Depth = 72 + Unknown Stack Size
<LI>Call Chain = _printf_d &rArr; _printf_int_dec &rArr; _printf_int_common &rArr; _printf_post_padding
</UL>
<BR>[Calls]<UL><LI><a href="#[e8]">&gt;&gt;</a>&nbsp;&nbsp;&nbsp;_printf_int_dec
</UL>

<P><STRONG><a name="[ea]"></a>_printf_u</STRONG> (Thumb, 0 bytes, Stack size unknown bytes, _printf_u.o(.ARM.Collect$$_printf_percent$$0000000A))
<BR><BR>[Stack]<UL><LI>Max Depth = 72 + Unknown Stack Size
<LI>Call Chain = _printf_u &rArr; _printf_int_dec &rArr; _printf_int_common &rArr; _printf_post_padding
</UL>
<BR>[Calls]<UL><LI><a href="#[e8]">&gt;&gt;</a>&nbsp;&nbsp;&nbsp;_printf_int_dec
</UL>

<P><STRONG><a name="[eb]"></a>_printf_o</STRONG> (Thumb, 0 bytes, Stack size unknown bytes, _printf_o.o(.ARM.Collect$$_printf_percent$$0000000B))
<BR><BR>[Stack]<UL><LI>Max Depth = 64 + Unknown Stack Size
<LI>Call Chain = _printf_o &rArr; _printf_int_oct &rArr; _printf_longlong_oct &rArr; _printf_int_common &rArr; _printf_post_padding
</UL>
<BR>[Calls]<UL><LI><a href="#[ec]">&gt;&gt;</a>&nbsp;&nbsp;&nbsp;_printf_int_oct
</UL>

<P><STRONG><a name="[ed]"></a>_printf_x</STRONG> (Thumb, 0 bytes, Stack size unknown bytes, _printf_x.o(.ARM.Collect$$_printf_percent$$0000000C))
<BR><BR>[Stack]<UL><LI>Max Depth = 80 + Unknown Stack Size
<LI>Call Chain = _printf_x &rArr; _printf_int_hex &rArr; _printf_longlong_hex &rArr; _printf_int_common &rArr; _printf_post_padding
</UL>
<BR>[Calls]<UL><LI><a href="#[ee]">&gt;&gt;</a>&nbsp;&nbsp;&nbsp;_printf_int_hex
</UL>

<P><STRONG><a name="[ef]"></a>_printf_lli</STRONG> (Thumb, 0 bytes, Stack size unknown bytes, _printf_lli.o(.ARM.Collect$$_printf_percent$$0000000D))
<BR><BR>[Stack]<UL><LI>Max Depth = 72 + Unknown Stack Size
<LI>Call Chain = _printf_lli &rArr; _printf_longlong_dec &rArr; _printf_int_common &rArr; _printf_post_padding
</UL>
<BR>[Calls]<UL><LI><a href="#[f0]">&gt;&gt;</a>&nbsp;&nbsp;&nbsp;_printf_longlong_dec
</UL>

<P><STRONG><a name="[f1]"></a>_printf_lld</STRONG> (Thumb, 0 bytes, Stack size unknown bytes, _printf_lld.o(.ARM.Collect$$_printf_percent$$0000000E))
<BR><BR>[Stack]<UL><LI>Max Depth = 72 + Unknown Stack Size
<LI>Call Chain = _printf_lld &rArr; _printf_longlong_dec &rArr; _printf_int_common &rArr; _printf_post_padding
</UL>
<BR>[Calls]<UL><LI><a href="#[f0]">&gt;&gt;</a>&nbsp;&nbsp;&nbsp;_printf_longlong_dec
</UL>

<P><STRONG><a name="[f2]"></a>_printf_llu</STRONG> (Thumb, 0 bytes, Stack size unknown bytes, _printf_llu.o(.ARM.Collect$$_printf_percent$$0000000F))
<BR><BR>[Stack]<UL><LI>Max Depth = 72 + Unknown Stack Size
<LI>Call Chain = _printf_llu &rArr; _printf_longlong_dec &rArr; _printf_int_common &rArr; _printf_post_padding
</UL>
<BR>[Calls]<UL><LI><a href="#[f0]">&gt;&gt;</a>&nbsp;&nbsp;&nbsp;_printf_longlong_dec
</UL>

<P><STRONG><a name="[f3]"></a>_printf_llo</STRONG> (Thumb, 0 bytes, Stack size unknown bytes, _printf_llo.o(.ARM.Collect$$_printf_percent$$00000010))
<BR><BR>[Stack]<UL><LI>Max Depth = 56 + Unknown Stack Size
<LI>Call Chain = _printf_llo &rArr; _printf_ll_oct &rArr; _printf_longlong_oct &rArr; _printf_int_common &rArr; _printf_post_padding
</UL>
<BR>[Calls]<UL><LI><a href="#[f4]">&gt;&gt;</a>&nbsp;&nbsp;&nbsp;_printf_ll_oct
</UL>

<P><STRONG><a name="[f5]"></a>_printf_llx</STRONG> (Thumb, 0 bytes, Stack size unknown bytes, _printf_llx.o(.ARM.Collect$$_printf_percent$$00000011))
<BR><BR>[Stack]<UL><LI>Max Depth = 64 + Unknown Stack Size
<LI>Call Chain = _printf_llx &rArr; _printf_ll_hex &rArr; _printf_longlong_hex &rArr; _printf_int_common &rArr; _printf_post_padding
</UL>
<BR>[Calls]<UL><LI><a href="#[f6]">&gt;&gt;</a>&nbsp;&nbsp;&nbsp;_printf_ll_hex
</UL>

<P><STRONG><a name="[4f0]"></a>_printf_l</STRONG> (Thumb, 0 bytes, Stack size unknown bytes, _printf_l.o(.ARM.Collect$$_printf_percent$$00000012))

<P><STRONG><a name="[f7]"></a>_printf_c</STRONG> (Thumb, 0 bytes, Stack size unknown bytes, _printf_c.o(.ARM.Collect$$_printf_percent$$00000013))
<BR><BR>[Stack]<UL><LI>Max Depth = 40 + Unknown Stack Size
<LI>Call Chain = _printf_c &rArr; _printf_char &rArr; _printf_cs_common &rArr; _printf_str &rArr; _printf_post_padding
</UL>
<BR>[Calls]<UL><LI><a href="#[f8]">&gt;&gt;</a>&nbsp;&nbsp;&nbsp;_printf_char
</UL>

<P><STRONG><a name="[f9]"></a>_printf_s</STRONG> (Thumb, 0 bytes, Stack size unknown bytes, _printf_s.o(.ARM.Collect$$_printf_percent$$00000014))
<BR><BR>[Stack]<UL><LI>Max Depth = 40 + Unknown Stack Size
<LI>Call Chain = _printf_s &rArr; _printf_string &rArr; _printf_cs_common &rArr; _printf_str &rArr; _printf_post_padding
</UL>
<BR>[Calls]<UL><LI><a href="#[fa]">&gt;&gt;</a>&nbsp;&nbsp;&nbsp;_printf_string
</UL>

<P><STRONG><a name="[fb]"></a>_printf_lc</STRONG> (Thumb, 0 bytes, Stack size unknown bytes, _printf_lc.o(.ARM.Collect$$_printf_percent$$00000015))
<BR><BR>[Stack]<UL><LI>Max Depth = 88 + Unknown Stack Size
<LI>Call Chain = _printf_lc &rArr; _printf_wchar &rArr; _printf_lcs_common &rArr; _printf_wctomb &rArr; _wcrtomb &rArr; __rt_ctype_table
</UL>
<BR>[Calls]<UL><LI><a href="#[fc]">&gt;&gt;</a>&nbsp;&nbsp;&nbsp;_printf_wchar
</UL>

<P><STRONG><a name="[fd]"></a>_printf_ls</STRONG> (Thumb, 0 bytes, Stack size unknown bytes, _printf_ls.o(.ARM.Collect$$_printf_percent$$00000016))
<BR><BR>[Stack]<UL><LI>Max Depth = 88 + Unknown Stack Size
<LI>Call Chain = _printf_ls &rArr; _printf_wstring &rArr; _printf_lcs_common &rArr; _printf_wctomb &rArr; _wcrtomb &rArr; __rt_ctype_table
</UL>
<BR>[Calls]<UL><LI><a href="#[fe]">&gt;&gt;</a>&nbsp;&nbsp;&nbsp;_printf_wstring
</UL>

<P><STRONG><a name="[4f1]"></a>_printf_percent_end</STRONG> (Thumb, 0 bytes, Stack size unknown bytes, _printf_percent_end.o(.ARM.Collect$$_printf_percent$$00000017))

<P><STRONG><a name="[10b]"></a>__rt_lib_init</STRONG> (Thumb, 0 bytes, Stack size unknown bytes, libinit.o(.ARM.Collect$$libinit$$00000000))
<BR><BR>[Called By]<UL><LI><a href="#[10a]">&gt;&gt;</a>&nbsp;&nbsp;&nbsp;__rt_entry_li
</UL>

<P><STRONG><a name="[ff]"></a>__rt_lib_init_fp_1</STRONG> (Thumb, 0 bytes, Stack size unknown bytes, libinit2.o(.ARM.Collect$$libinit$$00000001))
<BR><BR>[Calls]<UL><LI><a href="#[100]">&gt;&gt;</a>&nbsp;&nbsp;&nbsp;_fp_init
</UL>

<P><STRONG><a name="[101]"></a>__rt_lib_init_heap_2</STRONG> (Thumb, 0 bytes, Stack size unknown bytes, libinit2.o(.ARM.Collect$$libinit$$00000005))
<BR><BR>[Stack]<UL><LI>Max Depth = 64 + Unknown Stack Size
<LI>Call Chain = __rt_lib_init_heap_2 &rArr; _init_alloc &rArr; __rt_SIGRTMEM &rArr; __rt_SIGRTMEM_inner &rArr; __default_signal_display &rArr; _ttywrch
</UL>
<BR>[Calls]<UL><LI><a href="#[102]">&gt;&gt;</a>&nbsp;&nbsp;&nbsp;_init_alloc
</UL>

<P><STRONG><a name="[4f2]"></a>__rt_lib_init_preinit_1</STRONG> (Thumb, 0 bytes, Stack size unknown bytes, libinit2.o(.ARM.Collect$$libinit$$00000004))

<P><STRONG><a name="[4f3]"></a>__rt_lib_init_heap_1</STRONG> (Thumb, 0 bytes, Stack size unknown bytes, libinit2.o(.ARM.Collect$$libinit$$0000000A))

<P><STRONG><a name="[103]"></a>__rt_lib_init_lc_common</STRONG> (Thumb, 0 bytes, Stack size unknown bytes, libinit2.o(.ARM.Collect$$libinit$$0000000F))
<BR><BR>[Calls]<UL><LI><a href="#[104]">&gt;&gt;</a>&nbsp;&nbsp;&nbsp;__rt_locale
</UL>

<P><STRONG><a name="[4f4]"></a>__rt_lib_init_rand_1</STRONG> (Thumb, 0 bytes, Stack size unknown bytes, libinit2.o(.ARM.Collect$$libinit$$0000000E))

<P><STRONG><a name="[4f5]"></a>__rt_lib_init_user_alloc_1</STRONG> (Thumb, 0 bytes, Stack size unknown bytes, libinit2.o(.ARM.Collect$$libinit$$0000000C))

<P><STRONG><a name="[4f6]"></a>__rt_lib_init_lc_collate_1</STRONG> (Thumb, 0 bytes, Stack size unknown bytes, libinit2.o(.ARM.Collect$$libinit$$00000011))

<P><STRONG><a name="[105]"></a>__rt_lib_init_lc_ctype_2</STRONG> (Thumb, 0 bytes, Stack size unknown bytes, libinit2.o(.ARM.Collect$$libinit$$00000012))
<BR><BR>[Stack]<UL><LI>Max Depth = 8 + Unknown Stack Size
<LI>Call Chain = __rt_lib_init_lc_ctype_2 &rArr; _get_lc_ctype
</UL>
<BR>[Calls]<UL><LI><a href="#[9b]">&gt;&gt;</a>&nbsp;&nbsp;&nbsp;_get_lc_ctype
</UL>

<P><STRONG><a name="[4f7]"></a>__rt_lib_init_lc_ctype_1</STRONG> (Thumb, 0 bytes, Stack size unknown bytes, libinit2.o(.ARM.Collect$$libinit$$00000013))

<P><STRONG><a name="[4f8]"></a>__rt_lib_init_lc_monetary_1</STRONG> (Thumb, 0 bytes, Stack size unknown bytes, libinit2.o(.ARM.Collect$$libinit$$00000015))

<P><STRONG><a name="[106]"></a>__rt_lib_init_lc_numeric_2</STRONG> (Thumb, 0 bytes, Stack size unknown bytes, libinit2.o(.ARM.Collect$$libinit$$00000016))
<BR><BR>[Stack]<UL><LI>Max Depth = 8 + Unknown Stack Size
<LI>Call Chain = __rt_lib_init_lc_numeric_2 &rArr; _get_lc_numeric
</UL>
<BR>[Calls]<UL><LI><a href="#[107]">&gt;&gt;</a>&nbsp;&nbsp;&nbsp;_get_lc_numeric
</UL>

<P><STRONG><a name="[4f9]"></a>__rt_lib_init_alloca_1</STRONG> (Thumb, 0 bytes, Stack size unknown bytes, libinit2.o(.ARM.Collect$$libinit$$0000002E))

<P><STRONG><a name="[4fa]"></a>__rt_lib_init_argv_1</STRONG> (Thumb, 0 bytes, Stack size unknown bytes, libinit2.o(.ARM.Collect$$libinit$$0000002C))

<P><STRONG><a name="[4fb]"></a>__rt_lib_init_atexit_1</STRONG> (Thumb, 0 bytes, Stack size unknown bytes, libinit2.o(.ARM.Collect$$libinit$$0000001B))

<P><STRONG><a name="[4fc]"></a>__rt_lib_init_clock_1</STRONG> (Thumb, 0 bytes, Stack size unknown bytes, libinit2.o(.ARM.Collect$$libinit$$00000021))

<P><STRONG><a name="[4fd]"></a>__rt_lib_init_cpp_1</STRONG> (Thumb, 0 bytes, Stack size unknown bytes, libinit2.o(.ARM.Collect$$libinit$$00000032))

<P><STRONG><a name="[4fe]"></a>__rt_lib_init_exceptions_1</STRONG> (Thumb, 0 bytes, Stack size unknown bytes, libinit2.o(.ARM.Collect$$libinit$$00000030))

<P><STRONG><a name="[4ff]"></a>__rt_lib_init_fp_trap_1</STRONG> (Thumb, 0 bytes, Stack size unknown bytes, libinit2.o(.ARM.Collect$$libinit$$0000001F))

<P><STRONG><a name="[500]"></a>__rt_lib_init_getenv_1</STRONG> (Thumb, 0 bytes, Stack size unknown bytes, libinit2.o(.ARM.Collect$$libinit$$00000023))

<P><STRONG><a name="[501]"></a>__rt_lib_init_lc_numeric_1</STRONG> (Thumb, 0 bytes, Stack size unknown bytes, libinit2.o(.ARM.Collect$$libinit$$00000017))

<P><STRONG><a name="[502]"></a>__rt_lib_init_lc_time_1</STRONG> (Thumb, 0 bytes, Stack size unknown bytes, libinit2.o(.ARM.Collect$$libinit$$00000019))

<P><STRONG><a name="[503]"></a>__rt_lib_init_return</STRONG> (Thumb, 0 bytes, Stack size unknown bytes, libinit2.o(.ARM.Collect$$libinit$$00000033))

<P><STRONG><a name="[504]"></a>__rt_lib_init_signal_1</STRONG> (Thumb, 0 bytes, Stack size unknown bytes, libinit2.o(.ARM.Collect$$libinit$$0000001D))

<P><STRONG><a name="[505]"></a>__rt_lib_init_stdio_1</STRONG> (Thumb, 0 bytes, Stack size unknown bytes, libinit2.o(.ARM.Collect$$libinit$$00000025))

<P><STRONG><a name="[110]"></a>__rt_lib_shutdown</STRONG> (Thumb, 0 bytes, Stack size unknown bytes, libshutdown.o(.ARM.Collect$$libshutdown$$00000000))
<BR><BR>[Called By]<UL><LI><a href="#[10f]">&gt;&gt;</a>&nbsp;&nbsp;&nbsp;__rt_exit_ls
</UL>

<P><STRONG><a name="[506]"></a>__rt_lib_shutdown_cpp_1</STRONG> (Thumb, 0 bytes, Stack size unknown bytes, libshutdown2.o(.ARM.Collect$$libshutdown$$00000002))

<P><STRONG><a name="[507]"></a>__rt_lib_shutdown_fp_trap_1</STRONG> (Thumb, 0 bytes, Stack size unknown bytes, libshutdown2.o(.ARM.Collect$$libshutdown$$00000007))

<P><STRONG><a name="[508]"></a>__rt_lib_shutdown_heap_1</STRONG> (Thumb, 0 bytes, Stack size unknown bytes, libshutdown2.o(.ARM.Collect$$libshutdown$$0000000F))

<P><STRONG><a name="[509]"></a>__rt_lib_shutdown_return</STRONG> (Thumb, 0 bytes, Stack size unknown bytes, libshutdown2.o(.ARM.Collect$$libshutdown$$00000010))

<P><STRONG><a name="[50a]"></a>__rt_lib_shutdown_signal_1</STRONG> (Thumb, 0 bytes, Stack size unknown bytes, libshutdown2.o(.ARM.Collect$$libshutdown$$0000000A))

<P><STRONG><a name="[50b]"></a>__rt_lib_shutdown_stdio_1</STRONG> (Thumb, 0 bytes, Stack size unknown bytes, libshutdown2.o(.ARM.Collect$$libshutdown$$00000004))

<P><STRONG><a name="[50c]"></a>__rt_lib_shutdown_user_alloc_1</STRONG> (Thumb, 0 bytes, Stack size unknown bytes, libshutdown2.o(.ARM.Collect$$libshutdown$$0000000C))

<P><STRONG><a name="[db]"></a>__rt_entry</STRONG> (Thumb, 0 bytes, Stack size unknown bytes, __rtentry.o(.ARM.Collect$$rtentry$$00000000))
<BR><BR>[Called By]<UL><LI><a href="#[d9]">&gt;&gt;</a>&nbsp;&nbsp;&nbsp;__main
<LI><a href="#[dc]">&gt;&gt;</a>&nbsp;&nbsp;&nbsp;__scatterload_rt2
</UL>

<P><STRONG><a name="[50d]"></a>__rt_entry_presh_1</STRONG> (Thumb, 0 bytes, Stack size unknown bytes, __rtentry2.o(.ARM.Collect$$rtentry$$00000002))

<P><STRONG><a name="[108]"></a>__rt_entry_sh</STRONG> (Thumb, 0 bytes, Stack size unknown bytes, __rtentry4.o(.ARM.Collect$$rtentry$$00000004))
<BR><BR>[Stack]<UL><LI>Max Depth = 8 + Unknown Stack Size
<LI>Call Chain = __rt_entry_sh &rArr; __user_setup_stackheap
</UL>
<BR>[Calls]<UL><LI><a href="#[109]">&gt;&gt;</a>&nbsp;&nbsp;&nbsp;__user_setup_stackheap
</UL>

<P><STRONG><a name="[10a]"></a>__rt_entry_li</STRONG> (Thumb, 0 bytes, Stack size unknown bytes, __rtentry2.o(.ARM.Collect$$rtentry$$0000000A))
<BR><BR>[Calls]<UL><LI><a href="#[10b]">&gt;&gt;</a>&nbsp;&nbsp;&nbsp;__rt_lib_init
</UL>

<P><STRONG><a name="[50e]"></a>__rt_entry_postsh_1</STRONG> (Thumb, 0 bytes, Stack size unknown bytes, __rtentry2.o(.ARM.Collect$$rtentry$$00000009))

<P><STRONG><a name="[10c]"></a>__rt_entry_main</STRONG> (Thumb, 0 bytes, Stack size unknown bytes, __rtentry2.o(.ARM.Collect$$rtentry$$0000000D))
<BR><BR>[Stack]<UL><LI>Max Depth = 296 + Unknown Stack Size
<LI>Call Chain = __rt_entry_main &rArr; main &rArr; rtthread_startup &rArr; rt_application_init &rArr; rt_thread_create &rArr; rt_object_delete &rArr; rt_free &rArr; rt_kprintf &rArr; rt_vsnprintf &rArr; print_number
</UL>
<BR>[Calls]<UL><LI><a href="#[10d]">&gt;&gt;</a>&nbsp;&nbsp;&nbsp;main
<LI><a href="#[10e]">&gt;&gt;</a>&nbsp;&nbsp;&nbsp;exit
</UL>

<P><STRONG><a name="[50f]"></a>__rt_entry_postli_1</STRONG> (Thumb, 0 bytes, Stack size unknown bytes, __rtentry2.o(.ARM.Collect$$rtentry$$0000000C))

<P><STRONG><a name="[4b5]"></a>__rt_exit</STRONG> (Thumb, 0 bytes, Stack size unknown bytes, rtexit.o(.ARM.Collect$$rtexit$$00000000))
<BR><BR>[Called By]<UL><LI><a href="#[10e]">&gt;&gt;</a>&nbsp;&nbsp;&nbsp;exit
</UL>

<P><STRONG><a name="[10f]"></a>__rt_exit_ls</STRONG> (Thumb, 0 bytes, Stack size unknown bytes, rtexit2.o(.ARM.Collect$$rtexit$$00000003))
<BR><BR>[Calls]<UL><LI><a href="#[110]">&gt;&gt;</a>&nbsp;&nbsp;&nbsp;__rt_lib_shutdown
</UL>

<P><STRONG><a name="[510]"></a>__rt_exit_prels_1</STRONG> (Thumb, 0 bytes, Stack size unknown bytes, rtexit2.o(.ARM.Collect$$rtexit$$00000002))

<P><STRONG><a name="[111]"></a>__rt_exit_exit</STRONG> (Thumb, 0 bytes, Stack size unknown bytes, rtexit2.o(.ARM.Collect$$rtexit$$00000004))
<BR><BR>[Calls]<UL><LI><a href="#[112]">&gt;&gt;</a>&nbsp;&nbsp;&nbsp;_sys_exit
</UL>

<P><STRONG><a name="[23f]"></a>$Super$$main</STRONG> (Thumb, 4 bytes, Stack size 0 bytes, main.o(.text))
<BR><BR>[Called By]<UL><LI><a href="#[23d]">&gt;&gt;</a>&nbsp;&nbsp;&nbsp;main_thread_entry
</UL>

<P><STRONG><a name="[511]"></a>_maybe_terminate_alloc</STRONG> (Thumb, 0 bytes, Stack size 0 bytes, maybetermalloc1.o(.emb_text), UNUSED)

<P><STRONG><a name="[115]"></a>eaix4_getchar</STRONG> (Thumb, 22 bytes, Stack size 8 bytes, app_eaix4.o(.text))
<BR><BR>[Stack]<UL><LI>Max Depth = 120<LI>Call Chain = eaix4_getchar &rArr; rt_mq_recv &rArr; rt_ipc_list_suspend &rArr; rt_thread_suspend &rArr; rt_timer_stop &rArr; _rt_timer_remove
</UL>
<BR>[Calls]<UL><LI><a href="#[116]">&gt;&gt;</a>&nbsp;&nbsp;&nbsp;rt_mq_recv
</UL>
<BR>[Called By]<UL><LI><a href="#[126]">&gt;&gt;</a>&nbsp;&nbsp;&nbsp;EAI_X4_GetDate
<LI><a href="#[3f4]">&gt;&gt;</a>&nbsp;&nbsp;&nbsp;manipulationData
</UL>

<P><STRONG><a name="[117]"></a>eaix4_putchar</STRONG> (Thumb, 38 bytes, Stack size 16 bytes, app_eaix4.o(.text))
<BR><BR>[Stack]<UL><LI>Max Depth = 56<LI>Call Chain = eaix4_putchar &rArr; rt_device_write &rArr; rt_set_errno
</UL>
<BR>[Calls]<UL><LI><a href="#[118]">&gt;&gt;</a>&nbsp;&nbsp;&nbsp;rt_device_write
</UL>
<BR>[Called By]<UL><LI><a href="#[c2]">&gt;&gt;</a>&nbsp;&nbsp;&nbsp;eaix4command
<LI><a href="#[123]">&gt;&gt;</a>&nbsp;&nbsp;&nbsp;Eaix4Health
<LI><a href="#[122]">&gt;&gt;</a>&nbsp;&nbsp;&nbsp;Eaix4Version
<LI><a href="#[121]">&gt;&gt;</a>&nbsp;&nbsp;&nbsp;Eaix4stop
<LI><a href="#[120]">&gt;&gt;</a>&nbsp;&nbsp;&nbsp;Eaix4Scaning
<LI><a href="#[119]">&gt;&gt;</a>&nbsp;&nbsp;&nbsp;eaix4_putstring
<LI><a href="#[3f4]">&gt;&gt;</a>&nbsp;&nbsp;&nbsp;manipulationData
</UL>

<P><STRONG><a name="[119]"></a>eaix4_putstring</STRONG> (Thumb, 22 bytes, Stack size 8 bytes, app_eaix4.o(.text), UNUSED)
<BR><BR>[Calls]<UL><LI><a href="#[117]">&gt;&gt;</a>&nbsp;&nbsp;&nbsp;eaix4_putchar
</UL>

<P><STRONG><a name="[11a]"></a>eaix4_open</STRONG> (Thumb, 124 bytes, Stack size 24 bytes, app_eaix4.o(.text))
<BR><BR>[Stack]<UL><LI>Max Depth = 216<LI>Call Chain = eaix4_open &rArr; rt_device_open &rArr; rt_kprintf &rArr; rt_vsnprintf &rArr; print_number
</UL>
<BR>[Calls]<UL><LI><a href="#[11f]">&gt;&gt;</a>&nbsp;&nbsp;&nbsp;rt_mq_init
<LI><a href="#[11d]">&gt;&gt;</a>&nbsp;&nbsp;&nbsp;rt_kprintf
<LI><a href="#[11c]">&gt;&gt;</a>&nbsp;&nbsp;&nbsp;rt_device_set_rx_indicate
<LI><a href="#[11e]">&gt;&gt;</a>&nbsp;&nbsp;&nbsp;rt_device_open
<LI><a href="#[11b]">&gt;&gt;</a>&nbsp;&nbsp;&nbsp;rt_device_find
</UL>
<BR>[Called By]<UL><LI><a href="#[125]">&gt;&gt;</a>&nbsp;&nbsp;&nbsp;eaix4_thread_entry
</UL>

<P><STRONG><a name="[120]"></a>Eaix4Scaning</STRONG> (Thumb, 16 bytes, Stack size 8 bytes, app_eaix4.o(.text))
<BR><BR>[Stack]<UL><LI>Max Depth = 64<LI>Call Chain = Eaix4Scaning &rArr; eaix4_putchar &rArr; rt_device_write &rArr; rt_set_errno
</UL>
<BR>[Calls]<UL><LI><a href="#[117]">&gt;&gt;</a>&nbsp;&nbsp;&nbsp;eaix4_putchar
</UL>
<BR>[Called By]<UL><LI><a href="#[c2]">&gt;&gt;</a>&nbsp;&nbsp;&nbsp;eaix4command
</UL>

<P><STRONG><a name="[121]"></a>Eaix4stop</STRONG> (Thumb, 16 bytes, Stack size 8 bytes, app_eaix4.o(.text))
<BR><BR>[Stack]<UL><LI>Max Depth = 64<LI>Call Chain = Eaix4stop &rArr; eaix4_putchar &rArr; rt_device_write &rArr; rt_set_errno
</UL>
<BR>[Calls]<UL><LI><a href="#[117]">&gt;&gt;</a>&nbsp;&nbsp;&nbsp;eaix4_putchar
</UL>
<BR>[Called By]<UL><LI><a href="#[c2]">&gt;&gt;</a>&nbsp;&nbsp;&nbsp;eaix4command
</UL>

<P><STRONG><a name="[122]"></a>Eaix4Version</STRONG> (Thumb, 16 bytes, Stack size 8 bytes, app_eaix4.o(.text))
<BR><BR>[Stack]<UL><LI>Max Depth = 64<LI>Call Chain = Eaix4Version &rArr; eaix4_putchar &rArr; rt_device_write &rArr; rt_set_errno
</UL>
<BR>[Calls]<UL><LI><a href="#[117]">&gt;&gt;</a>&nbsp;&nbsp;&nbsp;eaix4_putchar
</UL>
<BR>[Called By]<UL><LI><a href="#[c2]">&gt;&gt;</a>&nbsp;&nbsp;&nbsp;eaix4command
</UL>

<P><STRONG><a name="[123]"></a>Eaix4Health</STRONG> (Thumb, 16 bytes, Stack size 8 bytes, app_eaix4.o(.text))
<BR><BR>[Stack]<UL><LI>Max Depth = 64<LI>Call Chain = Eaix4Health &rArr; eaix4_putchar &rArr; rt_device_write &rArr; rt_set_errno
</UL>
<BR>[Calls]<UL><LI><a href="#[117]">&gt;&gt;</a>&nbsp;&nbsp;&nbsp;eaix4_putchar
</UL>
<BR>[Called By]<UL><LI><a href="#[c2]">&gt;&gt;</a>&nbsp;&nbsp;&nbsp;eaix4command
</UL>

<P><STRONG><a name="[c2]"></a>eaix4command</STRONG> (Thumb, 122 bytes, Stack size 16 bytes, app_eaix4.o(.text))
<BR><BR>[Stack]<UL><LI>Max Depth = 80<LI>Call Chain = eaix4command &rArr; Eaix4Health &rArr; eaix4_putchar &rArr; rt_device_write &rArr; rt_set_errno
</UL>
<BR>[Calls]<UL><LI><a href="#[124]">&gt;&gt;</a>&nbsp;&nbsp;&nbsp;rt_strcmp
<LI><a href="#[123]">&gt;&gt;</a>&nbsp;&nbsp;&nbsp;Eaix4Health
<LI><a href="#[122]">&gt;&gt;</a>&nbsp;&nbsp;&nbsp;Eaix4Version
<LI><a href="#[121]">&gt;&gt;</a>&nbsp;&nbsp;&nbsp;Eaix4stop
<LI><a href="#[120]">&gt;&gt;</a>&nbsp;&nbsp;&nbsp;Eaix4Scaning
<LI><a href="#[117]">&gt;&gt;</a>&nbsp;&nbsp;&nbsp;eaix4_putchar
</UL>
<BR>[Address Reference Count : 1]<UL><LI> app_eaix4.o(FSymTab)
</UL>
<P><STRONG><a name="[125]"></a>eaix4_thread_entry</STRONG> (Thumb, 22 bytes, Stack size 0 bytes, app_eaix4.o(.text))
<BR><BR>[Stack]<UL><LI>Max Depth = 320<LI>Call Chain = eaix4_thread_entry &rArr; EAI_X4_GetDate &rArr; manipulationData &rArr; eaix4_getchar &rArr; rt_mq_recv &rArr; rt_ipc_list_suspend &rArr; rt_thread_suspend &rArr; rt_timer_stop &rArr; _rt_timer_remove
</UL>
<BR>[Calls]<UL><LI><a href="#[11d]">&gt;&gt;</a>&nbsp;&nbsp;&nbsp;rt_kprintf
<LI><a href="#[126]">&gt;&gt;</a>&nbsp;&nbsp;&nbsp;EAI_X4_GetDate
<LI><a href="#[11a]">&gt;&gt;</a>&nbsp;&nbsp;&nbsp;eaix4_open
</UL>
<BR>[Address Reference Count : 1]<UL><LI> app_eaix4.o(.text)
</UL>
<P><STRONG><a name="[127]"></a>eaix4_init</STRONG> (Thumb, 36 bytes, Stack size 16 bytes, app_eaix4.o(.text))
<BR><BR>[Stack]<UL><LI>Max Depth = 280<LI>Call Chain = eaix4_init &rArr; rt_thread_create &rArr; rt_object_delete &rArr; rt_free &rArr; rt_kprintf &rArr; rt_vsnprintf &rArr; print_number
</UL>
<BR>[Calls]<UL><LI><a href="#[129]">&gt;&gt;</a>&nbsp;&nbsp;&nbsp;rt_thread_startup
<LI><a href="#[128]">&gt;&gt;</a>&nbsp;&nbsp;&nbsp;rt_thread_create
</UL>
<BR>[Called By]<UL><LI><a href="#[bf]">&gt;&gt;</a>&nbsp;&nbsp;&nbsp;master_init
</UL>

<P><STRONG><a name="[12a]"></a>carForward</STRONG> (Thumb, 36 bytes, Stack size 8 bytes, app_move.o(.text))
<BR><BR>[Stack]<UL><LI>Max Depth = 24<LI>Call Chain = carForward &rArr; rt_pin_write
</UL>
<BR>[Calls]<UL><LI><a href="#[c6]">&gt;&gt;</a>&nbsp;&nbsp;&nbsp;rt_pin_write
</UL>
<BR>[Called By]<UL><LI><a href="#[c3]">&gt;&gt;</a>&nbsp;&nbsp;&nbsp;carMove
</UL>

<P><STRONG><a name="[12b]"></a>carBack</STRONG> (Thumb, 36 bytes, Stack size 8 bytes, app_move.o(.text))
<BR><BR>[Stack]<UL><LI>Max Depth = 24<LI>Call Chain = carBack &rArr; rt_pin_write
</UL>
<BR>[Calls]<UL><LI><a href="#[c6]">&gt;&gt;</a>&nbsp;&nbsp;&nbsp;rt_pin_write
</UL>
<BR>[Called By]<UL><LI><a href="#[c3]">&gt;&gt;</a>&nbsp;&nbsp;&nbsp;carMove
</UL>

<P><STRONG><a name="[12c]"></a>carLeft</STRONG> (Thumb, 36 bytes, Stack size 8 bytes, app_move.o(.text))
<BR><BR>[Stack]<UL><LI>Max Depth = 24<LI>Call Chain = carLeft &rArr; rt_pin_write
</UL>
<BR>[Calls]<UL><LI><a href="#[c6]">&gt;&gt;</a>&nbsp;&nbsp;&nbsp;rt_pin_write
</UL>
<BR>[Called By]<UL><LI><a href="#[c3]">&gt;&gt;</a>&nbsp;&nbsp;&nbsp;carMove
</UL>

<P><STRONG><a name="[12d]"></a>carRight</STRONG> (Thumb, 36 bytes, Stack size 8 bytes, app_move.o(.text))
<BR><BR>[Stack]<UL><LI>Max Depth = 24<LI>Call Chain = carRight &rArr; rt_pin_write
</UL>
<BR>[Calls]<UL><LI><a href="#[c6]">&gt;&gt;</a>&nbsp;&nbsp;&nbsp;rt_pin_write
</UL>
<BR>[Called By]<UL><LI><a href="#[c3]">&gt;&gt;</a>&nbsp;&nbsp;&nbsp;carMove
</UL>

<P><STRONG><a name="[12e]"></a>carStop</STRONG> (Thumb, 36 bytes, Stack size 8 bytes, app_move.o(.text))
<BR><BR>[Stack]<UL><LI>Max Depth = 24<LI>Call Chain = carStop &rArr; rt_pin_write
</UL>
<BR>[Calls]<UL><LI><a href="#[c6]">&gt;&gt;</a>&nbsp;&nbsp;&nbsp;rt_pin_write
</UL>
<BR>[Called By]<UL><LI><a href="#[c3]">&gt;&gt;</a>&nbsp;&nbsp;&nbsp;carMove
</UL>

<P><STRONG><a name="[c3]"></a>carMove</STRONG> (Thumb, 136 bytes, Stack size 16 bytes, app_move.o(.text))
<BR><BR>[Stack]<UL><LI>Max Depth = 192<LI>Call Chain = carMove &rArr; rt_kprintf &rArr; rt_vsnprintf &rArr; print_number
</UL>
<BR>[Calls]<UL><LI><a href="#[12e]">&gt;&gt;</a>&nbsp;&nbsp;&nbsp;carStop
<LI><a href="#[12d]">&gt;&gt;</a>&nbsp;&nbsp;&nbsp;carRight
<LI><a href="#[12c]">&gt;&gt;</a>&nbsp;&nbsp;&nbsp;carLeft
<LI><a href="#[12b]">&gt;&gt;</a>&nbsp;&nbsp;&nbsp;carBack
<LI><a href="#[12a]">&gt;&gt;</a>&nbsp;&nbsp;&nbsp;carForward
<LI><a href="#[124]">&gt;&gt;</a>&nbsp;&nbsp;&nbsp;rt_strcmp
<LI><a href="#[11d]">&gt;&gt;</a>&nbsp;&nbsp;&nbsp;rt_kprintf
</UL>
<BR>[Address Reference Count : 1]<UL><LI> app_move.o(FSymTab)
</UL>
<P><STRONG><a name="[130]"></a>wireless_getchar</STRONG> (Thumb, 46 bytes, Stack size 16 bytes, app_wirelessuart.o(.text), UNUSED)
<BR><BR>[Calls]<UL><LI><a href="#[131]">&gt;&gt;</a>&nbsp;&nbsp;&nbsp;rt_event_recv
<LI><a href="#[113]">&gt;&gt;</a>&nbsp;&nbsp;&nbsp;rt_device_read
</UL>

<P><STRONG><a name="[132]"></a>wireless_putchar</STRONG> (Thumb, 38 bytes, Stack size 16 bytes, app_wirelessuart.o(.text))
<BR><BR>[Stack]<UL><LI>Max Depth = 56<LI>Call Chain = wireless_putchar &rArr; rt_device_write &rArr; rt_set_errno
</UL>
<BR>[Calls]<UL><LI><a href="#[118]">&gt;&gt;</a>&nbsp;&nbsp;&nbsp;rt_device_write
</UL>
<BR>[Called By]<UL><LI><a href="#[153]">&gt;&gt;</a>&nbsp;&nbsp;&nbsp;usart1_niming_report
<LI><a href="#[133]">&gt;&gt;</a>&nbsp;&nbsp;&nbsp;wireless_putstring
</UL>

<P><STRONG><a name="[133]"></a>wireless_putstring</STRONG> (Thumb, 22 bytes, Stack size 8 bytes, app_wirelessuart.o(.text), UNUSED)
<BR><BR>[Calls]<UL><LI><a href="#[132]">&gt;&gt;</a>&nbsp;&nbsp;&nbsp;wireless_putchar
</UL>

<P><STRONG><a name="[134]"></a>wireless_open</STRONG> (Thumb, 112 bytes, Stack size 16 bytes, app_wirelessuart.o(.text))
<BR><BR>[Stack]<UL><LI>Max Depth = 208<LI>Call Chain = wireless_open &rArr; rt_device_open &rArr; rt_kprintf &rArr; rt_vsnprintf &rArr; print_number
</UL>
<BR>[Calls]<UL><LI><a href="#[135]">&gt;&gt;</a>&nbsp;&nbsp;&nbsp;rt_event_init
<LI><a href="#[11d]">&gt;&gt;</a>&nbsp;&nbsp;&nbsp;rt_kprintf
<LI><a href="#[11c]">&gt;&gt;</a>&nbsp;&nbsp;&nbsp;rt_device_set_rx_indicate
<LI><a href="#[11e]">&gt;&gt;</a>&nbsp;&nbsp;&nbsp;rt_device_open
<LI><a href="#[11b]">&gt;&gt;</a>&nbsp;&nbsp;&nbsp;rt_device_find
</UL>
<BR>[Called By]<UL><LI><a href="#[136]">&gt;&gt;</a>&nbsp;&nbsp;&nbsp;wireless_thread_entry
</UL>

<P><STRONG><a name="[136]"></a>wireless_thread_entry</STRONG> (Thumb, 30 bytes, Stack size 0 bytes, app_wirelessuart.o(.text))
<BR><BR>[Stack]<UL><LI>Max Depth = 208<LI>Call Chain = wireless_thread_entry &rArr; wireless_open &rArr; rt_device_open &rArr; rt_kprintf &rArr; rt_vsnprintf &rArr; print_number
</UL>
<BR>[Calls]<UL><LI><a href="#[137]">&gt;&gt;</a>&nbsp;&nbsp;&nbsp;rt_tick_from_millisecond
<LI><a href="#[138]">&gt;&gt;</a>&nbsp;&nbsp;&nbsp;rt_thread_delay
<LI><a href="#[134]">&gt;&gt;</a>&nbsp;&nbsp;&nbsp;wireless_open
<LI><a href="#[11d]">&gt;&gt;</a>&nbsp;&nbsp;&nbsp;rt_kprintf
</UL>
<BR>[Address Reference Count : 1]<UL><LI> app_wirelessuart.o(.text)
</UL>
<P><STRONG><a name="[139]"></a>wireless_init</STRONG> (Thumb, 38 bytes, Stack size 16 bytes, app_wirelessuart.o(.text))
<BR><BR>[Stack]<UL><LI>Max Depth = 280<LI>Call Chain = wireless_init &rArr; rt_thread_create &rArr; rt_object_delete &rArr; rt_free &rArr; rt_kprintf &rArr; rt_vsnprintf &rArr; print_number
</UL>
<BR>[Calls]<UL><LI><a href="#[129]">&gt;&gt;</a>&nbsp;&nbsp;&nbsp;rt_thread_startup
<LI><a href="#[128]">&gt;&gt;</a>&nbsp;&nbsp;&nbsp;rt_thread_create
</UL>
<BR>[Called By]<UL><LI><a href="#[bf]">&gt;&gt;</a>&nbsp;&nbsp;&nbsp;master_init
</UL>

<P><STRONG><a name="[13a]"></a>beep</STRONG> (Thumb, 28 bytes, Stack size 8 bytes, app_beep.o(.text))
<BR><BR>[Stack]<UL><LI>Max Depth = 24<LI>Call Chain = beep &rArr; rt_pin_write
</UL>
<BR>[Calls]<UL><LI><a href="#[c6]">&gt;&gt;</a>&nbsp;&nbsp;&nbsp;rt_pin_write
</UL>
<BR>[Called By]<UL><LI><a href="#[15a]">&gt;&gt;</a>&nbsp;&nbsp;&nbsp;master_thread_entry
</UL>

<P><STRONG><a name="[be]"></a>beep_init</STRONG> (Thumb, 14 bytes, Stack size 8 bytes, app_beep.o(.text))
<BR><BR>[Stack]<UL><LI>Max Depth = 24<LI>Call Chain = beep_init &rArr; rt_pin_mode
</UL>
<BR>[Calls]<UL><LI><a href="#[c5]">&gt;&gt;</a>&nbsp;&nbsp;&nbsp;rt_pin_mode
</UL>
<BR>[Address Reference Count : 1]<UL><LI> app_beep.o(.rti_fn.6)
</UL>
<P><STRONG><a name="[13b]"></a>mpu_dmp_write_Len</STRONG> (Thumb, 94 bytes, Stack size 40 bytes, app_mpu9250.o(.text))
<BR><BR>[Stack]<UL><LI>Max Depth = 200<LI>Call Chain = mpu_dmp_write_Len &rArr; rt_i2c_master_send &rArr; rt_i2c_transfer &rArr; rt_mutex_release &rArr; rt_thread_control &rArr; rt_thread_startup &rArr; rt_thread_resume &rArr; rt_timer_stop &rArr; _rt_timer_remove
</UL>
<BR>[Calls]<UL><LI><a href="#[13d]">&gt;&gt;</a>&nbsp;&nbsp;&nbsp;rt_i2c_master_send
<LI><a href="#[13e]">&gt;&gt;</a>&nbsp;&nbsp;&nbsp;free
<LI><a href="#[13c]">&gt;&gt;</a>&nbsp;&nbsp;&nbsp;malloc
</UL>
<BR>[Called By]<UL><LI><a href="#[31e]">&gt;&gt;</a>&nbsp;&nbsp;&nbsp;mpu_init
<LI><a href="#[31d]">&gt;&gt;</a>&nbsp;&nbsp;&nbsp;mpu_set_gyro_fsr
<LI><a href="#[31c]">&gt;&gt;</a>&nbsp;&nbsp;&nbsp;mpu_set_accel_fsr
<LI><a href="#[31b]">&gt;&gt;</a>&nbsp;&nbsp;&nbsp;mpu_set_sample_rate
<LI><a href="#[31a]">&gt;&gt;</a>&nbsp;&nbsp;&nbsp;mpu_lp_accel_mode
<LI><a href="#[319]">&gt;&gt;</a>&nbsp;&nbsp;&nbsp;mpu_set_lpf
<LI><a href="#[317]">&gt;&gt;</a>&nbsp;&nbsp;&nbsp;mpu_reset_fifo
<LI><a href="#[315]">&gt;&gt;</a>&nbsp;&nbsp;&nbsp;mpu_set_bypass
<LI><a href="#[314]">&gt;&gt;</a>&nbsp;&nbsp;&nbsp;mpu_set_compass_sample_rate
<LI><a href="#[313]">&gt;&gt;</a>&nbsp;&nbsp;&nbsp;mpu_set_sensors
<LI><a href="#[312]">&gt;&gt;</a>&nbsp;&nbsp;&nbsp;mpu_set_int_latched
<LI><a href="#[335]">&gt;&gt;</a>&nbsp;&nbsp;&nbsp;get_st_6500_biases
<LI><a href="#[32d]">&gt;&gt;</a>&nbsp;&nbsp;&nbsp;get_st_biases
<LI><a href="#[32c]">&gt;&gt;</a>&nbsp;&nbsp;&nbsp;compass_self_test
<LI><a href="#[316]">&gt;&gt;</a>&nbsp;&nbsp;&nbsp;setup_compass
<LI><a href="#[30f]">&gt;&gt;</a>&nbsp;&nbsp;&nbsp;set_int_enable
<LI><a href="#[342]">&gt;&gt;</a>&nbsp;&nbsp;&nbsp;mpu_lp_motion_interrupt
<LI><a href="#[340]">&gt;&gt;</a>&nbsp;&nbsp;&nbsp;mpu_load_firmware
<LI><a href="#[33f]">&gt;&gt;</a>&nbsp;&nbsp;&nbsp;mpu_read_mem
<LI><a href="#[33e]">&gt;&gt;</a>&nbsp;&nbsp;&nbsp;mpu_write_mem
<LI><a href="#[336]">&gt;&gt;</a>&nbsp;&nbsp;&nbsp;mpu_set_dmp_state
<LI><a href="#[328]">&gt;&gt;</a>&nbsp;&nbsp;&nbsp;mpu_set_accel_bias_6500_reg
<LI><a href="#[327]">&gt;&gt;</a>&nbsp;&nbsp;&nbsp;mpu_set_accel_bias_6050_reg
<LI><a href="#[326]">&gt;&gt;</a>&nbsp;&nbsp;&nbsp;mpu_set_gyro_bias_reg
</UL>

<P><STRONG><a name="[13f]"></a>mpu_dmp_read_Len</STRONG> (Thumb, 74 bytes, Stack size 56 bytes, app_mpu9250.o(.text))
<BR><BR>[Stack]<UL><LI>Max Depth = 176<LI>Call Chain = mpu_dmp_read_Len &rArr; rt_i2c_transfer &rArr; rt_mutex_release &rArr; rt_thread_control &rArr; rt_thread_startup &rArr; rt_thread_resume &rArr; rt_timer_stop &rArr; _rt_timer_remove
</UL>
<BR>[Calls]<UL><LI><a href="#[140]">&gt;&gt;</a>&nbsp;&nbsp;&nbsp;rt_i2c_transfer
</UL>
<BR>[Called By]<UL><LI><a href="#[315]">&gt;&gt;</a>&nbsp;&nbsp;&nbsp;mpu_set_bypass
<LI><a href="#[313]">&gt;&gt;</a>&nbsp;&nbsp;&nbsp;mpu_set_sensors
<LI><a href="#[311]">&gt;&gt;</a>&nbsp;&nbsp;&nbsp;mpu_read_reg
<LI><a href="#[310]">&gt;&gt;</a>&nbsp;&nbsp;&nbsp;mpu_reg_dump
<LI><a href="#[335]">&gt;&gt;</a>&nbsp;&nbsp;&nbsp;get_st_6500_biases
<LI><a href="#[333]">&gt;&gt;</a>&nbsp;&nbsp;&nbsp;gyro_6500_self_test
<LI><a href="#[32f]">&gt;&gt;</a>&nbsp;&nbsp;&nbsp;accel_6500_self_test
<LI><a href="#[32d]">&gt;&gt;</a>&nbsp;&nbsp;&nbsp;get_st_biases
<LI><a href="#[32c]">&gt;&gt;</a>&nbsp;&nbsp;&nbsp;compass_self_test
<LI><a href="#[316]">&gt;&gt;</a>&nbsp;&nbsp;&nbsp;setup_compass
<LI><a href="#[341]">&gt;&gt;</a>&nbsp;&nbsp;&nbsp;mpu_get_compass_reg
<LI><a href="#[33f]">&gt;&gt;</a>&nbsp;&nbsp;&nbsp;mpu_read_mem
<LI><a href="#[32b]">&gt;&gt;</a>&nbsp;&nbsp;&nbsp;mpu_read_fifo_stream
<LI><a href="#[32a]">&gt;&gt;</a>&nbsp;&nbsp;&nbsp;mpu_read_fifo
<LI><a href="#[329]">&gt;&gt;</a>&nbsp;&nbsp;&nbsp;mpu_get_int_status
<LI><a href="#[325]">&gt;&gt;</a>&nbsp;&nbsp;&nbsp;mpu_read_6500_gyro_bias
<LI><a href="#[324]">&gt;&gt;</a>&nbsp;&nbsp;&nbsp;mpu_read_6050_accel_bias
<LI><a href="#[323]">&gt;&gt;</a>&nbsp;&nbsp;&nbsp;mpu_read_6500_accel_bias
<LI><a href="#[322]">&gt;&gt;</a>&nbsp;&nbsp;&nbsp;mpu_get_temperature
<LI><a href="#[321]">&gt;&gt;</a>&nbsp;&nbsp;&nbsp;mpu_get_accel_reg
<LI><a href="#[31f]">&gt;&gt;</a>&nbsp;&nbsp;&nbsp;mpu_get_gyro_reg
</UL>

<P><STRONG><a name="[141]"></a>mpu9250_write_reg</STRONG> (Thumb, 46 bytes, Stack size 24 bytes, app_mpu9250.o(.text), UNUSED)
<BR><BR>[Calls]<UL><LI><a href="#[13d]">&gt;&gt;</a>&nbsp;&nbsp;&nbsp;rt_i2c_master_send
</UL>
<BR>[Called By]<UL><LI><a href="#[14a]">&gt;&gt;</a>&nbsp;&nbsp;&nbsp;mpu9250_set_sample_rate
<LI><a href="#[149]">&gt;&gt;</a>&nbsp;&nbsp;&nbsp;mpu9250_set_lpf
<LI><a href="#[148]">&gt;&gt;</a>&nbsp;&nbsp;&nbsp;mpu9250_set_accel_fsr
<LI><a href="#[147]">&gt;&gt;</a>&nbsp;&nbsp;&nbsp;mpu9250_set_gyro_fsr
</UL>

<P><STRONG><a name="[142]"></a>mpu9250_write_magnetometer_reg</STRONG> (Thumb, 46 bytes, Stack size 24 bytes, app_mpu9250.o(.text), UNUSED)
<BR><BR>[Calls]<UL><LI><a href="#[13d]">&gt;&gt;</a>&nbsp;&nbsp;&nbsp;rt_i2c_master_send
</UL>

<P><STRONG><a name="[143]"></a>mpu9250_read_reg</STRONG> (Thumb, 74 bytes, Stack size 40 bytes, app_mpu9250.o(.text), UNUSED)
<BR><BR>[Calls]<UL><LI><a href="#[140]">&gt;&gt;</a>&nbsp;&nbsp;&nbsp;rt_i2c_transfer
</UL>

<P><STRONG><a name="[144]"></a>mpu9250_read_regs</STRONG> (Thumb, 76 bytes, Stack size 48 bytes, app_mpu9250.o(.text), UNUSED)
<BR><BR>[Calls]<UL><LI><a href="#[140]">&gt;&gt;</a>&nbsp;&nbsp;&nbsp;rt_i2c_transfer
</UL>
<BR>[Called By]<UL><LI><a href="#[151]">&gt;&gt;</a>&nbsp;&nbsp;&nbsp;mpu9250_get_accelerometer
<LI><a href="#[150]">&gt;&gt;</a>&nbsp;&nbsp;&nbsp;mpu9250_get_gyroscope
<LI><a href="#[14b]">&gt;&gt;</a>&nbsp;&nbsp;&nbsp;mpu9250_get_temperature
</UL>

<P><STRONG><a name="[145]"></a>mpu9250_read_magnetometer_regs</STRONG> (Thumb, 76 bytes, Stack size 48 bytes, app_mpu9250.o(.text), UNUSED)
<BR><BR>[Calls]<UL><LI><a href="#[140]">&gt;&gt;</a>&nbsp;&nbsp;&nbsp;rt_i2c_transfer
</UL>
<BR>[Called By]<UL><LI><a href="#[152]">&gt;&gt;</a>&nbsp;&nbsp;&nbsp;mpu9250_get_magnetometer
</UL>

<P><STRONG><a name="[146]"></a>mpu9250_read_magnetometer_reg</STRONG> (Thumb, 74 bytes, Stack size 40 bytes, app_mpu9250.o(.text), UNUSED)
<BR><BR>[Calls]<UL><LI><a href="#[140]">&gt;&gt;</a>&nbsp;&nbsp;&nbsp;rt_i2c_transfer
</UL>

<P><STRONG><a name="[147]"></a>mpu9250_set_gyro_fsr</STRONG> (Thumb, 16 bytes, Stack size 8 bytes, app_mpu9250.o(.text), UNUSED)
<BR><BR>[Calls]<UL><LI><a href="#[141]">&gt;&gt;</a>&nbsp;&nbsp;&nbsp;mpu9250_write_reg
</UL>

<P><STRONG><a name="[148]"></a>mpu9250_set_accel_fsr</STRONG> (Thumb, 16 bytes, Stack size 8 bytes, app_mpu9250.o(.text), UNUSED)
<BR><BR>[Calls]<UL><LI><a href="#[141]">&gt;&gt;</a>&nbsp;&nbsp;&nbsp;mpu9250_write_reg
</UL>

<P><STRONG><a name="[149]"></a>mpu9250_set_lpf</STRONG> (Thumb, 58 bytes, Stack size 16 bytes, app_mpu9250.o(.text), UNUSED)
<BR><BR>[Calls]<UL><LI><a href="#[141]">&gt;&gt;</a>&nbsp;&nbsp;&nbsp;mpu9250_write_reg
</UL>
<BR>[Called By]<UL><LI><a href="#[14a]">&gt;&gt;</a>&nbsp;&nbsp;&nbsp;mpu9250_set_sample_rate
</UL>

<P><STRONG><a name="[14a]"></a>mpu9250_set_sample_rate</STRONG> (Thumb, 58 bytes, Stack size 16 bytes, app_mpu9250.o(.text), UNUSED)
<BR><BR>[Calls]<UL><LI><a href="#[149]">&gt;&gt;</a>&nbsp;&nbsp;&nbsp;mpu9250_set_lpf
<LI><a href="#[141]">&gt;&gt;</a>&nbsp;&nbsp;&nbsp;mpu9250_write_reg
</UL>

<P><STRONG><a name="[14b]"></a>mpu9250_get_temperature</STRONG> (Thumb, 126 bytes, Stack size 56 bytes, app_mpu9250.o(.text), UNUSED)
<BR><BR>[Calls]<UL><LI><a href="#[144]">&gt;&gt;</a>&nbsp;&nbsp;&nbsp;mpu9250_read_regs
<LI><a href="#[14c]">&gt;&gt;</a>&nbsp;&nbsp;&nbsp;__aeabi_i2d
<LI><a href="#[14d]">&gt;&gt;</a>&nbsp;&nbsp;&nbsp;__aeabi_ddiv
<LI><a href="#[14e]">&gt;&gt;</a>&nbsp;&nbsp;&nbsp;__aeabi_dadd
<LI><a href="#[14f]">&gt;&gt;</a>&nbsp;&nbsp;&nbsp;__aeabi_d2f
</UL>

<P><STRONG><a name="[150]"></a>mpu9250_get_gyroscope</STRONG> (Thumb, 84 bytes, Stack size 32 bytes, app_mpu9250.o(.text), UNUSED)
<BR><BR>[Calls]<UL><LI><a href="#[144]">&gt;&gt;</a>&nbsp;&nbsp;&nbsp;mpu9250_read_regs
</UL>

<P><STRONG><a name="[151]"></a>mpu9250_get_accelerometer</STRONG> (Thumb, 84 bytes, Stack size 32 bytes, app_mpu9250.o(.text), UNUSED)
<BR><BR>[Calls]<UL><LI><a href="#[144]">&gt;&gt;</a>&nbsp;&nbsp;&nbsp;mpu9250_read_regs
</UL>

<P><STRONG><a name="[152]"></a>mpu9250_get_magnetometer</STRONG> (Thumb, 110 bytes, Stack size 32 bytes, app_mpu9250.o(.text), UNUSED)
<BR><BR>[Calls]<UL><LI><a href="#[145]">&gt;&gt;</a>&nbsp;&nbsp;&nbsp;mpu9250_read_magnetometer_regs
</UL>

<P><STRONG><a name="[153]"></a>usart1_niming_report</STRONG> (Thumb, 122 bytes, Stack size 56 bytes, app_mpu9250.o(.text))
<BR><BR>[Stack]<UL><LI>Max Depth = 112<LI>Call Chain = usart1_niming_report &rArr; wireless_putchar &rArr; rt_device_write &rArr; rt_set_errno
</UL>
<BR>[Calls]<UL><LI><a href="#[132]">&gt;&gt;</a>&nbsp;&nbsp;&nbsp;wireless_putchar
</UL>
<BR>[Called By]<UL><LI><a href="#[155]">&gt;&gt;</a>&nbsp;&nbsp;&nbsp;usart1_report_imu
<LI><a href="#[154]">&gt;&gt;</a>&nbsp;&nbsp;&nbsp;mpu6050_send_data
</UL>

<P><STRONG><a name="[154]"></a>mpu6050_send_data</STRONG> (Thumb, 140 bytes, Stack size 48 bytes, app_mpu9250.o(.text), UNUSED)
<BR><BR>[Calls]<UL><LI><a href="#[153]">&gt;&gt;</a>&nbsp;&nbsp;&nbsp;usart1_niming_report
</UL>

<P><STRONG><a name="[155]"></a>usart1_report_imu</STRONG> (Thumb, 104 bytes, Stack size 40 bytes, app_mpu9250.o(.text))
<BR><BR>[Stack]<UL><LI>Max Depth = 152<LI>Call Chain = usart1_report_imu &rArr; usart1_niming_report &rArr; wireless_putchar &rArr; rt_device_write &rArr; rt_set_errno
</UL>
<BR>[Calls]<UL><LI><a href="#[153]">&gt;&gt;</a>&nbsp;&nbsp;&nbsp;usart1_niming_report
</UL>
<BR>[Called By]<UL><LI><a href="#[156]">&gt;&gt;</a>&nbsp;&nbsp;&nbsp;mpu9250_thread_entry
</UL>

<P><STRONG><a name="[156]"></a>mpu9250_thread_entry</STRONG> (Thumb, 106 bytes, Stack size 24 bytes, app_mpu9250.o(.text))
<BR><BR>[Stack]<UL><LI>Max Depth = 496<LI>Call Chain = mpu9250_thread_entry &rArr; mpu_mpl_get_data &rArr; dmp_read_fifo &rArr; mpu_read_fifo_stream &rArr; mpu_reset_fifo &rArr; mpu_dmp_write_Len &rArr; rt_i2c_master_send &rArr; rt_i2c_transfer &rArr; rt_mutex_release &rArr; rt_thread_control &rArr; rt_thread_startup &rArr; rt_thread_resume &rArr; rt_timer_stop &rArr; _rt_timer_remove
</UL>
<BR>[Calls]<UL><LI><a href="#[157]">&gt;&gt;</a>&nbsp;&nbsp;&nbsp;mpu_mpl_get_data
<LI><a href="#[155]">&gt;&gt;</a>&nbsp;&nbsp;&nbsp;usart1_report_imu
<LI><a href="#[137]">&gt;&gt;</a>&nbsp;&nbsp;&nbsp;rt_tick_from_millisecond
<LI><a href="#[138]">&gt;&gt;</a>&nbsp;&nbsp;&nbsp;rt_thread_delay
</UL>
<BR>[Address Reference Count : 1]<UL><LI> app_mpu9250.o(.text)
</UL>
<P><STRONG><a name="[158]"></a>mpu9250_init</STRONG> (Thumb, 146 bytes, Stack size 24 bytes, app_mpu9250.o(.text))
<BR><BR>[Stack]<UL><LI>Max Depth = 1000 + Unknown Stack Size
<LI>Call Chain = mpu9250_init &rArr; mpu_dmp_init &rArr; run_self_test &rArr; mpu_run_6500_self_test &rArr; get_st_6500_biases &rArr; mpu_dmp_write_Len &rArr; rt_i2c_master_send &rArr; rt_i2c_transfer &rArr; rt_mutex_release &rArr; rt_thread_control &rArr; rt_thread_startup &rArr; rt_thread_resume &rArr; rt_timer_stop &rArr; _rt_timer_remove
</UL>
<BR>[Calls]<UL><LI><a href="#[159]">&gt;&gt;</a>&nbsp;&nbsp;&nbsp;mpu_dmp_init
<LI><a href="#[137]">&gt;&gt;</a>&nbsp;&nbsp;&nbsp;rt_tick_from_millisecond
<LI><a href="#[138]">&gt;&gt;</a>&nbsp;&nbsp;&nbsp;rt_thread_delay
<LI><a href="#[129]">&gt;&gt;</a>&nbsp;&nbsp;&nbsp;rt_thread_startup
<LI><a href="#[128]">&gt;&gt;</a>&nbsp;&nbsp;&nbsp;rt_thread_create
<LI><a href="#[11d]">&gt;&gt;</a>&nbsp;&nbsp;&nbsp;rt_kprintf
<LI><a href="#[11e]">&gt;&gt;</a>&nbsp;&nbsp;&nbsp;rt_device_open
<LI><a href="#[11b]">&gt;&gt;</a>&nbsp;&nbsp;&nbsp;rt_device_find
</UL>
<BR>[Called By]<UL><LI><a href="#[bf]">&gt;&gt;</a>&nbsp;&nbsp;&nbsp;master_init
</UL>

<P><STRONG><a name="[15a]"></a>master_thread_entry</STRONG> (Thumb, 62 bytes, Stack size 16 bytes, master_thread.o(.text))
<BR><BR>[Stack]<UL><LI>Max Depth = 128<LI>Call Chain = master_thread_entry &rArr; rt_event_recv &rArr; rt_ipc_list_suspend &rArr; rt_thread_suspend &rArr; rt_timer_stop &rArr; _rt_timer_remove
</UL>
<BR>[Calls]<UL><LI><a href="#[13a]">&gt;&gt;</a>&nbsp;&nbsp;&nbsp;beep
<LI><a href="#[137]">&gt;&gt;</a>&nbsp;&nbsp;&nbsp;rt_tick_from_millisecond
<LI><a href="#[138]">&gt;&gt;</a>&nbsp;&nbsp;&nbsp;rt_thread_delay
<LI><a href="#[131]">&gt;&gt;</a>&nbsp;&nbsp;&nbsp;rt_event_recv
</UL>
<BR>[Address Reference Count : 1]<UL><LI> master_thread.o(.text)
</UL>
<P><STRONG><a name="[bf]"></a>master_init</STRONG> (Thumb, 74 bytes, Stack size 16 bytes, master_thread.o(.text))
<BR><BR>[Stack]<UL><LI>Max Depth = 1016 + Unknown Stack Size
<LI>Call Chain = master_init &rArr; mpu9250_init &rArr; mpu_dmp_init &rArr; run_self_test &rArr; mpu_run_6500_self_test &rArr; get_st_6500_biases &rArr; mpu_dmp_write_Len &rArr; rt_i2c_master_send &rArr; rt_i2c_transfer &rArr; rt_mutex_release &rArr; rt_thread_control &rArr; rt_thread_startup &rArr; rt_thread_resume &rArr; rt_timer_stop &rArr; _rt_timer_remove
</UL>
<BR>[Calls]<UL><LI><a href="#[158]">&gt;&gt;</a>&nbsp;&nbsp;&nbsp;mpu9250_init
<LI><a href="#[135]">&gt;&gt;</a>&nbsp;&nbsp;&nbsp;rt_event_init
<LI><a href="#[139]">&gt;&gt;</a>&nbsp;&nbsp;&nbsp;wireless_init
<LI><a href="#[129]">&gt;&gt;</a>&nbsp;&nbsp;&nbsp;rt_thread_startup
<LI><a href="#[128]">&gt;&gt;</a>&nbsp;&nbsp;&nbsp;rt_thread_create
<LI><a href="#[11d]">&gt;&gt;</a>&nbsp;&nbsp;&nbsp;rt_kprintf
<LI><a href="#[127]">&gt;&gt;</a>&nbsp;&nbsp;&nbsp;eaix4_init
</UL>
<BR>[Address Reference Count : 1]<UL><LI> master_thread.o(.rti_fn.6)
</UL>
<P><STRONG><a name="[15b]"></a>Stm32_Clock_Init</STRONG> (Thumb, 178 bytes, Stack size 96 bytes, board.o(.text))
<BR><BR>[Stack]<UL><LI>Max Depth = 192<LI>Call Chain = Stm32_Clock_Init &rArr; HAL_RCC_ClockConfig &rArr; HAL_RCC_GetSysClockFreq &rArr; __aeabi_uldivmod
</UL>
<BR>[Calls]<UL><LI><a href="#[15c]">&gt;&gt;</a>&nbsp;&nbsp;&nbsp;HAL_RCC_OscConfig
<LI><a href="#[15e]">&gt;&gt;</a>&nbsp;&nbsp;&nbsp;HAL_RCC_ClockConfig
<LI><a href="#[15d]">&gt;&gt;</a>&nbsp;&nbsp;&nbsp;HAL_PWREx_EnableOverDrive
</UL>
<BR>[Called By]<UL><LI><a href="#[15f]">&gt;&gt;</a>&nbsp;&nbsp;&nbsp;SystemClock_Config
</UL>

<P><STRONG><a name="[14]"></a>SysTick_Handler</STRONG> (Thumb, 20 bytes, Stack size 8 bytes, board.o(.text))
<BR><BR>[Stack]<UL><LI>Max Depth = 72<LI>Call Chain = SysTick_Handler &rArr; rt_tick_increase &rArr; rt_timer_check &rArr; rt_timer_start &rArr; _rt_timer_remove
</UL>
<BR>[Calls]<UL><LI><a href="#[162]">&gt;&gt;</a>&nbsp;&nbsp;&nbsp;rt_tick_increase
<LI><a href="#[163]">&gt;&gt;</a>&nbsp;&nbsp;&nbsp;rt_interrupt_leave
<LI><a href="#[160]">&gt;&gt;</a>&nbsp;&nbsp;&nbsp;rt_interrupt_enter
<LI><a href="#[161]">&gt;&gt;</a>&nbsp;&nbsp;&nbsp;HAL_IncTick
</UL>
<BR>[Address Reference Count : 1]<UL><LI> startup_stm32f429xx.o(RESET)
</UL>
<P><STRONG><a name="[164]"></a>HAL_InitTick</STRONG> (Thumb, 34 bytes, Stack size 16 bytes, board.o(.text))
<BR><BR>[Stack]<UL><LI>Max Depth = 64<LI>Call Chain = HAL_InitTick &rArr; HAL_NVIC_SetPriority &rArr; NVIC_SetPriority
</UL>
<BR>[Calls]<UL><LI><a href="#[166]">&gt;&gt;</a>&nbsp;&nbsp;&nbsp;HAL_SYSTICK_Config
<LI><a href="#[165]">&gt;&gt;</a>&nbsp;&nbsp;&nbsp;HAL_RCC_GetHCLKFreq
<LI><a href="#[167]">&gt;&gt;</a>&nbsp;&nbsp;&nbsp;HAL_NVIC_SetPriority
</UL>
<BR>[Called By]<UL><LI><a href="#[15e]">&gt;&gt;</a>&nbsp;&nbsp;&nbsp;HAL_RCC_ClockConfig
<LI><a href="#[16c]">&gt;&gt;</a>&nbsp;&nbsp;&nbsp;HAL_Init
</UL>

<P><STRONG><a name="[168]"></a>HAL_Delay</STRONG> (Thumb, 10 bytes, Stack size 8 bytes, board.o(.text), UNUSED)
<BR><BR>[Calls]<UL><LI><a href="#[138]">&gt;&gt;</a>&nbsp;&nbsp;&nbsp;rt_thread_delay
</UL>

<P><STRONG><a name="[512]"></a>HAL_SuspendTick</STRONG> (Thumb, 2 bytes, Stack size 0 bytes, board.o(.text), UNUSED)

<P><STRONG><a name="[513]"></a>HAL_ResumeTick</STRONG> (Thumb, 2 bytes, Stack size 0 bytes, board.o(.text), UNUSED)

<P><STRONG><a name="[169]"></a>HAL_MspInit</STRONG> (Thumb, 86 bytes, Stack size 8 bytes, board.o(.text))
<BR><BR>[Stack]<UL><LI>Max Depth = 56<LI>Call Chain = HAL_MspInit &rArr; HAL_NVIC_SetPriority &rArr; NVIC_SetPriority
</UL>
<BR>[Calls]<UL><LI><a href="#[16a]">&gt;&gt;</a>&nbsp;&nbsp;&nbsp;HAL_NVIC_SetPriorityGrouping
<LI><a href="#[167]">&gt;&gt;</a>&nbsp;&nbsp;&nbsp;HAL_NVIC_SetPriority
</UL>
<BR>[Called By]<UL><LI><a href="#[16c]">&gt;&gt;</a>&nbsp;&nbsp;&nbsp;HAL_Init
</UL>

<P><STRONG><a name="[16b]"></a>rt_hw_board_init</STRONG> (Thumb, 30 bytes, Stack size 8 bytes, board.o(.text))
<BR><BR>[Stack]<UL><LI>Max Depth = 216<LI>Call Chain = rt_hw_board_init &rArr; rt_console_set_device &rArr; rt_device_open &rArr; rt_kprintf &rArr; rt_vsnprintf &rArr; print_number
</UL>
<BR>[Calls]<UL><LI><a href="#[16d]">&gt;&gt;</a>&nbsp;&nbsp;&nbsp;rt_system_heap_init
<LI><a href="#[16f]">&gt;&gt;</a>&nbsp;&nbsp;&nbsp;rt_console_set_device
<LI><a href="#[16e]">&gt;&gt;</a>&nbsp;&nbsp;&nbsp;rt_components_board_init
<LI><a href="#[16c]">&gt;&gt;</a>&nbsp;&nbsp;&nbsp;HAL_Init
<LI><a href="#[15f]">&gt;&gt;</a>&nbsp;&nbsp;&nbsp;SystemClock_Config
</UL>
<BR>[Called By]<UL><LI><a href="#[241]">&gt;&gt;</a>&nbsp;&nbsp;&nbsp;rtthread_startup
</UL>

<P><STRONG><a name="[c]"></a>NMI_Handler</STRONG> (Thumb, 2 bytes, Stack size 0 bytes, stm32f4xx_it.o(.text))
<BR>[Address Reference Count : 1]<UL><LI> startup_stm32f429xx.o(RESET)
</UL>
<P><STRONG><a name="[e]"></a>MemManage_Handler</STRONG> (Thumb, 4 bytes, Stack size 0 bytes, stm32f4xx_it.o(.text))
<BR>[Address Reference Count : 1]<UL><LI> startup_stm32f429xx.o(RESET)
</UL>
<P><STRONG><a name="[f]"></a>BusFault_Handler</STRONG> (Thumb, 4 bytes, Stack size 0 bytes, stm32f4xx_it.o(.text))
<BR>[Address Reference Count : 1]<UL><LI> startup_stm32f429xx.o(RESET)
</UL>
<P><STRONG><a name="[10]"></a>UsageFault_Handler</STRONG> (Thumb, 4 bytes, Stack size 0 bytes, stm32f4xx_it.o(.text))
<BR>[Address Reference Count : 1]<UL><LI> startup_stm32f429xx.o(RESET)
</UL>
<P><STRONG><a name="[11]"></a>SVC_Handler</STRONG> (Thumb, 2 bytes, Stack size 0 bytes, stm32f4xx_it.o(.text))
<BR>[Address Reference Count : 1]<UL><LI> startup_stm32f429xx.o(RESET)
</UL>
<P><STRONG><a name="[170]"></a>get_pin</STRONG> (Thumb, 26 bytes, Stack size 0 bytes, drv_gpio.o(.text))
<BR><BR>[Called By]<UL><LI><a href="#[aa]">&gt;&gt;</a>&nbsp;&nbsp;&nbsp;stm32_pin_irq_enable
<LI><a href="#[a9]">&gt;&gt;</a>&nbsp;&nbsp;&nbsp;stm32_pin_dettach_irq
<LI><a href="#[a8]">&gt;&gt;</a>&nbsp;&nbsp;&nbsp;stm32_pin_attach_irq
<LI><a href="#[a5]">&gt;&gt;</a>&nbsp;&nbsp;&nbsp;stm32_pin_mode
<LI><a href="#[a7]">&gt;&gt;</a>&nbsp;&nbsp;&nbsp;stm32_pin_read
<LI><a href="#[a6]">&gt;&gt;</a>&nbsp;&nbsp;&nbsp;stm32_pin_write
</UL>

<P><STRONG><a name="[a6]"></a>stm32_pin_write</STRONG> (Thumb, 40 bytes, Stack size 24 bytes, drv_gpio.o(.text))
<BR><BR>[Stack]<UL><LI>Max Depth = 24<LI>Call Chain = stm32_pin_write
</UL>
<BR>[Calls]<UL><LI><a href="#[171]">&gt;&gt;</a>&nbsp;&nbsp;&nbsp;HAL_GPIO_WritePin
<LI><a href="#[170]">&gt;&gt;</a>&nbsp;&nbsp;&nbsp;get_pin
</UL>
<BR>[Address Reference Count : 1]<UL><LI> drv_gpio.o(.constdata)
</UL>
<P><STRONG><a name="[a7]"></a>stm32_pin_read</STRONG> (Thumb, 42 bytes, Stack size 24 bytes, drv_gpio.o(.text))
<BR><BR>[Stack]<UL><LI>Max Depth = 24<LI>Call Chain = stm32_pin_read
</UL>
<BR>[Calls]<UL><LI><a href="#[172]">&gt;&gt;</a>&nbsp;&nbsp;&nbsp;HAL_GPIO_ReadPin
<LI><a href="#[170]">&gt;&gt;</a>&nbsp;&nbsp;&nbsp;get_pin
</UL>
<BR>[Address Reference Count : 1]<UL><LI> drv_gpio.o(.constdata)
</UL>
<P><STRONG><a name="[a5]"></a>stm32_pin_mode</STRONG> (Thumb, 120 bytes, Stack size 40 bytes, drv_gpio.o(.text))
<BR><BR>[Stack]<UL><LI>Max Depth = 64<LI>Call Chain = stm32_pin_mode &rArr; HAL_GPIO_Init
</UL>
<BR>[Calls]<UL><LI><a href="#[173]">&gt;&gt;</a>&nbsp;&nbsp;&nbsp;HAL_GPIO_Init
<LI><a href="#[170]">&gt;&gt;</a>&nbsp;&nbsp;&nbsp;get_pin
</UL>
<BR>[Address Reference Count : 1]<UL><LI> drv_gpio.o(.constdata)
</UL>
<P><STRONG><a name="[a8]"></a>stm32_pin_attach_irq</STRONG> (Thumb, 216 bytes, Stack size 40 bytes, drv_gpio.o(.text))
<BR><BR>[Stack]<UL><LI>Max Depth = 40<LI>Call Chain = stm32_pin_attach_irq
</UL>
<BR>[Calls]<UL><LI><a href="#[176]">&gt;&gt;</a>&nbsp;&nbsp;&nbsp;rt_hw_interrupt_enable
<LI><a href="#[175]">&gt;&gt;</a>&nbsp;&nbsp;&nbsp;rt_hw_interrupt_disable
<LI><a href="#[170]">&gt;&gt;</a>&nbsp;&nbsp;&nbsp;get_pin
<LI><a href="#[174]">&gt;&gt;</a>&nbsp;&nbsp;&nbsp;bit2bitno
</UL>
<BR>[Address Reference Count : 1]<UL><LI> drv_gpio.o(.constdata)
</UL>
<P><STRONG><a name="[a9]"></a>stm32_pin_dettach_irq</STRONG> (Thumb, 134 bytes, Stack size 24 bytes, drv_gpio.o(.text))
[...]
<BR><BR>[Stack]<UL><LI>Max Depth = 24<LI>Call Chain = decode_gesture
</UL>
<BR>[Called By]<UL><LI><a href="#[35e]">&gt;&gt;</a>&nbsp;&nbsp;&nbsp;dmp_read_fifo
</UL>

<P><STRONG><a name="[91]"></a>inv_generate_eMPL_outputs</STRONG> (Thumb, 260 bytes, Stack size 16 bytes, empl_outputs.o(.text))
<BR><BR>[Stack]<UL><LI>Max Depth = 80<LI>Call Chain = inv_generate_eMPL_outputs &rArr; inv_get_quaternion_set &rArr; inv_get_quaternion &rArr; inv_q_mult &rArr; inv_q30_mult
</UL>
<BR>[Calls]<UL><LI><a href="#[38b]">&gt;&gt;</a>&nbsp;&nbsp;&nbsp;inv_get_quaternion_set
</UL>
<BR>[Address Reference Count : 1]<UL><LI> empl_outputs.o(.text)
</UL>
<P><STRONG><a name="[92]"></a>inv_start_eMPL_outputs</STRONG> (Thumb, 16 bytes, Stack size 8 bytes, empl_outputs.o(.text))
<BR><BR>[Stack]<UL><LI>Max Depth = 488 + Unknown Stack Size
<LI>Call Chain = inv_start_eMPL_outputs &rArr; inv_register_data_cb &rArr; _MLPrintLog &rArr; vsprintf &rArr; _printf_char_common &rArr; __printf
</UL>
<BR>[Calls]<UL><LI><a href="#[38c]">&gt;&gt;</a>&nbsp;&nbsp;&nbsp;inv_register_data_cb
</UL>
<BR>[Address Reference Count : 1]<UL><LI> empl_outputs.o(.text)
</UL>
<P><STRONG><a name="[38d]"></a>inv_stop_eMPL_outputs</STRONG> (Thumb, 10 bytes, Stack size 8 bytes, empl_outputs.o(.text), UNUSED)
<BR><BR>[Calls]<UL><LI><a href="#[38e]">&gt;&gt;</a>&nbsp;&nbsp;&nbsp;inv_unregister_data_cb
</UL>
<BR>[Called By]<UL><LI><a href="#[391]">&gt;&gt;</a>&nbsp;&nbsp;&nbsp;inv_disable_eMPL_outputs
</UL>

<P><STRONG><a name="[38f]"></a>inv_init_eMPL_outputs</STRONG> (Thumb, 14 bytes, Stack size 8 bytes, empl_outputs.o(.text))
<BR><BR>[Stack]<UL><LI>Max Depth = 12<LI>Call Chain = inv_init_eMPL_outputs &rArr; __aeabi_memclr4
</UL>
<BR>[Calls]<UL><LI><a href="#[2f8]">&gt;&gt;</a>&nbsp;&nbsp;&nbsp;__aeabi_memclr4
</UL>
<BR>[Called By]<UL><LI><a href="#[34f]">&gt;&gt;</a>&nbsp;&nbsp;&nbsp;inv_enable_eMPL_outputs
</UL>

<P><STRONG><a name="[94]"></a>inv_db_load_func</STRONG> (Thumb, 70 bytes, Stack size 8 bytes, data_builder.o(.text))
<BR><BR>[Stack]<UL><LI>Max Depth = 8<LI>Call Chain = inv_db_load_func
</UL>
<BR>[Calls]<UL><LI><a href="#[2f1]">&gt;&gt;</a>&nbsp;&nbsp;&nbsp;__aeabi_memcpy
<LI><a href="#[393]">&gt;&gt;</a>&nbsp;&nbsp;&nbsp;inv_set_compass_bias_found
</UL>
<BR>[Address Reference Count : 1]<UL><LI> data_builder.o(.text)
</UL>
<P><STRONG><a name="[93]"></a>inv_db_save_func</STRONG> (Thumb, 18 bytes, Stack size 8 bytes, data_builder.o(.text))
<BR><BR>[Stack]<UL><LI>Max Depth = 8<LI>Call Chain = inv_db_save_func
</UL>
<BR>[Calls]<UL><LI><a href="#[2f1]">&gt;&gt;</a>&nbsp;&nbsp;&nbsp;__aeabi_memcpy
</UL>
<BR>[Address Reference Count : 1]<UL><LI> data_builder.o(.text)
</UL>
<P><STRONG><a name="[3a6]"></a>inv_set_contiguous</STRONG> (Thumb, 282 bytes, Stack size 0 bytes, data_builder.o(.text))
<BR><BR>[Called By]<UL><LI><a href="#[366]">&gt;&gt;</a>&nbsp;&nbsp;&nbsp;inv_execute_on_data
</UL>

<P><STRONG><a name="[3b0]"></a>inv_get_rotation</STRONG> (Thumb, 198 bytes, Stack size 56 bytes, hal_outputs.o(.text), UNUSED)
<BR><BR>[Calls]<UL><LI><a href="#[38a]">&gt;&gt;</a>&nbsp;&nbsp;&nbsp;inv_quaternion_to_rotation
</UL>
<BR>[Called By]<UL><LI><a href="#[3b1]">&gt;&gt;</a>&nbsp;&nbsp;&nbsp;google_orientation
</UL>

<P><STRONG><a name="[3b1]"></a>google_orientation</STRONG> (Thumb, 146 bytes, Stack size 56 bytes, hal_outputs.o(.text), UNUSED)
<BR><BR>[Calls]<UL><LI><a href="#[387]">&gt;&gt;</a>&nbsp;&nbsp;&nbsp;__hardfp_atan2f
<LI><a href="#[3b2]">&gt;&gt;</a>&nbsp;&nbsp;&nbsp;__hardfp_asinf
<LI><a href="#[3b0]">&gt;&gt;</a>&nbsp;&nbsp;&nbsp;inv_get_rotation
</UL>
<BR>[Called By]<UL><LI><a href="#[3b3]">&gt;&gt;</a>&nbsp;&nbsp;&nbsp;inv_get_sensor_type_orientation
</UL>

<P><STRONG><a name="[3d5]"></a>inv_row_2_scale</STRONG> (Thumb, 78 bytes, Stack size 0 bytes, ml_math_func.o(.text))
<BR><BR>[Called By]<UL><LI><a href="#[355]">&gt;&gt;</a>&nbsp;&nbsp;&nbsp;inv_orientation_matrix_to_scalar
</UL>

<P><STRONG><a name="[3c0]"></a>inv_q30_to_float</STRONG> (Thumb, 18 bytes, Stack size 0 bytes, ml_math_func.o(.text))
<BR><BR>[Called By]<UL><LI><a href="#[3be]">&gt;&gt;</a>&nbsp;&nbsp;&nbsp;inv_compass_angle
</UL>

<P><STRONG><a name="[3c5]"></a>inv_q30_to_double</STRONG> (Thumb, 40 bytes, Stack size 16 bytes, ml_math_func.o(.text), UNUSED)
<BR><BR>[Calls]<UL><LI><a href="#[14c]">&gt;&gt;</a>&nbsp;&nbsp;&nbsp;__aeabi_i2d
<LI><a href="#[14d]">&gt;&gt;</a>&nbsp;&nbsp;&nbsp;__aeabi_ddiv
</UL>
<BR>[Called By]<UL><LI><a href="#[3c4]">&gt;&gt;</a>&nbsp;&nbsp;&nbsp;inv_vector_normalize
</UL>

<P><STRONG><a name="[3d7]"></a>__print_result_location</STRONG> (Thumb, 28 bytes, Stack size 32 bytes, mpl.o(.text))
<BR><BR>[Stack]<UL><LI>Max Depth = 480 + Unknown Stack Size
<LI>Call Chain = __print_result_location &rArr; _MLPrintLog &rArr; vsprintf &rArr; _printf_char_common &rArr; __printf
</UL>
<BR>[Calls]<UL><LI><a href="#[37a]">&gt;&gt;</a>&nbsp;&nbsp;&nbsp;_MLPrintLog
</UL>
<BR>[Called By]<UL><LI><a href="#[350]">&gt;&gt;</a>&nbsp;&nbsp;&nbsp;inv_start_mpl
<LI><a href="#[348]">&gt;&gt;</a>&nbsp;&nbsp;&nbsp;inv_init_mpl
</UL>

<P><STRONG><a name="[3df]"></a>inv_q30_to_float</STRONG> (Thumb, 18 bytes, Stack size 0 bytes, results_holder.o(.text), UNUSED)
<BR><BR>[Called By]<UL><LI><a href="#[3de]">&gt;&gt;</a>&nbsp;&nbsp;&nbsp;inv_get_quaternion_float
</UL>

<P><STRONG><a name="[3f2]"></a>inv_find_entry</STRONG> (Thumb, 44 bytes, Stack size 0 bytes, storage_manager.o(.text), UNUSED)
<BR><BR>[Called By]<UL><LI><a href="#[3f0]">&gt;&gt;</a>&nbsp;&nbsp;&nbsp;inv_load_mpl_states
</UL>

<P><STRONG><a name="[3f5]"></a>inv_check_peaks</STRONG> (Thumb, 486 bytes, Stack size 72 bytes, compass_vec_cal.o(.text))
<BR><BR>[Stack]<UL><LI>Max Depth = 104<LI>Call Chain = inv_check_peaks &rArr; __aeabi_dmul
</UL>
<BR>[Calls]<UL><LI><a href="#[332]">&gt;&gt;</a>&nbsp;&nbsp;&nbsp;__aeabi_cdrcmple
<LI><a href="#[360]">&gt;&gt;</a>&nbsp;&nbsp;&nbsp;__aeabi_dmul
<LI><a href="#[334]">&gt;&gt;</a>&nbsp;&nbsp;&nbsp;__aeabi_cdcmple
<LI><a href="#[14c]">&gt;&gt;</a>&nbsp;&nbsp;&nbsp;__aeabi_i2d
<LI><a href="#[3d1]">&gt;&gt;</a>&nbsp;&nbsp;&nbsp;__aeabi_dsub
<LI><a href="#[14e]">&gt;&gt;</a>&nbsp;&nbsp;&nbsp;__aeabi_dadd
</UL>
<BR>[Called By]<UL><LI><a href="#[40d]">&gt;&gt;</a>&nbsp;&nbsp;&nbsp;inv_process_compass_only_cal
</UL>

<P><STRONG><a name="[404]"></a>inv_ignore_compass_data</STRONG> (Thumb, 252 bytes, Stack size 24 bytes, compass_vec_cal.o(.text))
<BR><BR>[Stack]<UL><LI>Max Depth = 176<LI>Call Chain = inv_ignore_compass_data &rArr; inv_add_compass_block_data &rArr; inv_get_current_calibrated_compass &rArr; inv_convert_to_body_with_scale &rArr; inv_q30_mult
</UL>
<BR>[Calls]<UL><LI><a href="#[407]">&gt;&gt;</a>&nbsp;&nbsp;&nbsp;inv_check_sample_balance
<LI><a href="#[402]">&gt;&gt;</a>&nbsp;&nbsp;&nbsp;inv_add_compass_block_data
<LI><a href="#[406]">&gt;&gt;</a>&nbsp;&nbsp;&nbsp;inv_get_compass_state
<LI><a href="#[405]">&gt;&gt;</a>&nbsp;&nbsp;&nbsp;inv_get_large_mag_field
<LI><a href="#[408]">&gt;&gt;</a>&nbsp;&nbsp;&nbsp;inv_get_gyro_sum_of_sqr
</UL>
<BR>[Called By]<UL><LI><a href="#[40d]">&gt;&gt;</a>&nbsp;&nbsp;&nbsp;inv_process_compass_only_cal
</UL>

<P><STRONG><a name="[409]"></a>inv_bias_stability</STRONG> (Thumb, 368 bytes, Stack size 120 bytes, compass_vec_cal.o(.text))
<BR><BR>[Stack]<UL><LI>Max Depth = 152<LI>Call Chain = inv_bias_stability &rArr; __aeabi_cdcmple
</UL>
<BR>[Calls]<UL><LI><a href="#[332]">&gt;&gt;</a>&nbsp;&nbsp;&nbsp;__aeabi_cdrcmple
<LI><a href="#[334]">&gt;&gt;</a>&nbsp;&nbsp;&nbsp;__aeabi_cdcmple
<LI><a href="#[3d1]">&gt;&gt;</a>&nbsp;&nbsp;&nbsp;__aeabi_dsub
<LI><a href="#[308]">&gt;&gt;</a>&nbsp;&nbsp;&nbsp;__aeabi_memcpy4
</UL>
<BR>[Called By]<UL><LI><a href="#[40d]">&gt;&gt;</a>&nbsp;&nbsp;&nbsp;inv_process_compass_only_cal
</UL>

<P><STRONG><a name="[40e]"></a>inv_set_peaks</STRONG> (Thumb, 86 bytes, Stack size 12 bytes, compass_vec_cal.o(.text))
<BR><BR>[Stack]<UL><LI>Max Depth = 12<LI>Call Chain = inv_set_peaks
</UL>
<BR>[Called By]<UL><LI><a href="#[40d]">&gt;&gt;</a>&nbsp;&nbsp;&nbsp;inv_process_compass_only_cal
</UL>

<P><STRONG><a name="[413]"></a>inv_init_sensitivity_const</STRONG> (Thumb, 94 bytes, Stack size 16 bytes, compass_vec_cal.o(.text))
<BR><BR>[Stack]<UL><LI>Max Depth = 24<LI>Call Chain = inv_init_sensitivity_const &rArr; __aeabi_ldivmod
</UL>
<BR>[Calls]<UL><LI><a href="#[14c]">&gt;&gt;</a>&nbsp;&nbsp;&nbsp;__aeabi_i2d
<LI><a href="#[32e]">&gt;&gt;</a>&nbsp;&nbsp;&nbsp;__aeabi_ldivmod
</UL>
<BR>[Called By]<UL><LI><a href="#[412]">&gt;&gt;</a>&nbsp;&nbsp;&nbsp;inv_generate_vector_compass_cal
</UL>

<P><STRONG><a name="[422]"></a>inv_reset_packet</STRONG> (Thumb, 30 bytes, Stack size 8 bytes, fast_no_motion.o(.text))
<BR><BR>[Stack]<UL><LI>Max Depth = 16<LI>Call Chain = inv_reset_packet &rArr; inv_init_maxmin
</UL>
<BR>[Calls]<UL><LI><a href="#[2f8]">&gt;&gt;</a>&nbsp;&nbsp;&nbsp;__aeabi_memclr4
<LI><a href="#[41f]">&gt;&gt;</a>&nbsp;&nbsp;&nbsp;inv_init_maxmin
</UL>
<BR>[Called By]<UL><LI><a href="#[428]">&gt;&gt;</a>&nbsp;&nbsp;&nbsp;inv_generate_fast_nomot
<LI><a href="#[421]">&gt;&gt;</a>&nbsp;&nbsp;&nbsp;inv_detect_motion_by_gyro_accel
</UL>

<P><STRONG><a name="[434]"></a>inv_find_synchronized_compass_angle</STRONG> (Thumb, 172 bytes, Stack size 48 bytes, fusion_9axis.o(.text))
<BR><BR>[Stack]<UL><LI>Max Depth = 192<LI>Call Chain = inv_find_synchronized_compass_angle &rArr; inv_compass_angle &rArr; inv_q_mult &rArr; inv_q30_mult
</UL>
<BR>[Calls]<UL><LI><a href="#[3ef]">&gt;&gt;</a>&nbsp;&nbsp;&nbsp;__aeabi_memmove4
<LI><a href="#[3be]">&gt;&gt;</a>&nbsp;&nbsp;&nbsp;inv_compass_angle
<LI><a href="#[3bd]">&gt;&gt;</a>&nbsp;&nbsp;&nbsp;inv_q_mult
</UL>
<BR>[Called By]<UL><LI><a href="#[436]">&gt;&gt;</a>&nbsp;&nbsp;&nbsp;inv_perform_9x_fusion
</UL>

<P><STRONG><a name="[97]"></a>inv_gtc_load</STRONG> (Thumb, 38 bytes, Stack size 24 bytes, gyro_tc.o(.text))
<BR><BR>[Stack]<UL><LI>Max Depth = 24<LI>Call Chain = inv_gtc_load
</UL>
<BR>[Calls]<UL><LI><a href="#[2f1]">&gt;&gt;</a>&nbsp;&nbsp;&nbsp;__aeabi_memcpy
</UL>
<BR>[Address Reference Count : 1]<UL><LI> gyro_tc.o(.text)
</UL>
<P><STRONG><a name="[96]"></a>inv_gtc_store</STRONG> (Thumb, 32 bytes, Stack size 24 bytes, gyro_tc.o(.text))
<BR><BR>[Stack]<UL><LI>Max Depth = 24<LI>Call Chain = inv_gtc_store
</UL>
<BR>[Calls]<UL><LI><a href="#[2f1]">&gt;&gt;</a>&nbsp;&nbsp;&nbsp;__aeabi_memcpy
</UL>
<BR>[Address Reference Count : 1]<UL><LI> gyro_tc.o(.text)
</UL>
<P><STRONG><a name="[441]"></a>inv_gtc_compute_slope</STRONG> (Thumb, 478 bytes, Stack size 104 bytes, gyro_tc.o(.text))
<BR><BR>[Stack]<UL><LI>Max Depth = 112<LI>Call Chain = inv_gtc_compute_slope &rArr; __aeabi_ldivmod
</UL>
<BR>[Calls]<UL><LI><a href="#[2f8]">&gt;&gt;</a>&nbsp;&nbsp;&nbsp;__aeabi_memclr4
<LI><a href="#[32e]">&gt;&gt;</a>&nbsp;&nbsp;&nbsp;__aeabi_ldivmod
</UL>
<BR>[Called By]<UL><LI><a href="#[95]">&gt;&gt;</a>&nbsp;&nbsp;&nbsp;inv_gtc_data_cb
</UL>

<P><STRONG><a name="[442]"></a>inv_gtc_add_data</STRONG> (Thumb, 204 bytes, Stack size 24 bytes, gyro_tc.o(.text))
<BR><BR>[Stack]<UL><LI>Max Depth = 32<LI>Call Chain = inv_gtc_add_data &rArr; __aeabi_memmove4
</UL>
<BR>[Calls]<UL><LI><a href="#[3ef]">&gt;&gt;</a>&nbsp;&nbsp;&nbsp;__aeabi_memmove4
</UL>
<BR>[Called By]<UL><LI><a href="#[95]">&gt;&gt;</a>&nbsp;&nbsp;&nbsp;inv_gtc_data_cb
</UL>

<P><STRONG><a name="[95]"></a>inv_gtc_data_cb</STRONG> (Thumb, 144 bytes, Stack size 32 bytes, gyro_tc.o(.text))
<BR><BR>[Stack]<UL><LI>Max Depth = 144<LI>Call Chain = inv_gtc_data_cb &rArr; inv_gtc_compute_slope &rArr; __aeabi_ldivmod
</UL>
<BR>[Calls]<UL><LI><a href="#[442]">&gt;&gt;</a>&nbsp;&nbsp;&nbsp;inv_gtc_add_data
<LI><a href="#[441]">&gt;&gt;</a>&nbsp;&nbsp;&nbsp;inv_gtc_compute_slope
<LI><a href="#[444]">&gt;&gt;</a>&nbsp;&nbsp;&nbsp;inv_get_motion_state
<LI><a href="#[443]">&gt;&gt;</a>&nbsp;&nbsp;&nbsp;inv_get_gyro_bias
<LI><a href="#[445]">&gt;&gt;</a>&nbsp;&nbsp;&nbsp;inv_get_gyro_bias_tc_set
<LI><a href="#[3a2]">&gt;&gt;</a>&nbsp;&nbsp;&nbsp;inv_set_gyro_bias
</UL>
<BR>[Address Reference Count : 1]<UL><LI> gyro_tc.o(.text)
</UL>
<P><STRONG><a name="[45b]"></a>accel_fusion</STRONG> (Thumb, 458 bytes, Stack size 128 bytes, quaternion_supervisor.o(.text))
<BR><BR>[Stack]<UL><LI>Max Depth = 168<LI>Call Chain = accel_fusion &rArr; inv_q_norm4 &rArr; __hardfp_sqrtf &rArr; __set_errno
</UL>
<BR>[Calls]<UL><LI><a href="#[388]">&gt;&gt;</a>&nbsp;&nbsp;&nbsp;__hardfp_sqrtf
<LI><a href="#[45c]">&gt;&gt;</a>&nbsp;&nbsp;&nbsp;inv_q_invertf
<LI><a href="#[3cc]">&gt;&gt;</a>&nbsp;&nbsp;&nbsp;inv_q_norm4
<LI><a href="#[45d]">&gt;&gt;</a>&nbsp;&nbsp;&nbsp;inv_q_addf
<LI><a href="#[438]">&gt;&gt;</a>&nbsp;&nbsp;&nbsp;inv_q_multf
</UL>
<BR>[Called By]<UL><LI><a href="#[464]">&gt;&gt;</a>&nbsp;&nbsp;&nbsp;inv_generate_accel_gyro_quaternion
</UL>

<P><STRONG><a name="[45e]"></a>inv_compute_quat_from_accel</STRONG> (Thumb, 300 bytes, Stack size 48 bytes, quaternion_supervisor.o(.text))
<BR><BR>[Stack]<UL><LI>Max Depth = 72<LI>Call Chain = inv_compute_quat_from_accel &rArr; __hardfp_sqrtf &rArr; __set_errno
</UL>
<BR>[Calls]<UL><LI><a href="#[388]">&gt;&gt;</a>&nbsp;&nbsp;&nbsp;__hardfp_sqrtf
</UL>
<BR>[Called By]<UL><LI><a href="#[464]">&gt;&gt;</a>&nbsp;&nbsp;&nbsp;inv_generate_accel_gyro_quaternion
</UL>

<P><STRONG><a name="[45f]"></a>inv_normalize_quat</STRONG> (Thumb, 194 bytes, Stack size 16 bytes, quaternion_supervisor.o(.text))
<BR><BR>[Stack]<UL><LI>Max Depth = 40<LI>Call Chain = inv_normalize_quat &rArr; __hardfp_sqrtf &rArr; __set_errno
</UL>
<BR>[Calls]<UL><LI><a href="#[388]">&gt;&gt;</a>&nbsp;&nbsp;&nbsp;__hardfp_sqrtf
</UL>
<BR>[Called By]<UL><LI><a href="#[464]">&gt;&gt;</a>&nbsp;&nbsp;&nbsp;inv_generate_accel_gyro_quaternion
<LI><a href="#[460]">&gt;&gt;</a>&nbsp;&nbsp;&nbsp;inv_generate_gyro_quaternion
<LI><a href="#[462]">&gt;&gt;</a>&nbsp;&nbsp;&nbsp;inv_process_dmp_quaternion
</UL>

<P><STRONG><a name="[462]"></a>inv_process_dmp_quaternion</STRONG> (Thumb, 438 bytes, Stack size 88 bytes, quaternion_supervisor.o(.text))
<BR><BR>[Stack]<UL><LI>Max Depth = 128<LI>Call Chain = inv_process_dmp_quaternion &rArr; inv_normalize_quat &rArr; __hardfp_sqrtf &rArr; __set_errno
</UL>
<BR>[Calls]<UL><LI><a href="#[388]">&gt;&gt;</a>&nbsp;&nbsp;&nbsp;__hardfp_sqrtf
<LI><a href="#[437]">&gt;&gt;</a>&nbsp;&nbsp;&nbsp;__hardfp_sinf
<LI><a href="#[3f8]">&gt;&gt;</a>&nbsp;&nbsp;&nbsp;__hardfp_cosf
<LI><a href="#[2f0]">&gt;&gt;</a>&nbsp;&nbsp;&nbsp;memcmp
<LI><a href="#[45f]">&gt;&gt;</a>&nbsp;&nbsp;&nbsp;inv_normalize_quat
<LI><a href="#[3bf]">&gt;&gt;</a>&nbsp;&nbsp;&nbsp;inv_q_invert
<LI><a href="#[3bd]">&gt;&gt;</a>&nbsp;&nbsp;&nbsp;inv_q_mult
<LI><a href="#[39c]">&gt;&gt;</a>&nbsp;&nbsp;&nbsp;inv_convert_to_body_with_scale
<LI><a href="#[443]">&gt;&gt;</a>&nbsp;&nbsp;&nbsp;inv_get_gyro_bias
</UL>
<BR>[Called By]<UL><LI><a href="#[464]">&gt;&gt;</a>&nbsp;&nbsp;&nbsp;inv_generate_accel_gyro_quaternion
</UL>

<P><STRONG><a name="[98]"></a>inv_generate_quaternion</STRONG> (Thumb, 68 bytes, Stack size 16 bytes, quaternion_supervisor.o(.text))
<BR><BR>[Stack]<UL><LI>Max Depth = 288<LI>Call Chain = inv_generate_quaternion &rArr; inv_generate_accel_gyro_quaternion &rArr; accel_fusion &rArr; inv_q_norm4 &rArr; __hardfp_sqrtf &rArr; __set_errno
</UL>
<BR>[Calls]<UL><LI><a href="#[464]">&gt;&gt;</a>&nbsp;&nbsp;&nbsp;inv_generate_accel_gyro_quaternion
<LI><a href="#[465]">&gt;&gt;</a>&nbsp;&nbsp;&nbsp;inv_store_gaming_quaternion
</UL>
<BR>[Address Reference Count : 1]<UL><LI> quaternion_supervisor.o(.text)
</UL>
<P><STRONG><a name="[46b]"></a>inv_check_push</STRONG> (Thumb, 352 bytes, Stack size 72 bytes, accel_auto_cal.o(.text))
<BR><BR>[Stack]<UL><LI>Max Depth = 152<LI>Call Chain = inv_check_push &rArr; inv_set_accel_bias_mask &rArr; inv_apply_calibration &rArr; inv_convert_to_body_with_scale &rArr; inv_q30_mult
</UL>
<BR>[Calls]<UL><LI><a href="#[3ef]">&gt;&gt;</a>&nbsp;&nbsp;&nbsp;__aeabi_memmove4
<LI><a href="#[46a]">&gt;&gt;</a>&nbsp;&nbsp;&nbsp;inv_get_current_calibrated_accel
<LI><a href="#[3ea]">&gt;&gt;</a>&nbsp;&nbsp;&nbsp;inv_get_linear_accel
<LI><a href="#[46c]">&gt;&gt;</a>&nbsp;&nbsp;&nbsp;inv_set_accel_bias_found
<LI><a href="#[3a9]">&gt;&gt;</a>&nbsp;&nbsp;&nbsp;inv_get_gravity
<LI><a href="#[3a1]">&gt;&gt;</a>&nbsp;&nbsp;&nbsp;inv_set_accel_bias_mask
<LI><a href="#[3a0]">&gt;&gt;</a>&nbsp;&nbsp;&nbsp;inv_set_accel_accuracy
</UL>
<BR>[Called By]<UL><LI><a href="#[475]">&gt;&gt;</a>&nbsp;&nbsp;&nbsp;inv_auto_calibrate
</UL>

<P><STRONG><a name="[46d]"></a>inv_check_coverage_set_bias</STRONG> (Thumb, 318 bytes, Stack size 40 bytes, accel_auto_cal.o(.text))
<BR><BR>[Stack]<UL><LI>Max Depth = 72<LI>Call Chain = inv_check_coverage_set_bias &rArr; __aeabi_cdcmple
</UL>
<BR>[Calls]<UL><LI><a href="#[331]">&gt;&gt;</a>&nbsp;&nbsp;&nbsp;__hardfp_fabs
<LI><a href="#[334]">&gt;&gt;</a>&nbsp;&nbsp;&nbsp;__aeabi_cdcmple
<LI><a href="#[3c7]">&gt;&gt;</a>&nbsp;&nbsp;&nbsp;__aeabi_d2iz
<LI><a href="#[3d1]">&gt;&gt;</a>&nbsp;&nbsp;&nbsp;__aeabi_dsub
</UL>
<BR>[Called By]<UL><LI><a href="#[475]">&gt;&gt;</a>&nbsp;&nbsp;&nbsp;inv_auto_calibrate
</UL>

<P><STRONG><a name="[46e]"></a>inv_combine_data_calculate_bias</STRONG> (Thumb, 268 bytes, Stack size 24 bytes, accel_auto_cal.o(.text))
<BR><BR>[Stack]<UL><LI>Max Depth = 272<LI>Call Chain = inv_combine_data_calculate_bias &rArr; inv_compute_bias &rArr; __hardfp_sqrt &rArr; _dsqrt &rArr; __fpl_dnaninf
</UL>
<BR>[Calls]<UL><LI><a href="#[330]">&gt;&gt;</a>&nbsp;&nbsp;&nbsp;__aeabi_f2d
<LI><a href="#[332]">&gt;&gt;</a>&nbsp;&nbsp;&nbsp;__aeabi_cdrcmple
<LI><a href="#[3c7]">&gt;&gt;</a>&nbsp;&nbsp;&nbsp;__aeabi_d2iz
<LI><a href="#[3fc]">&gt;&gt;</a>&nbsp;&nbsp;&nbsp;inv_compute_bias
<LI><a href="#[3fa]">&gt;&gt;</a>&nbsp;&nbsp;&nbsp;inv_combine_compass_data
<LI><a href="#[39a]">&gt;&gt;</a>&nbsp;&nbsp;&nbsp;inv_q30_mult
</UL>
<BR>[Called By]<UL><LI><a href="#[475]">&gt;&gt;</a>&nbsp;&nbsp;&nbsp;inv_auto_calibrate
</UL>

<P><STRONG><a name="[473]"></a>set_sample_rate</STRONG> (Thumb, 82 bytes, Stack size 8 bytes, accel_auto_cal.o(.text))
<BR><BR>[Stack]<UL><LI>Max Depth = 192<LI>Call Chain = set_sample_rate &rArr; __hardfp_cos &rArr; __ieee754_rem_pio2 &rArr; __aeabi_dmul
</UL>
<BR>[Calls]<UL><LI><a href="#[474]">&gt;&gt;</a>&nbsp;&nbsp;&nbsp;__hardfp_cos
<LI><a href="#[330]">&gt;&gt;</a>&nbsp;&nbsp;&nbsp;__aeabi_f2d
<LI><a href="#[360]">&gt;&gt;</a>&nbsp;&nbsp;&nbsp;__aeabi_dmul
<LI><a href="#[3c7]">&gt;&gt;</a>&nbsp;&nbsp;&nbsp;__aeabi_d2iz
</UL>
<BR>[Called By]<UL><LI><a href="#[475]">&gt;&gt;</a>&nbsp;&nbsp;&nbsp;inv_auto_calibrate
</UL>

<P><STRONG><a name="[4e5]"></a>_dadd1</STRONG> (Thumb, 0 bytes, Stack size unknown bytes, daddsub_clz.o(x$fpl$dadd), UNUSED)
<BR><BR>[Called By]<UL><LI><a href="#[4e6]">&gt;&gt;</a>&nbsp;&nbsp;&nbsp;_dsub
<LI><a href="#[4e4]">&gt;&gt;</a>&nbsp;&nbsp;&nbsp;_drsb
</UL>

<P><STRONG><a name="[4da]"></a>_dsub1</STRONG> (Thumb, 0 bytes, Stack size unknown bytes, daddsub_clz.o(x$fpl$dsub), UNUSED)
<BR><BR>[Called By]<UL><LI><a href="#[4e4]">&gt;&gt;</a>&nbsp;&nbsp;&nbsp;_drsb
<LI><a href="#[4d9]">&gt;&gt;</a>&nbsp;&nbsp;&nbsp;_dadd
</UL>

<P><STRONG><a name="[9a]"></a>_printf_input_char</STRONG> (Thumb, 10 bytes, Stack size 0 bytes, _printf_char_common.o(.text))
<BR>[Address Reference Count : 1]<UL><LI> _printf_char_common.o(.text)
</UL>
<P><STRONG><a name="[4a2]"></a>_fp_digits</STRONG> (Thumb, 432 bytes, Stack size 96 bytes, _printf_fp_dec.o(.text))
<BR><BR>[Stack]<UL><LI>Max Depth = 220<LI>Call Chain = _fp_digits &rArr; _btod_etento &rArr; _btod_emul &rArr; _e2e
</UL>
<BR>[Calls]<UL><LI><a href="#[4a6]">&gt;&gt;</a>&nbsp;&nbsp;&nbsp;_btod_emul
<LI><a href="#[4a5]">&gt;&gt;</a>&nbsp;&nbsp;&nbsp;_btod_ediv
<LI><a href="#[4a4]">&gt;&gt;</a>&nbsp;&nbsp;&nbsp;_btod_d2e
<LI><a href="#[4a3]">&gt;&gt;</a>&nbsp;&nbsp;&nbsp;_btod_etento
<LI><a href="#[496]">&gt;&gt;</a>&nbsp;&nbsp;&nbsp;_ll_udiv10
</UL>
<BR>[Called By]<UL><LI><a href="#[4a7]">&gt;&gt;</a>&nbsp;&nbsp;&nbsp;_printf_fp_dec_real
</UL>
<P>
<H3>
Undefined Global Symbols
</H3><HR></body></html>
