Component: ARM Compiler 5.06 update 6 (build 750) Tool: armlink [4d35ed]

==============================================================================

Section Cross References

    app_eaix4.o(.text) refers to device.o(.text) for rt_device_read
    app_eaix4.o(.text) refers to ipc.o(.text) for rt_mq_send
    app_eaix4.o(.text) refers to kservice.o(.text) for rt_kprintf
    app_eaix4.o(.text) refers to eai_x4.o(.text) for EAI_X4_GetDate
    app_eaix4.o(.text) refers to thread.o(.text) for rt_thread_create
    app_eaix4.o(.text) refers to app_eaix4.o(.data) for eaix4_device
    app_eaix4.o(.text) refers to app_eaix4.o(.bss) for Eaix4Mq
    app_eaix4.o(FSymTab) refers to app_eaix4.o(.rodata.name) for __fsym___cmd_eaix4command_name
    app_eaix4.o(FSymTab) refers to app_eaix4.o(.text) for eaix4command
    app_move.o(.text) refers to pin.o(.text) for rt_pin_write
    app_move.o(.text) refers to kservice.o(.text) for rt_kprintf
    app_move.o(FSymTab) refers to app_move.o(.rodata.name) for __fsym___cmd_carMove_name
    app_move.o(FSymTab) refers to app_move.o(.text) for carMove
    app_wirelessuart.o(.text) refers to ipc.o(.text) for rt_event_send
    app_wirelessuart.o(.text) refers to device.o(.text) for rt_device_read
    app_wirelessuart.o(.text) refers to kservice.o(.text) for rt_kprintf
    app_wirelessuart.o(.text) refers to clock.o(.text) for rt_tick_from_millisecond
    app_wirelessuart.o(.text) refers to thread.o(.text) for rt_thread_delay
    app_wirelessuart.o(.text) refers to app_wirelessuart.o(.bss) for wirelessevent
    app_wirelessuart.o(.text) refers to app_wirelessuart.o(.data) for wireless_device
    app_beep.o(.text) refers to pin.o(.text) for rt_pin_write
    app_beep.o(.rti_fn.6) refers to app_beep.o(.text) for beep_init
    app_mpu9250.o(.text) refers to h1_alloc.o(.text) for malloc
    app_mpu9250.o(.text) refers to i2c_core.o(.text) for rt_i2c_master_send
    app_mpu9250.o(.text) refers to h1_free.o(.text) for free
    app_mpu9250.o(.text) refers to dflt_clz.o(x$fpl$dflt) for __aeabi_i2d
    app_mpu9250.o(.text) refers to ddiv.o(x$fpl$ddiv) for __aeabi_ddiv
    app_mpu9250.o(.text) refers to daddsub_clz.o(x$fpl$dadd) for __aeabi_dadd
    app_mpu9250.o(.text) refers to d2f.o(x$fpl$d2f) for __aeabi_d2f
    app_mpu9250.o(.text) refers to app_mpu9250.o(.data) for mpu9250_i2c_bus
    app_mpu9250.o(.text) refers to app_wirelessuart.o(.text) for wireless_putchar
    app_mpu9250.o(.text) refers to inv_mpu.o(.text) for mpu_mpl_get_data
    app_mpu9250.o(.text) refers to clock.o(.text) for rt_tick_from_millisecond
    app_mpu9250.o(.text) refers to thread.o(.text) for rt_thread_delay
    app_mpu9250.o(.text) refers to device.o(.text) for rt_device_find
    app_mpu9250.o(.text) refers to kservice.o(.text) for rt_kprintf
    master_thread.o(.text) refers to ipc.o(.text) for rt_event_recv
    master_thread.o(.text) refers to app_beep.o(.text) for beep
    master_thread.o(.text) refers to clock.o(.text) for rt_tick_from_millisecond
    master_thread.o(.text) refers to thread.o(.text) for rt_thread_delay
    master_thread.o(.text) refers to kservice.o(.text) for rt_kprintf
    master_thread.o(.text) refers to app_eaix4.o(.text) for eaix4_init
    master_thread.o(.text) refers to app_wirelessuart.o(.text) for wireless_init
    master_thread.o(.text) refers to app_mpu9250.o(.text) for mpu9250_init
    master_thread.o(.text) refers to master_thread.o(.bss) for ControlEvent
    master_thread.o(.rti_fn.6) refers to master_thread.o(.text) for master_init
    board.o(.text) refers to stm32f4xx_hal_rcc.o(.text) for HAL_RCC_OscConfig
    board.o(.text) refers to stm32f4xx_hal_pwr_ex.o(.text) for HAL_PWREx_EnableOverDrive
    board.o(.text) refers to irq.o(.text) for rt_interrupt_enter
    board.o(.text) refers to stm32f4xx_hal.o(.text) for HAL_IncTick
    board.o(.text) refers to clock.o(.text) for rt_tick_increase
    board.o(.text) refers to stm32f4xx_hal_cortex.o(.text) for HAL_SYSTICK_Config
    board.o(.text) refers to thread.o(.text) for rt_thread_delay
    board.o(.text) refers to mem.o(.text) for rt_system_heap_init
    board.o(.text) refers to components.o(.text) for rt_components_board_init
    board.o(.text) refers to kservice.o(.text) for rt_console_set_device
    drv_gpio.o(.text) refers to stm32f4xx_hal_gpio.o(.text) for HAL_GPIO_WritePin
    drv_gpio.o(.text) refers to context_rvds.o(.text) for rt_hw_interrupt_disable
    drv_gpio.o(.text) refers to drv_gpio.o(.constdata) for pins
    drv_gpio.o(.text) refers to drv_gpio.o(.data) for pin_irq_hdr_tab
    drv_gpio.o(.text) refers to stm32f4xx_hal_cortex.o(.text) for HAL_NVIC_SetPriority
    drv_gpio.o(.text) refers to pin.o(.text) for rt_device_pin_register
    drv_gpio.o(.text) refers to irq.o(.text) for rt_interrupt_enter
    drv_gpio.o(.constdata) refers to drv_gpio.o(.text) for GPIOE_CLK_ENABLE
    drv_gpio.o(.rti_fn.1) refers to drv_gpio.o(.text) for rt_hw_pin_init
[...]
    __lib_sel_fp_printf                      0x0801cfd1   Thumb Code     2  _printf_fp_dec.o(.text)
    _printf_fp_dec_real                      0x0801d183   Thumb Code   620  _printf_fp_dec.o(.text)
    _printf_fp_hex_real                      0x0801d3f1   Thumb Code   756  _printf_fp_hex.o(.text)
    _printf_cs_common                        0x0801d6ed   Thumb Code    20  _printf_char.o(.text)
    _printf_char                             0x0801d701   Thumb Code    16  _printf_char.o(.text)
    _printf_string                           0x0801d711   Thumb Code     8  _printf_char.o(.text)
    _printf_lcs_common                       0x0801d719   Thumb Code    20  _printf_wchar.o(.text)
    _printf_wchar                            0x0801d72d   Thumb Code    16  _printf_wchar.o(.text)
    _printf_wstring                          0x0801d73d   Thumb Code     8  _printf_wchar.o(.text)
    _seterr                                  0x0801d745   Thumb Code    20  stdio.o(.text)
    _writebuf                                0x0801d759   Thumb Code    84  stdio.o(.text)
    _fflush                                  0x0801d7ad   Thumb Code    70  stdio.o(.text)
    _deferredlazyseek                        0x0801d7f3   Thumb Code    60  stdio.o(.text)
    _wcrtomb                                 0x0801d835   Thumb Code    64  _wcrtomb.o(.text)
    __rt_SIGRTMEM                            0x0801d875   Thumb Code    14  defsig_rtmem_outer.o(.text)
    __I$use$semihosting                      0x0801d883   Thumb Code     0  use_no_semi.o(.text)
    __use_no_semihosting_swi                 0x0801d883   Thumb Code     2  use_no_semi.o(.text)
    __semihosting_library_function           0x0801d885   Thumb Code     0  indicate_semi.o(.text)
    __user_setup_stackheap                   0x0801d885   Thumb Code    74  sys_stackheap_outer.o(.text)
    __rt_ctype_table                         0x0801d8d1   Thumb Code    16  rt_ctype_table.o(.text)
    __rt_locale                              0x0801d8e1   Thumb Code     8  rt_locale_intlibspace.o(.text)
    _printf_fp_infnan                        0x0801d8e9   Thumb Code   112  _printf_fp_infnan.o(.text)
    _btod_etento                             0x0801d969   Thumb Code   224  bigflt0.o(.text)
    exit                                     0x0801da4d   Thumb Code    18  exit.o(.text)
    __sig_exit                               0x0801da5f   Thumb Code    10  defsig_exit.o(.text)
    __rt_SIGRTMEM_inner                      0x0801da69   Thumb Code    22  defsig_rtmem_inner.o(.text)
    _sys_exit                                0x0801dab9   Thumb Code     8  sys_exit.o(.text)
    __default_signal_display                 0x0801dac5   Thumb Code    50  defsig_general.o(.text)
    strcmp                                   0x0801daf9   Thumb Code   128  strcmpv7m.o(.text)
    _ttywrch                                 0x0801db79   Thumb Code    14  sys_wrch.o(.text)
    _btod_d2e                                0x0801db87   Thumb Code    62  btod.o(CL$$btod_d2e)
    _d2e_denorm_low                          0x0801dbc5   Thumb Code    70  btod.o(CL$$btod_d2e_denorm_low)
    _d2e_norm_op1                            0x0801dc0b   Thumb Code    96  btod.o(CL$$btod_d2e_norm_op1)
    __btod_div_common                        0x0801dc6b   Thumb Code   696  btod.o(CL$$btod_div_common)
    _e2e                                     0x0801dfa3   Thumb Code   220  btod.o(CL$$btod_e2e)
    _btod_ediv                               0x0801e07f   Thumb Code    42  btod.o(CL$$btod_ediv)
    _btod_emul                               0x0801e0a9   Thumb Code    42  btod.o(CL$$btod_emul)
    __btod_mult_common                       0x0801e0d3   Thumb Code   580  btod.o(CL$$btod_mult_common)
    __ARM_fpclassify                         0x0801e317   Thumb Code    48  fpclassify.o(i.__ARM_fpclassify)
    __ARM_fpclassifyf                        0x0801e347   Thumb Code    38  fpclassifyf.o(i.__ARM_fpclassifyf)
    __hardfp_acos                            0x0801e371   Thumb Code   738  acos.o(i.__hardfp_acos)
    __hardfp_acosf                           0x0801e6c9   Thumb Code   234  acosf.o(i.__hardfp_acosf)
    __hardfp_asin                            0x0801e7e1   Thumb Code   770  asin.o(i.__hardfp_asin)
    __hardfp_asinf                           0x0801eb41   Thumb Code   258  asinf.o(i.__hardfp_asinf)
    __hardfp_atan                            0x0801ec71   Thumb Code   622  atan.o(i.__hardfp_atan)
    __hardfp_atan2                           0x0801ef49   Thumb Code   432  atan2.o(i.__hardfp_atan2)
    __hardfp_atan2f                          0x0801f139   Thumb Code   502  atan2f.o(i.__hardfp_atan2f)
    __hardfp_cos                             0x0801f389   Thumb Code   180  cos.o(i.__hardfp_cos)
    __hardfp_cosf                            0x0801f451   Thumb Code   280  cosf.o(i.__hardfp_cosf)
    __hardfp_fabs                            0x0801f5a1   Thumb Code    20  fabs.o(i.__hardfp_fabs)
    __hardfp_log                             0x0801f5b9   Thumb Code   872  log.o(i.__hardfp_log)
    __hardfp_sinf                            0x0801f97d   Thumb Code   344  sinf.o(i.__hardfp_sinf)
    __hardfp_sqrt                            0x0801fb0d   Thumb Code   122  sqrt.o(i.__hardfp_sqrt)
    __hardfp_sqrtf                           0x0801fb87   Thumb Code    58  sqrtf.o(i.__hardfp_sqrtf)
    __ieee754_rem_pio2                       0x0801fbc1   Thumb Code   938  rred.o(i.__ieee754_rem_pio2)
    __kernel_cos                             0x0801fff9   Thumb Code   322  cos_i.o(i.__kernel_cos)
    __kernel_poly                            0x08020169   Thumb Code   248  poly.o(i.__kernel_poly)
    __kernel_sin                             0x08020261   Thumb Code   280  sin_i.o(i.__kernel_sin)
    __mathlib_dbl_divzero                    0x08020391   Thumb Code    28  dunder.o(i.__mathlib_dbl_divzero)
    __mathlib_dbl_infnan                     0x080203c1   Thumb Code    20  dunder.o(i.__mathlib_dbl_infnan)
    __mathlib_dbl_infnan2                    0x080203d5   Thumb Code    20  dunder.o(i.__mathlib_dbl_infnan2)
    __mathlib_dbl_invalid                    0x080203e9   Thumb Code    24  dunder.o(i.__mathlib_dbl_invalid)
    __mathlib_dbl_underflow                  0x08020409   Thumb Code    24  dunder.o(i.__mathlib_dbl_underflow)
    __mathlib_flt_infnan                     0x08020429   Thumb Code     6  funder.o(i.__mathlib_flt_infnan)
    __mathlib_flt_infnan2                    0x0802042f   Thumb Code     6  funder.o(i.__mathlib_flt_infnan2)
    __mathlib_flt_invalid                    0x08020435   Thumb Code    10  funder.o(i.__mathlib_flt_invalid)
    __mathlib_flt_underflow                  0x08020445   Thumb Code    10  funder.o(i.__mathlib_flt_underflow)
    __mathlib_rredf2                         0x08020455   Thumb Code   316  rredf.o(i.__mathlib_rredf2)
    _is_digit                                0x080205a9   Thumb Code    14  __printf_wp.o(i._is_digit)
    atan                                     0x080205b7   Thumb Code    16  atan.o(i.atan)
    fabs                                     0x080205c7   Thumb Code    24  fabs.o(i.fabs)
    fputc                                    0x080205df   Thumb Code    26  fputc.o(i.fputc)
    sqrt                                     0x080205f9   Thumb Code   110  sqrt.o(i.sqrt)
    sqrtf                                    0x08020667   Thumb Code    62  sqrtf.o(i.sqrtf)
    _get_lc_numeric                          0x080206a5   Thumb Code    44  lc_numeric_c.o(locale$$code)
    _get_lc_ctype                            0x080206d1   Thumb Code    44  lc_ctype_c.o(locale$$code)
    __aeabi_dneg                             0x080206fd   Thumb Code     0  basic.o(x$fpl$basic)
    _dneg                                    0x080206fd   Thumb Code     6  basic.o(x$fpl$basic)
    __aeabi_fneg                             0x08020703   Thumb Code     0  basic.o(x$fpl$basic)
    _fneg                                    0x08020703   Thumb Code     6  basic.o(x$fpl$basic)
    _dabs                                    0x08020709   Thumb Code     6  basic.o(x$fpl$basic)
    _fabs                                    0x0802070f   Thumb Code     6  basic.o(x$fpl$basic)
    __aeabi_d2f                              0x08020715   Thumb Code     0  d2f.o(x$fpl$d2f)
    _d2f                                     0x08020715   Thumb Code    98  d2f.o(x$fpl$d2f)
    __aeabi_dadd                             0x08020779   Thumb Code     0  daddsub_clz.o(x$fpl$dadd)
    _dadd                                    0x08020779   Thumb Code   332  daddsub_clz.o(x$fpl$dadd)
    __fpl_dcmp_Inf                           0x080208c9   Thumb Code    24  dcmpi.o(x$fpl$dcmpinf)
    __aeabi_ddiv                             0x080208e1   Thumb Code     0  ddiv.o(x$fpl$ddiv)
    _ddiv                                    0x080208e1   Thumb Code   552  ddiv.o(x$fpl$ddiv)
    __aeabi_cdcmpeq                          0x08020b91   Thumb Code     0  deqf.o(x$fpl$deqf)
    _dcmpeq                                  0x08020b91   Thumb Code   120  deqf.o(x$fpl$deqf)
    __aeabi_d2iz                             0x08020c09   Thumb Code     0  dfix.o(x$fpl$dfix)
    _dfix                                    0x08020c09   Thumb Code    94  dfix.o(x$fpl$dfix)
    __aeabi_i2d                              0x08020c67   Thumb Code     0  dflt_clz.o(x$fpl$dflt)
    _dflt                                    0x08020c67   Thumb Code    46  dflt_clz.o(x$fpl$dflt)
    __aeabi_ui2d                             0x08020c95   Thumb Code     0  dflt_clz.o(x$fpl$dfltu)
    _dfltu                                   0x08020c95   Thumb Code    38  dflt_clz.o(x$fpl$dfltu)
    __aeabi_cdcmple                          0x08020cbd   Thumb Code     0  dleqf.o(x$fpl$dleqf)
    _dcmple                                  0x08020cbd   Thumb Code   120  dleqf.o(x$fpl$dleqf)
    __fpl_dcmple_InfNaN                      0x08020d1f   Thumb Code     0  dleqf.o(x$fpl$dleqf)
    __aeabi_dmul                             0x08020d35   Thumb Code     0  dmul.o(x$fpl$dmul)
    _dmul                                    0x08020d35   Thumb Code   332  dmul.o(x$fpl$dmul)
    __fpl_dnaninf                            0x08020e89   Thumb Code   156  dnaninf.o(x$fpl$dnaninf)
    __fpl_dretinf                            0x08020f25   Thumb Code    12  dretinf.o(x$fpl$dretinf)
    __aeabi_cdrcmple                         0x08020f31   Thumb Code     0  drleqf.o(x$fpl$drleqf)
    _drcmple                                 0x08020f31   Thumb Code   108  drleqf.o(x$fpl$drleqf)
    __aeabi_drsub                            0x08020f9d   Thumb Code     0  daddsub_clz.o(x$fpl$drsb)
    _drsb                                    0x08020f9d   Thumb Code    22  daddsub_clz.o(x$fpl$drsb)
    _dsqrt                                   0x08020fb5   Thumb Code   404  dsqrt_umaal.o(x$fpl$dsqrt)
    __aeabi_dsub                             0x0802114d   Thumb Code     0  daddsub_clz.o(x$fpl$dsub)
    _dsub                                    0x0802114d   Thumb Code   464  daddsub_clz.o(x$fpl$dsub)
    __aeabi_f2d                              0x08021321   Thumb Code     0  f2d.o(x$fpl$f2d)
    _f2d                                     0x08021321   Thumb Code    86  f2d.o(x$fpl$f2d)
    __aeabi_ul2f                             0x08021377   Thumb Code     0  ffltll_clz.o(x$fpl$ffltll)
    _ll_uto_f                                0x08021377   Thumb Code     6  ffltll_clz.o(x$fpl$ffltll)
    __aeabi_l2f                              0x0802137d   Thumb Code     0  ffltll_clz.o(x$fpl$ffltll)
    _ll_sto_f                                0x0802137d   Thumb Code    90  ffltll_clz.o(x$fpl$ffltll)
    __fpl_fnaninf                            0x080213d7   Thumb Code   140  fnaninf.o(x$fpl$fnaninf)
    _fp_init                                 0x08021463   Thumb Code    10  fpinit.o(x$fpl$fpinit)
    __fplib_config_fpu_vfp                   0x0802146b   Thumb Code     0  fpinit.o(x$fpl$fpinit)
    __fplib_config_pureend_doubles           0x0802146b   Thumb Code     0  fpinit.o(x$fpl$fpinit)
    __fpl_fretinf                            0x0802146d   Thumb Code    10  fretinf.o(x$fpl$fretinf)
    __aeabi_f2lz                             0x08021479   Thumb Code     0  ffixll.o(x$fpl$llsfromf)
    _ll_sfrom_f                              0x08021479   Thumb Code   134  ffixll.o(x$fpl$llsfromf)
    _printf_fp_dec                           0x080214ff   Thumb Code     4  printf1.o(x$fpl$printf1)
    _printf_fp_hex                           0x08021503   Thumb Code     4  printf2.o(x$fpl$printf2)
    __I$use$fp                               0x08021506   Number         0  usenofp.o(x$fpl$usenofp)
    AHBPrescTable                            0x080220ac   Data          16  system_stm32f4xx.o(.constdata)
    APBPrescTable                            0x080220bc   Data           8  system_stm32f4xx.o(.constdata)
    __lowest_bit_bitmap                      0x080220cc   Data         256  kservice.o(.constdata)
    reg                                      0x0802224c   Data          42  inv_mpu.o(.constdata)
    hw                                       0x08022276   Data          14  inv_mpu.o(.constdata)
    test                                     0x08022284   Data          48  inv_mpu.o(.constdata)
    sin_lookup                               0x080230ac   Data        1024  ml_math_func.o(.constdata)
    ml_ver                                   0x080234ac   Data          20  mpl.o(.constdata)
    __mathlib_zero                           0x080236c8   Data           8  qnan.o(.constdata)
    __fsym___cmd_eaix4command_name           0x08023a90   Data          19  app_eaix4.o(.rodata.name)
    __fsym___cmd_eaix4command_desc           0x08023aa3   Data          31  app_eaix4.o(.rodata.name)
    __fsym___cmd_carMove_name                0x08023ac2   Data          14  app_move.o(.rodata.name)
    __fsym___cmd_carMove_desc                0x08023ad0   Data          38  app_move.o(.rodata.name)
    __fsym_list_mem_name                     0x08023af6   Data           9  mem.o(.rodata.name)
    __fsym_list_mem_desc                     0x08023aff   Data          30  mem.o(.rodata.name)
    __fsym_pinMode_name                      0x08023b1d   Data           8  pin.o(.rodata.name)
    __fsym_pinMode_desc                      0x08023b25   Data          22  pin.o(.rodata.name)
    __fsym_pinWrite_name                     0x08023b3b   Data           9  pin.o(.rodata.name)
    __fsym_pinWrite_desc                     0x08023b44   Data          28  pin.o(.rodata.name)
    __fsym_pinRead_name                      0x08023b60   Data           8  pin.o(.rodata.name)
    __fsym_pinRead_desc                      0x08023b68   Data          30  pin.o(.rodata.name)
    __fsym_hello_name                        0x08023b86   Data           6  cmd.o(.rodata.name)
    __fsym_hello_desc                        0x08023b8c   Data          16  cmd.o(.rodata.name)
    __fsym_version_name                      0x08023b9c   Data           8  cmd.o(.rodata.name)
    __fsym_version_desc                      0x08023ba4   Data          35  cmd.o(.rodata.name)
    __fsym___cmd_version_name                0x08023bc7   Data          14  cmd.o(.rodata.name)
    __fsym___cmd_version_desc                0x08023bd5   Data          35  cmd.o(.rodata.name)
    __fsym_list_thread_name                  0x08023bf8   Data          12  cmd.o(.rodata.name)
    __fsym_list_thread_desc                  0x08023c04   Data          12  cmd.o(.rodata.name)
    __fsym___cmd_list_thread_name            0x08023c10   Data          18  cmd.o(.rodata.name)
    __fsym___cmd_list_thread_desc            0x08023c22   Data          12  cmd.o(.rodata.name)
    __fsym_list_sem_name                     0x08023c2e   Data           9  cmd.o(.rodata.name)
    __fsym_list_sem_desc                     0x08023c37   Data          25  cmd.o(.rodata.name)
    __fsym___cmd_list_sem_name               0x08023c50   Data          15  cmd.o(.rodata.name)
    __fsym___cmd_list_sem_desc               0x08023c5f   Data          25  cmd.o(.rodata.name)
    __fsym_list_event_name                   0x08023c78   Data          11  cmd.o(.rodata.name)
    __fsym_list_event_desc                   0x08023c83   Data          21  cmd.o(.rodata.name)
    __fsym___cmd_list_event_name             0x08023c98   Data          17  cmd.o(.rodata.name)
    __fsym___cmd_list_event_desc             0x08023ca9   Data          21  cmd.o(.rodata.name)
    __fsym_list_mutex_name                   0x08023cbe   Data          11  cmd.o(.rodata.name)
    __fsym_list_mutex_desc                   0x08023cc9   Data          21  cmd.o(.rodata.name)
    __fsym___cmd_list_mutex_name             0x08023cde   Data          17  cmd.o(.rodata.name)
    __fsym___cmd_list_mutex_desc             0x08023cef   Data          21  cmd.o(.rodata.name)
    __fsym_list_mailbox_name                 0x08023d04   Data          13  cmd.o(.rodata.name)
    __fsym_list_mailbox_desc                 0x08023d11   Data          24  cmd.o(.rodata.name)
    __fsym___cmd_list_mailbox_name           0x08023d29   Data          19  cmd.o(.rodata.name)
    __fsym___cmd_list_mailbox_desc           0x08023d3c   Data          24  cmd.o(.rodata.name)
    __fsym_list_msgqueue_name                0x08023d54   Data          14  cmd.o(.rodata.name)
    __fsym_list_msgqueue_desc                0x08023d62   Data          29  cmd.o(.rodata.name)
    __fsym___cmd_list_msgqueue_name          0x08023d7f   Data          20  cmd.o(.rodata.name)
    __fsym___cmd_list_msgqueue_desc          0x08023d93   Data          29  cmd.o(.rodata.name)
    __fsym_list_memheap_name                 0x08023db0   Data          13  cmd.o(.rodata.name)
    __fsym_list_memheap_desc                 0x08023dbd   Data          27  cmd.o(.rodata.name)
    __fsym___cmd_list_memheap_name           0x08023dd8   Data          19  cmd.o(.rodata.name)
    __fsym___cmd_list_memheap_desc           0x08023deb   Data          27  cmd.o(.rodata.name)
    __fsym_list_mempool_name                 0x08023e06   Data          13  cmd.o(.rodata.name)
    __fsym_list_mempool_desc                 0x08023e13   Data          27  cmd.o(.rodata.name)
    __fsym___cmd_list_mempool_name           0x08023e2e   Data          19  cmd.o(.rodata.name)
    __fsym___cmd_list_mempool_desc           0x08023e41   Data          27  cmd.o(.rodata.name)
    __fsym_list_timer_name                   0x08023e5c   Data          11  cmd.o(.rodata.name)
    __fsym_list_timer_desc                   0x08023e67   Data          21  cmd.o(.rodata.name)
    __fsym___cmd_list_timer_name             0x08023e7c   Data          17  cmd.o(.rodata.name)
    __fsym___cmd_list_timer_desc             0x08023e8d   Data          21  cmd.o(.rodata.name)
    __fsym_list_device_name                  0x08023ea2   Data          12  cmd.o(.rodata.name)
    __fsym_list_device_desc                  0x08023eae   Data          22  cmd.o(.rodata.name)
    __fsym___cmd_list_device_name            0x08023ec4   Data          18  cmd.o(.rodata.name)
    __fsym___cmd_list_device_desc            0x08023ed6   Data          22  cmd.o(.rodata.name)
    __fsym_list_name                         0x08023eec   Data           5  cmd.o(.rodata.name)
    __fsym_list_desc                         0x08023ef1   Data          26  cmd.o(.rodata.name)
    __fsym___cmd_help_name                   0x08023f0b   Data          11  msh.o(.rodata.name)
    __fsym___cmd_help_desc                   0x08023f16   Data          22  msh.o(.rodata.name)
    __fsym___cmd_ps_name                     0x08023f2c   Data           9  msh_cmd.o(.rodata.name)
    __fsym___cmd_ps_desc                     0x08023f35   Data          28  msh_cmd.o(.rodata.name)
    __fsym___cmd_time_name                   0x08023f51   Data          11  msh_cmd.o(.rodata.name)
    __fsym___cmd_time_desc                   0x08023f5c   Data          27  msh_cmd.o(.rodata.name)
    __fsym___cmd_free_name                   0x08023f77   Data          11  msh_cmd.o(.rodata.name)
    __fsym___cmd_free_desc                   0x08023f82   Data          37  msh_cmd.o(.rodata.name)
    __rt_init_rti_start                      0x08023fa8   Data           4  components.o(.rti_fn.0)
    __rt_init_rti_board_start                0x08023fac   Data           4  components.o(.rti_fn.0.end)
    __rt_init_rt_hw_pin_init                 0x08023fb0   Data           4  drv_gpio.o(.rti_fn.1)
    __rt_init_hw_usart_init                  0x08023fb4   Data           4  drv_usart.o(.rti_fn.1)
    __rt_init_hw_i2c_init                    0x08023fb8   Data           4  drv_iic.o(.rti_fn.1)
    __rt_init_hw_l298n_init                  0x08023fbc   Data           4  drv_l298n.o(.rti_fn.1)
    __rt_init_hw_PWM_init                    0x08023fc0   Data           4  drv_pwm.o(.rti_fn.1)
    __rt_init_rti_board_end                  0x08023fc4   Data           4  components.o(.rti_fn.1.end)
    __rt_init_rt_i2c_core_init               0x08023fc8   Data           4  i2c_core.o(.rti_fn.4)
    __rt_init_beep_init                      0x08023fcc   Data           4  app_beep.o(.rti_fn.6)
    __rt_init_master_init                    0x08023fd0   Data           4  master_thread.o(.rti_fn.6)
    __rt_init_finsh_system_init              0x08023fd4   Data           4  shell.o(.rti_fn.6)
    __rt_init_rti_end                        0x08023fd8   Data           4  components.o(.rti_fn.6.end)
    FSymTab$$Base                            0x08023fdc   Number         0  app_eaix4.o(FSymTab)
    __fsym___cmd_eaix4command                0x08023fdc   Data          12  app_eaix4.o(FSymTab)
    __fsym___cmd_carMove                     0x08023fe8   Data          12  app_move.o(FSymTab)
    __fsym_list_mem                          0x08023ff4   Data          12  mem.o(FSymTab)
    __fsym_pinMode                           0x08024000   Data          12  pin.o(FSymTab)
    __fsym_pinWrite                          0x0802400c   Data          12  pin.o(FSymTab)
    __fsym_pinRead                           0x08024018   Data          12  pin.o(FSymTab)
    __fsym_hello                             0x08024024   Data          12  cmd.o(FSymTab)
    __fsym_version                           0x08024030   Data          12  cmd.o(FSymTab)
    __fsym___cmd_version                     0x0802403c   Data          12  cmd.o(FSymTab)
    __fsym_list_thread                       0x08024048   Data          12  cmd.o(FSymTab)
    __fsym___cmd_list_thread                 0x08024054   Data          12  cmd.o(FSymTab)
    __fsym_list_sem                          0x08024060   Data          12  cmd.o(FSymTab)
    __fsym___cmd_list_sem                    0x0802406c   Data          12  cmd.o(FSymTab)
    __fsym_list_event                        0x08024078   Data          12  cmd.o(FSymTab)
    __fsym___cmd_list_event                  0x08024084   Data          12  cmd.o(FSymTab)
    __fsym_list_mutex                        0x08024090   Data          12  cmd.o(FSymTab)
    __fsym___cmd_list_mutex                  0x0802409c   Data          12  cmd.o(FSymTab)
    __fsym_list_mailbox                      0x080240a8   Data          12  cmd.o(FSymTab)
    __fsym___cmd_list_mailbox                0x080240b4   Data          12  cmd.o(FSymTab)
    __fsym_list_msgqueue                     0x080240c0   Data          12  cmd.o(FSymTab)
    __fsym___cmd_list_msgqueue               0x080240cc   Data          12  cmd.o(FSymTab)
    __fsym_list_memheap                      0x080240d8   Data          12  cmd.o(FSymTab)
    __fsym___cmd_list_memheap                0x080240e4   Data          12  cmd.o(FSymTab)
    __fsym_list_mempool                      0x080240f0   Data          12  cmd.o(FSymTab)
    __fsym___cmd_list_mempool                0x080240fc   Data          12  cmd.o(FSymTab)
    __fsym_list_timer                        0x08024108   Data          12  cmd.o(FSymTab)
    __fsym___cmd_list_timer                  0x08024114   Data          12  cmd.o(FSymTab)
    __fsym_list_device                       0x08024120   Data          12  cmd.o(FSymTab)
    __fsym___cmd_list_device                 0x0802412c   Data          12  cmd.o(FSymTab)
    __fsym_list                              0x08024138   Data          12  cmd.o(FSymTab)
    __fsym___cmd_help                        0x08024144   Data          12  msh.o(FSymTab)
    __fsym___cmd_ps                          0x08024150   Data          12  msh_cmd.o(FSymTab)
    __fsym___cmd_time                        0x0802415c   Data          12  msh_cmd.o(FSymTab)
    __fsym___cmd_free                        0x08024168   Data          12  msh_cmd.o(FSymTab)
    FSymTab$$Limit                           0x08024174   Number         0  msh_cmd.o(FSymTab)
    Region$$Table$$Base                      0x08024174   Number         0  anon$$obj.o(Region$$Table)
    Region$$Table$$Limit                     0x08024194   Number         0  anon$$obj.o(Region$$Table)
    __ctype                                  0x080241bd   Data           0  lc_ctype_c.o(locale$$data)
    pin_irq_hdr_tab                          0x2000000c   Data         192  drv_gpio.o(.data)
    SystemCoreClock                          0x200000cc   Data           4  system_stm32f4xx.o(.data)
    uwTick                                   0x200000d0   Data           4  stm32f4xx_hal.o(.data)
    rt_interrupt_nest                        0x200000e4   Data           1  irq.o(.data)
    rt_object_trytake_hook                   0x200001b8   Data           4  object.o(.data)
    rt_object_take_hook                      0x200001bc   Data           4  object.o(.data)
    rt_object_put_hook                       0x200001c0   Data           4  object.o(.data)
    rt_current_thread                        0x200001c8   Data           4  scheduler.o(.data)
    rt_current_priority                      0x200001cc   Data           1  scheduler.o(.data)
    rt_thread_ready_priority_group           0x200001d0   Data           4  scheduler.o(.data)
    rt_thread_defunct                        0x200001d4   Data           8  scheduler.o(.data)
    rt_interrupt_from_thread                 0x200001fc   Data           4  cpuport.o(.data)
    rt_interrupt_to_thread                   0x20000200   Data           4  cpuport.o(.data)
    rt_thread_switch_interrupt_flag          0x20000204   Data           4  cpuport.o(.data)
    shell                                    0x2000020c   Data           4  shell.o(.data)
    _syscall_table_begin                     0x20000210   Data           4  symbol.o(.data)
    _syscall_table_end                       0x20000214   Data           4  symbol.o(.data)
    _sysvar_table_begin                      0x20000218   Data           4  symbol.o(.data)
    _sysvar_table_end                        0x2000021c   Data           4  symbol.o(.data)
    mpl_key                                  0x20000220   Data           4  inv_mpu.o(.data)
    compass_low_pass_filter_coeff            0x20000270   Data          20  hal_outputs.o(.data)
    circle                                   0x20000288   Data           1  eai_x4.o(.data)
    count                                    0x2000028a   Data           2  eai_x4.o(.data)
    Eaix4Buff                                0x2000029c   Data       45000  app_eaix4.o(.bss)
    ControlEvent                             0x2000b2b8   Data          32  master_thread.o(.bss)
    serial1                                  0x2000b31c   Data          84  drv_usart.o(.bss)
    serial2                                  0x2000b3b4   Data          84  drv_usart.o(.bss)
    serial6                                  0x2000b44c   Data          84  drv_usart.o(.bss)
    TIMx_Handler                             0x2000b518   Data          60  drv_pwm.o(.bss)
    TIMx_CHxHandler                          0x2000b554   Data          28  drv_pwm.o(.bss)
    rt_thread_priority_table                 0x2000b790   Data         256  scheduler.o(.bss)
    around                                   0x2000d020   Data       28830  eai_x4.o(.bss)
    cb                                       0x200140c0   Data         232  compass_vec_cal.o(.bss)
    cb_test                                  0x200141a8   Data         232  compass_vec_cal.o(.bss)
    cb_sim                                   0x20014290   Data         232  compass_vec_cal.o(.bss)
    vc                                       0x20014378   Data         424  compass_vec_cal.o(.bss)
    fnm                                      0x20014520   Data         608  fast_no_motion.o(.bss)
    s9axis                                   0x200147c0   Data         312  fusion_9axis.o(.bss)
    mag_disturb                              0x20014abc   Data         184  mag_disturb.o(.bss)
    __libspace_start                         0x20015098   Data          96  libspace.o(.bss)
    __temporary_stack_top$libspace           0x200150f8   Data           0  libspace.o(.bss)
    Image$$RW_IRAM1$$ZI$$Limit               0x200156f8   Number         0  anon$$obj.o ABSOLUTE



==============================================================================

Memory Map of the image

  Image Entry point : 0x080001ad

  Load Region LR_IROM1 (Base: 0x08000000, Size: 0x0002455c, Max: 0x00100000, ABSOLUTE, COMPRESSED[0x00024368])

    Execution Region ER_IROM1 (Exec base: 0x08000000, Load base: 0x08000000, Size: 0x000242c0, Max: 0x00100000, ABSOLUTE)

    Exec Addr    Load Addr    Size         Type   Attr      Idx    E Section Name        Object

    0x08000000   0x08000000   0x000001ac   Data   RO          631    RESET               startup_stm32f429xx.o
    0x080001ac   0x080001ac   0x00000008   Code   RO         3376  * !!!main             c_w.l(__main.o)
    0x080001b4   0x080001b4   0x00000034   Code   RO         4132    !!!scatter          c_w.l(__scatter.o)
    0x080001e8   0x080001e8   0x0000005a   Code   RO         4130    !!dczerorl2         c_w.l(__dczerorl2.o)
    0x08000242   0x08000242   0x00000002   PAD
    0x08000244   0x08000244   0x0000001c   Code   RO         4134    !!handler_zi        c_w.l(__scatter_zi.o)
    0x08000260   0x08000260   0x00000000   Code   RO         3739    .ARM.Collect$$_printf_percent$$00000000  c_w.l(_printf_percent.o)
    0x08000260   0x08000260   0x00000006   Code   RO         3728    .ARM.Collect$$_printf_percent$$00000001  c_w.l(_printf_n.o)
    0x08000266   0x08000266   0x00000006   Code   RO         3730    .ARM.Collect$$_printf_percent$$00000002  c_w.l(_printf_p.o)
    0x0800026c   0x0800026c   0x00000006   Code   RO         3735    .ARM.Collect$$_printf_percent$$00000003  c_w.l(_printf_f.o)
    0x08000272   0x08000272   0x00000006   Code   RO         3736    .ARM.Collect$$_printf_percent$$00000004  c_w.l(_printf_e.o)
    0x08000278   0x08000278   0x00000006   Code   RO         3737    .ARM.Collect$$_printf_percent$$00000005  c_w.l(_printf_g.o)
    0x0800027e   0x0800027e   0x00000006   Code   RO         3738    .ARM.Collect$$_printf_percent$$00000006  c_w.l(_printf_a.o)
    0x08000284   0x08000284   0x0000000a   Code   RO         3743    .ARM.Collect$$_printf_percent$$00000007  c_w.l(_printf_ll.o)
    0x0800028e   0x0800028e   0x00000006   Code   RO         3732    .ARM.Collect$$_printf_percent$$00000008  c_w.l(_printf_i.o)
    0x08000294   0x08000294   0x00000006   Code   RO         3733    .ARM.Collect$$_printf_percent$$00000009  c_w.l(_printf_d.o)
    0x0800029a   0x0800029a   0x00000006   Code   RO         3734    .ARM.Collect$$_printf_percent$$0000000A  c_w.l(_printf_u.o)
    0x080002a0   0x080002a0   0x00000006   Code   RO         3731    .ARM.Collect$$_printf_percent$$0000000B  c_w.l(_printf_o.o)
    0x080002a6   0x080002a6   0x00000006   Code   RO         3729    .ARM.Collect$$_printf_percent$$0000000C  c_w.l(_printf_x.o)
    0x080002ac   0x080002ac   0x00000006   Code   RO         3740    .ARM.Collect$$_printf_percent$$0000000D  c_w.l(_printf_lli.o)
    0x080002b2   0x080002b2   0x00000006   Code   RO         3741    .ARM.Collect$$_printf_percent$$0000000E  c_w.l(_printf_lld.o)
    0x080002b8   0x080002b8   0x00000006   Code   RO         3742    .ARM.Collect$$_printf_percent$$0000000F  c_w.l(_printf_llu.o)
    0x080002be   0x080002be   0x00000006   Code   RO         3747    .ARM.Collect$$_printf_percent$$00000010  c_w.l(_printf_llo.o)
    0x080002c4   0x080002c4   0x00000006   Code   RO         3748    .ARM.Collect$$_printf_percent$$00000011  c_w.l(_printf_llx.o)
    0x080002ca   0x080002ca   0x0000000a   Code   RO         3744    .ARM.Collect$$_printf_percent$$00000012  c_w.l(_printf_l.o)
    0x080002d4   0x080002d4   0x00000006   Code   RO         3726    .ARM.Collect$$_printf_percent$$00000013  c_w.l(_printf_c.o)
    0x080002da   0x080002da   0x00000006   Code   RO         3727    .ARM.Collect$$_printf_percent$$00000014  c_w.l(_printf_s.o)
    0x080002e0   0x080002e0   0x00000006   Code   RO         3745    .ARM.Collect$$_printf_percent$$00000015  c_w.l(_printf_lc.o)
    0x080002e6   0x080002e6   0x00000006   Code   RO         3746    .ARM.Collect$$_printf_percent$$00000016  c_w.l(_printf_ls.o)
    0x080002ec   0x080002ec   0x00000004   Code   RO         3932    .ARM.Collect$$_printf_percent$$00000017  c_w.l(_printf_percent_end.o)
    0x080002f0   0x080002f0   0x00000002   Code   RO         4035    .ARM.Collect$$libinit$$00000000  c_w.l(libinit.o)
    0x080002f2   0x080002f2   0x00000004   Code   RO         3753    .ARM.Collect$$libinit$$00000001  c_w.l(libinit2.o)
    0x080002f6   0x080002f6   0x00000000   Code   RO         3756    .ARM.Collect$$libinit$$00000004  c_w.l(libinit2.o)
    0x080002f6   0x080002f6   0x00000008   Code   RO         3757    .ARM.Collect$$libinit$$00000005  c_w.l(libinit2.o)
    0x080002fe   0x080002fe   0x00000000   Code   RO         3759    .ARM.Collect$$libinit$$0000000A  c_w.l(libinit2.o)
    0x080002fe   0x080002fe   0x00000000   Code   RO         3761    .ARM.Collect$$libinit$$0000000C  c_w.l(libinit2.o)
    0x080002fe   0x080002fe   0x00000000   Code   RO         3763    .ARM.Collect$$libinit$$0000000E  c_w.l(libinit2.o)
    0x080002fe   0x080002fe   0x00000006   Code   RO         3764    .ARM.Collect$$libinit$$0000000F  c_w.l(libinit2.o)
    0x08000304   0x08000304   0x00000000   Code   RO         3766    .ARM.Collect$$libinit$$00000011  c_w.l(libinit2.o)
    0x08000304   0x08000304   0x0000000c   Code   RO         3767    .ARM.Collect$$libinit$$00000012  c_w.l(libinit2.o)
    0x08000310   0x08000310   0x00000000   Code   RO         3768    .ARM.Collect$$libinit$$00000013  c_w.l(libinit2.o)
    0x08000310   0x08000310   0x00000000   Code   RO         3770    .ARM.Collect$$libinit$$00000015  c_w.l(libinit2.o)
    0x08000310   0x08000310   0x0000000a   Code   RO         3771    .ARM.Collect$$libinit$$00000016  c_w.l(libinit2.o)
    0x0800031a   0x0800031a   0x00000000   Code   RO         3772    .ARM.Collect$$libinit$$00000017  c_w.l(libinit2.o)
    0x0800031a   0x0800031a   0x00000000   Code   RO         3774    .ARM.Collect$$libinit$$00000019  c_w.l(libinit2.o)
    0x0800031a   0x0800031a   0x00000000   Code   RO         3776    .ARM.Collect$$libinit$$0000001B  c_w.l(libinit2.o)
    0x0800031a   0x0800031a   0x00000000   Code   RO         3778    .ARM.Collect$$libinit$$0000001D  c_w.l(libinit2.o)
    0x0800031a   0x0800031a   0x00000000   Code   RO         3780    .ARM.Collect$$libinit$$0000001F  c_w.l(libinit2.o)
    0x0800031a   0x0800031a   0x00000000   Code   RO         3782    .ARM.Collect$$libinit$$00000021  c_w.l(libinit2.o)
    0x0800031a   0x0800031a   0x00000000   Code   RO         3784    .ARM.Collect$$libinit$$00000023  c_w.l(libinit2.o)
    0x0800031a   0x0800031a   0x00000000   Code   RO         3786    .ARM.Collect$$libinit$$00000025  c_w.l(libinit2.o)
    0x0800031a   0x0800031a   0x00000000   Code   RO         3790    .ARM.Collect$$libinit$$0000002C  c_w.l(libinit2.o)
    0x0800031a   0x0800031a   0x00000000   Code   RO         3792    .ARM.Collect$$libinit$$0000002E  c_w.l(libinit2.o)
    0x0800031a   0x0800031a   0x00000000   Code   RO         3794    .ARM.Collect$$libinit$$00000030  c_w.l(libinit2.o)
    0x0800031a   0x0800031a   0x00000000   Code   RO         3796    .ARM.Collect$$libinit$$00000032  c_w.l(libinit2.o)
    0x0800031a   0x0800031a   0x00000002   Code   RO         3797    .ARM.Collect$$libinit$$00000033  c_w.l(libinit2.o)
    0x0800031c   0x0800031c   0x00000002   Code   RO         4127    .ARM.Collect$$libshutdown$$00000000  c_w.l(libshutdown.o)
    0x0800031e   0x0800031e   0x00000000   Code   RO         4067    .ARM.Collect$$libshutdown$$00000002  c_w.l(libshutdown2.o)
    0x0800031e   0x0800031e   0x00000000   Code   RO         4069    .ARM.Collect$$libshutdown$$00000004  c_w.l(libshutdown2.o)
    0x0800031e   0x0800031e   0x00000000   Code   RO         4072    .ARM.Collect$$libshutdown$$00000007  c_w.l(libshutdown2.o)
    0x0800031e   0x0800031e   0x00000000   Code   RO         4075    .ARM.Collect$$libshutdown$$0000000A  c_w.l(libshutdown2.o)
    0x0800031e   0x0800031e   0x00000000   Code   RO         4077    .ARM.Collect$$libshutdown$$0000000C  c_w.l(libshutdown2.o)
    0x0800031e   0x0800031e   0x00000000   Code   RO         4080    .ARM.Collect$$libshutdown$$0000000F  c_w.l(libshutdown2.o)
    0x0800031e   0x0800031e   0x00000002   Code   RO         4081    .ARM.Collect$$libshutdown$$00000010  c_w.l(libshutdown2.o)
    0x08000320   0x08000320   0x00000000   Code   RO         3626    .ARM.Collect$$rtentry$$00000000  c_w.l(__rtentry.o)
    0x08000320   0x08000320   0x00000000   Code   RO         3888    .ARM.Collect$$rtentry$$00000002  c_w.l(__rtentry2.o)
    0x08000320   0x08000320   0x00000006   Code   RO         3900    .ARM.Collect$$rtentry$$00000004  c_w.l(__rtentry4.o)
    0x08000326   0x08000326   0x00000000   Code   RO         3890    .ARM.Collect$$rtentry$$00000009  c_w.l(__rtentry2.o)
    0x08000326   0x08000326   0x00000004   Code   RO         3891    .ARM.Collect$$rtentry$$0000000A  c_w.l(__rtentry2.o)
    0x0800032a   0x0800032a   0x00000000   Code   RO         3893    .ARM.Collect$$rtentry$$0000000C  c_w.l(__rtentry2.o)
    0x0800032a   0x0800032a   0x00000008   Code   RO         3894    .ARM.Collect$$rtentry$$0000000D  c_w.l(__rtentry2.o)
    0x08000332   0x08000332   0x00000002   Code   RO         4042    .ARM.Collect$$rtexit$$00000000  c_w.l(rtexit.o)
    0x08000334   0x08000334   0x00000000   Code   RO         4087    .ARM.Collect$$rtexit$$00000002  c_w.l(rtexit2.o)
    0x08000334   0x08000334   0x00000004   Code   RO         4088    .ARM.Collect$$rtexit$$00000003  c_w.l(rtexit2.o)
    0x08000338   0x08000338   0x00000006   Code   RO         4089    .ARM.Collect$$rtexit$$00000004  c_w.l(rtexit2.o)
    0x0800033e   0x0800033e   0x00000002   PAD
    0x08000340   0x08000340   0x00000000   Code   RO         3911    .emb_text           c_w.l(maybetermalloc1.o)
    0x08000340   0x08000340   0x00000004   Code   RO            4    .text               main.o
    0x08000344   0x08000344   0x0000029c   Code   RO          221    .text               app_eaix4.o
    0x080005e0   0x080005e0   0x0000019c   Code   RO          262    .text               app_move.o
    0x0800077c   0x0800077c   0x000001b8   Code   RO          293    .text               app_wirelessuart.o
    0x08000934   0x08000934   0x0000002a   Code   RO          311    .text               app_beep.o
    0x0800095e   0x0800095e   0x00000002   PAD
    0x08000960   0x08000960   0x00000770   Code   RO          332    .text               app_mpu9250.o
    0x080010d0   0x080010d0   0x000000bc   Code   RO          370    .text               master_thread.o
    0x0800118c   0x0800118c   0x00000194   Code   RO          401    .text               board.o
    0x08001320   0x08001320   0x00000010   Code   RO          425    .text               stm32f4xx_it.o
    0x08001330   0x08001330   0x000005e0   Code   RO          449    .text               drv_gpio.o
    0x08001910   0x08001910   0x00000468   Code   RO          478    .text               drv_usart.o
    0x08001d78   0x08001d78   0x00000148   Code   RO          514    .text               drv_iic.o
    0x08001ec0   0x08001ec0   0x0000004e   Code   RO          543    .text               drv_l298n.o
    0x08001f0e   0x08001f0e   0x00000002   PAD
    0x08001f10   0x08001f10   0x000001a4   Code   RO          570    .text               drv_pwm.o
    0x080020b4   0x080020b4   0x00000120   Code   RO          601    .text               system_stm32f4xx.o
    0x080021d4   0x080021d4   0x00000040   Code   RO          632    .text               startup_stm32f429xx.o
    0x08002214   0x08002214   0x000001b8   Code   RO          639    .text               stm32f4xx_hal.o
    0x080023cc   0x080023cc   0x00000384   Code   RO          738    .text               stm32f4xx_hal_cortex.o
    0x08002750   0x08002750   0x000008ac   Code   RO          910    .text               stm32f4xx_hal_dma.o
    0x08002ffc   0x08002ffc   0x000003dc   Code   RO         1119    .text               stm32f4xx_hal_gpio.o
    0x080033d8   0x080033d8   0x000002e8   Code   RO         1497    .text               stm32f4xx_hal_pwr_ex.o
    0x080036c0   0x080036c0   0x0000089c   Code   RO         1539    .text               stm32f4xx_hal_rcc.o
    0x08003f5c   0x08003f5c   0x00002800   Code   RO         1785    .text               stm32f4xx_hal_tim.o
    0x0800675c   0x0800675c   0x00000db4   Code   RO         1809    .text               stm32f4xx_hal_tim_ex.o
    0x08007510   0x08007510   0x000013ae   Code   RO         1833    .text               stm32f4xx_hal_uart.o
    0x080088be   0x080088be   0x00000002   PAD
    0x080088c0   0x080088c0   0x0000006c   Code   RO         2054    .text               clock.o
    0x0800892c   0x0800892c   0x000000b8   Code   RO         2068    .text               components.o
    0x080089e4   0x080089e4   0x00000298   Code   RO         2086    .text               device.o
    0x08008c7c   0x08008c7c   0x000000e4   Code   RO         2098    .text               idle.o
    0x08008d60   0x08008d60   0x00000e5e   Code   RO         2117    .text               ipc.o
    0x08009bbe   0x08009bbe   0x00000002   PAD
    0x08009bc0   0x08009bc0   0x00000074   Code   RO         2133    .text               irq.o
    0x08009c34   0x08009c34   0x00000a38   Code   RO         2148    .text               kservice.o
    0x0800a66c   0x0800a66c   0x00000590   Code   RO         2165    .text               mem.o
    0x0800abfc   0x0800abfc   0x000001ec   Code   RO         2212    .text               object.o
    0x0800ade8   0x0800ade8   0x000001f8   Code   RO         2230    .text               scheduler.o
    0x0800afe0   0x0800afe0   0x0000048a   Code   RO         2265    .text               thread.o
    0x0800b46a   0x0800b46a   0x00000002   PAD
    0x0800b46c   0x0800b46c   0x00000394   Code   RO         2283    .text               timer.o
    0x0800b800   0x0800b800   0x00000180   Code   RO         2301    .text               cpuport.o
    0x0800b980   0x0800b980   0x00000110   Code   RO         2316    .text               context_rvds.o
    0x0800ba90   0x0800ba90   0x00000128   Code   RO         2353    .text               i2c_core.o
    0x0800bbb8   0x0800bbb8   0x00000100   Code   RO         2368    .text               i2c_dev.o
    0x0800bcb8   0x0800bcb8   0x00000460   Code   RO         2380    .text               i2c-bit-ops.o
    0x0800c118   0x0800c118   0x00000178   Code   RO         2394    .text               pin.o
    0x0800c290   0x0800c290   0x000008cc   Code   RO         2411    .text               serial.o
    0x0800cb5c   0x0800cb5c   0x000000e4   Code   RO         2426    .text               completion.o
    0x0800cc40   0x0800cc40   0x00000314   Code   RO         2441    .text               dataqueue.o
    0x0800cf54   0x0800cf54   0x00000844   Code   RO         2514    .text               shell.o
    0x0800d798   0x0800d798   0x00000c04   Code   RO         2551    .text               cmd.o
    0x0800e39c   0x0800e39c   0x0000033c   Code   RO         2572    .text               msh.o
    0x0800e6d8   0x0800e6d8   0x00000022   Code   RO         2588    .text               msh_cmd.o
    0x0800e6fa   0x0800e6fa   0x00000002   PAD
    0x0800e6fc   0x0800e6fc   0x00003ce4   Code   RO         2613    .text               inv_mpu.o
    0x080123e0   0x080123e0   0x00000d90   Code   RO         2761    .text               inv_mpu_dmp_motion_driver.o
    0x08013170   0x08013170   0x0000031c   Code   RO         2794    .text               log_stm32.o
    0x0801348c   0x0801348c   0x0000050c   Code   RO         2824    .text               empl_outputs.o
    0x08013998   0x08013998   0x00000c8c   Code   RO         2847    .text               data_builder.o
    0x08014624   0x08014624   0x00000740   Code   RO         2887    .text               hal_outputs.o
    0x08014d64   0x08014d64   0x0000002c   Code   RO         2912    .text               message_layer.o
    0x08014d90   0x08014d90   0x00001034   Code   RO         2926    .text               ml_math_func.o
    0x08015dc4   0x08015dc4   0x000000f0   Code   RO         2956    .text               mpl.o
    0x08015eb4   0x08015eb4   0x00000408   Code   RO         2977    .text               results_holder.o
    0x080162bc   0x080162bc   0x000000b8   Code   RO         2991    .text               start_manager.o
    0x08016374   0x08016374   0x00000224   Code   RO         3005    .text               storage_manager.o
    0x08016598   0x08016598   0x00000458   Code   RO         3019    .text               eai_x4.o
    0x080169f0   0x080169f0   0x000024f0   Code   RO         3040    .text               libmpllib.lib(compass_vec_cal.o)
    0x08018ee0   0x08018ee0   0x00000a18   Code   RO         3130    .text               libmpllib.lib(fast_no_motion.o)
    0x080198f8   0x080198f8   0x000006b0   Code   RO         3163    .text               libmpllib.lib(fusion_9axis.o)
    0x08019fa8   0x08019fa8   0x000004c4   Code   RO         3185    .text               libmpllib.lib(gyro_tc.o)
    0x0801a46c   0x0801a46c   0x000005c0   Code   RO         3203    .text               libmpllib.lib(mag_disturb.o)
    0x0801aa2c   0x0801aa2c   0x00000994   Code   RO         3225    .text               libmpllib.lib(quaternion_supervisor.o)
    0x0801b3c0   0x0801b3c0   0x00000c44   Code   RO         3243    .text               libmpllib.lib(accel_auto_cal.o)
    0x0801c004   0x0801c004   0x0000005e   Code   RO         3278    .text               c_w.l(h1_alloc.o)
    0x0801c062   0x0801c062   0x0000004e   Code   RO         3280    .text               c_w.l(h1_free.o)
    0x0801c0b0   0x0801c0b0   0x000000ee   Code   RO         3336    .text               c_w.l(lludivv7m.o)
    0x0801c19e   0x0801c19e   0x00000026   Code   RO         3338    .text               c_w.l(llshl.o)
    0x0801c1c4   0x0801c1c4   0x00000026   Code   RO         3340    .text               c_w.l(llsshr.o)
    0x0801c1ea   0x0801c1ea   0x00000048   Code   RO         3342    .text               c_w.l(llsdiv.o)
    0x0801c232   0x0801c232   0x00000002   PAD
    0x0801c234   0x0801c234   0x00000024   Code   RO         3344    .text               c_w.l(vsprintf.o)
    0x0801c258   0x0801c258   0x00000058   Code   RO         3352    .text               c_w.l(memcmp.o)
    0x0801c2b0   0x0801c2b0   0x00000048   Code   RO         3354    .text               c_w.l(strcpy.o)
    0x0801c2f8   0x0801c2f8   0x0000003e   Code   RO         3356    .text               c_w.l(strlen.o)
    0x0801c336   0x0801c336   0x00000096   Code   RO         3358    .text               c_w.l(strncmp.o)
    0x0801c3cc   0x0801c3cc   0x00000018   Code   RO         3360    .text               c_w.l(strcat.o)
    0x0801c3e4   0x0801c3e4   0x0000008a   Code   RO         3362    .text               c_w.l(rt_memcpy_v6.o)
    0x0801c46e   0x0801c46e   0x00000064   Code   RO         3364    .text               c_w.l(rt_memcpy_w.o)
    0x0801c4d2   0x0801c4d2   0x0000007a   Code   RO         3366    .text               c_w.l(rt_memmove_w.o)
    0x0801c54c   0x0801c54c   0x00000010   Code   RO         3368    .text               c_w.l(aeabi_memset.o)
    0x0801c55c   0x0801c55c   0x00000044   Code   RO         3370    .text               c_w.l(rt_memclr.o)
    0x0801c5a0   0x0801c5a0   0x0000004e   Code   RO         3372    .text               c_w.l(rt_memclr_w.o)
    0x0801c5ee   0x0801c5ee   0x00000006   Code   RO         3374    .text               c_w.l(heapauxi.o)
    0x0801c5f4   0x0801c5f4   0x00000008   Code   RO         3634    .text               c_w.l(rt_heap_descriptor_intlibspace.o)
    0x0801c5fc   0x0801c5fc   0x00000004   Code   RO         3636    .text               c_w.l(hguard.o)
    0x0801c600   0x0801c600   0x0000008a   Code   RO         3638    .text               c_w.l(init_alloc.o)
    0x0801c68a   0x0801c68a   0x0000000e   Code   RO         3642    .text               c_w.l(h1_init.o)
    0x0801c698   0x0801c698   0x00000016   Code   RO         3656    .text               c_w.l(_rserrno.o)
    0x0801c6ae   0x0801c6ae   0x0000004e   Code   RO         3660    .text               c_w.l(_printf_pad.o)
    0x0801c6fc   0x0801c6fc   0x00000024   Code   RO         3662    .text               c_w.l(_printf_truncate.o)
    0x0801c720   0x0801c720   0x00000052   Code   RO         3664    .text               c_w.l(_printf_str.o)
    0x0801c772   0x0801c772   0x00000002   PAD
    0x0801c774   0x0801c774   0x00000078   Code   RO         3666    .text               c_w.l(_printf_dec.o)
    0x0801c7ec   0x0801c7ec   0x00000028   Code   RO         3668    .text               c_w.l(_printf_charcount.o)
    0x0801c814   0x0801c814   0x00000030   Code   RO         3670    .text               c_w.l(_printf_char_common.o)
    0x0801c844   0x0801c844   0x0000000a   Code   RO         3672    .text               c_w.l(_sputc.o)
    0x0801c84e   0x0801c84e   0x00000002   PAD
    0x0801c850   0x0801c850   0x000000bc   Code   RO         3674    .text               c_w.l(_printf_wctomb.o)
    0x0801c90c   0x0801c90c   0x0000007c   Code   RO         3677    .text               c_w.l(_printf_longlong_dec.o)
    0x0801c988   0x0801c988   0x00000070   Code   RO         3683    .text               c_w.l(_printf_oct_int_ll.o)
    0x0801c9f8   0x0801c9f8   0x00000094   Code   RO         3703    .text               c_w.l(_printf_hex_int_ll_ptr.o)
    0x0801ca8c   0x0801ca8c   0x00000188   Code   RO         3723    .text               c_w.l(__printf_flags_ss_wp.o)
    0x0801cc14   0x0801cc14   0x000001d6   Code   RO         3749    .text               c_w.l(flsbuf.o)
    0x0801cdea   0x0801cdea   0x00000066   Code   RO         3877    .text               c_w.l(sys_io.o)
    0x0801ce50   0x0801ce50   0x00000008   Code   RO         3884    .text               c_w.l(libspace.o)
    0x0801ce58   0x0801ce58   0x00000008   Code   RO         3907    .text               c_w.l(rt_errno_addr_intlibspace.o)
    0x0801ce60   0x0801ce60   0x00000034   Code   RO         3913    .text               c_w.l(h1_extend.o)
    0x0801ce94   0x0801ce94   0x0000008a   Code   RO         3917    .text               c_w.l(lludiv10.o)
    0x0801cf1e   0x0801cf1e   0x000000b2   Code   RO         3919    .text               c_w.l(_printf_intcommon.o)
    0x0801cfd0   0x0801cfd0   0x0000041e   Code   RO         3921    .text               c_w.l(_printf_fp_dec.o)
    0x0801d3ee   0x0801d3ee   0x00000002   PAD
    0x0801d3f0   0x0801d3f0   0x000002fc   Code   RO         3923    .text               c_w.l(_printf_fp_hex.o)
    0x0801d6ec   0x0801d6ec   0x0000002c   Code   RO         3928    .text               c_w.l(_printf_char.o)
    0x0801d718   0x0801d718   0x0000002c   Code   RO         3930    .text               c_w.l(_printf_wchar.o)
    0x0801d744   0x0801d744   0x000000f0   Code   RO         3933    .text               c_w.l(stdio.o)
    0x0801d834   0x0801d834   0x00000040   Code   RO         3939    .text               c_w.l(_wcrtomb.o)
    0x0801d874   0x0801d874   0x0000000e   Code   RO         3941    .text               c_w.l(defsig_rtmem_outer.o)
    0x0801d882   0x0801d882   0x00000002   Code   RO         3956    .text               c_w.l(use_no_semi.o)
    0x0801d884   0x0801d884   0x00000000   Code   RO         3958    .text               c_w.l(indicate_semi.o)
    0x0801d884   0x0801d884   0x0000004a   Code   RO         3959    .text               c_w.l(sys_stackheap_outer.o)
    0x0801d8ce   0x0801d8ce   0x00000002   PAD
    0x0801d8d0   0x0801d8d0   0x00000010   Code   RO         3961    .text               c_w.l(rt_ctype_table.o)
    0x0801d8e0   0x0801d8e0   0x00000008   Code   RO         3968    .text               c_w.l(rt_locale_intlibspace.o)
    0x0801d8e8   0x0801d8e8   0x00000080   Code   RO         3972    .text               c_w.l(_printf_fp_infnan.o)
    0x0801d968   0x0801d968   0x000000e4   Code   RO         3974    .text               c_w.l(bigflt0.o)
    0x0801da4c   0x0801da4c   0x00000012   Code   RO         4016    .text               c_w.l(exit.o)
    0x0801da5e   0x0801da5e   0x0000000a   Code   RO         4018    .text               c_w.l(defsig_exit.o)
    0x0801da68   0x0801da68   0x00000050   Code   RO         4024    .text               c_w.l(defsig_rtmem_inner.o)
    0x0801dab8   0x0801dab8   0x0000000c   Code   RO         4040    .text               c_w.l(sys_exit.o)
    0x0801dac4   0x0801dac4   0x00000032   Code   RO         4060    .text               c_w.l(defsig_general.o)
    0x0801daf6   0x0801daf6   0x00000002   PAD
    0x0801daf8   0x0801daf8   0x00000080   Code   RO         4064    .text               c_w.l(strcmpv7m.o)
    0x0801db78   0x0801db78   0x0000000e   Code   RO         4084    .text               c_w.l(sys_wrch.o)
    0x0801db86   0x0801db86   0x0000003e   Code   RO         3977    CL$$btod_d2e        c_w.l(btod.o)
    0x0801dbc4   0x0801dbc4   0x00000046   Code   RO         3979    CL$$btod_d2e_denorm_low  c_w.l(btod.o)
    0x0801dc0a   0x0801dc0a   0x00000060   Code   RO         3978    CL$$btod_d2e_norm_op1  c_w.l(btod.o)
    0x0801dc6a   0x0801dc6a   0x00000338   Code   RO         3987    CL$$btod_div_common  c_w.l(btod.o)
    0x0801dfa2   0x0801dfa2   0x000000dc   Code   RO         3984    CL$$btod_e2e        c_w.l(btod.o)
    0x0801e07e   0x0801e07e   0x0000002a   Code   RO         3981    CL$$btod_ediv       c_w.l(btod.o)
    0x0801e0a8   0x0801e0a8   0x0000002a   Code   RO         3980    CL$$btod_emul       c_w.l(btod.o)
    0x0801e0d2   0x0801e0d2   0x00000244   Code   RO         3986    CL$$btod_mult_common  c_w.l(btod.o)
    0x0801e316   0x0801e316   0x00000030   Code   RO         3842    i.__ARM_fpclassify  m_wm.l(fpclassify.o)
    0x0801e346   0x0801e346   0x00000026   Code   RO         3844    i.__ARM_fpclassifyf  m_wm.l(fpclassifyf.o)
    0x0801e36c   0x0801e36c   0x00000004   PAD
    0x0801e370   0x0801e370   0x00000358   Code   RO         3416    i.__hardfp_acos     m_wm.l(acos.o)
    0x0801e6c8   0x0801e6c8   0x00000118   Code   RO         3430    i.__hardfp_acosf    m_wm.l(acosf.o)
    0x0801e7e0   0x0801e7e0   0x00000360   Code   RO         3442    i.__hardfp_asin     m_wm.l(asin.o)
    0x0801eb40   0x0801eb40   0x0000012c   Code   RO         3456    i.__hardfp_asinf    m_wm.l(asinf.o)
    0x0801ec6c   0x0801ec6c   0x00000004   PAD
    0x0801ec70   0x0801ec70   0x000002d8   Code   RO         3468    i.__hardfp_atan     m_wm.l(atan.o)
    0x0801ef48   0x0801ef48   0x000001f0   Code   RO         3482    i.__hardfp_atan2    m_wm.l(atan2.o)
    0x0801f138   0x0801f138   0x00000250   Code   RO         3494    i.__hardfp_atan2f   m_wm.l(atan2f.o)
    0x0801f388   0x0801f388   0x000000c8   Code   RO         3512    i.__hardfp_cos      m_wm.l(cos.o)
    0x0801f450   0x0801f450   0x00000150   Code   RO         3524    i.__hardfp_cosf     m_wm.l(cosf.o)
    0x0801f5a0   0x0801f5a0   0x00000014   Code   RO         3536    i.__hardfp_fabs     m_wm.l(fabs.o)
    0x0801f5b4   0x0801f5b4   0x00000004   PAD
    0x0801f5b8   0x0801f5b8   0x000003c4   Code   RO         3548    i.__hardfp_log      m_wm.l(log.o)
    0x0801f97c   0x0801f97c   0x00000190   Code   RO         3588    i.__hardfp_sinf     m_wm.l(sinf.o)
    0x0801fb0c   0x0801fb0c   0x0000007a   Code   RO         3600    i.__hardfp_sqrt     m_wm.l(sqrt.o)
    0x0801fb86   0x0801fb86   0x0000003a   Code   RO         3612    i.__hardfp_sqrtf    m_wm.l(sqrtf.o)
    0x0801fbc0   0x0801fbc0   0x00000438   Code   RO         3863    i.__ieee754_rem_pio2  m_wm.l(rred.o)
    0x0801fff8   0x0801fff8   0x00000170   Code   RO         3825    i.__kernel_cos      m_wm.l(cos_i.o)
    0x08020168   0x08020168   0x000000f8   Code   RO         3860    i.__kernel_poly     m_wm.l(poly.o)
    0x08020260   0x08020260   0x00000130   Code   RO         3871    i.__kernel_sin      m_wm.l(sin_i.o)
    0x08020390   0x08020390   0x00000030   Code   RO         3828    i.__mathlib_dbl_divzero  m_wm.l(dunder.o)
    0x080203c0   0x080203c0   0x00000014   Code   RO         3829    i.__mathlib_dbl_infnan  m_wm.l(dunder.o)
    0x080203d4   0x080203d4   0x00000014   Code   RO         3830    i.__mathlib_dbl_infnan2  m_wm.l(dunder.o)
    0x080203e8   0x080203e8   0x00000020   Code   RO         3831    i.__mathlib_dbl_invalid  m_wm.l(dunder.o)
    0x08020408   0x08020408   0x00000020   Code   RO         3834    i.__mathlib_dbl_underflow  m_wm.l(dunder.o)
    0x08020428   0x08020428   0x00000006   Code   RO         3847    i.__mathlib_flt_infnan  m_wm.l(funder.o)
    0x0802042e   0x0802042e   0x00000006   Code   RO         3848    i.__mathlib_flt_infnan2  m_wm.l(funder.o)
    0x08020434   0x08020434   0x00000010   Code   RO         3849    i.__mathlib_flt_invalid  m_wm.l(funder.o)
    0x08020444   0x08020444   0x00000010   Code   RO         3852    i.__mathlib_flt_underflow  m_wm.l(funder.o)
    0x08020454   0x08020454   0x00000154   Code   RO         3868    i.__mathlib_rredf2  m_wm.l(rredf.o)
    0x080205a8   0x080205a8   0x0000000e   Code   RO         3716    i._is_digit         c_w.l(__printf_wp.o)
    0x080205b6   0x080205b6   0x00000010   Code   RO         3470    i.atan              m_wm.l(atan.o)
    0x080205c6   0x080205c6   0x00000018   Code   RO         3538    i.fabs              m_wm.l(fabs.o)
    0x080205de   0x080205de   0x0000001a   Code   RO         3347    i.fputc             c_w.l(fputc.o)
    0x080205f8   0x080205f8   0x0000006e   Code   RO         3602    i.sqrt              m_wm.l(sqrt.o)
    0x08020666   0x08020666   0x0000003e   Code   RO         3614    i.sqrtf             m_wm.l(sqrtf.o)
    0x080206a4   0x080206a4   0x0000002c   Code   RO         4014    locale$$code        c_w.l(lc_numeric_c.o)
    0x080206d0   0x080206d0   0x0000002c   Code   RO         4056    locale$$code        c_w.l(lc_ctype_c.o)
    0x080206fc   0x080206fc   0x00000018   Code   RO         3800    x$fpl$basic         fz_wm.l(basic.o)
    0x08020714   0x08020714   0x00000062   Code   RO         3378    x$fpl$d2f           fz_wm.l(d2f.o)
    0x08020776   0x08020776   0x00000002   PAD
    0x08020778   0x08020778   0x00000150   Code   RO         3380    x$fpl$dadd          fz_wm.l(daddsub_clz.o)
    0x080208c8   0x080208c8   0x00000018   Code   RO         3802    x$fpl$dcmpinf       fz_wm.l(dcmpi.o)
    0x080208e0   0x080208e0   0x000002b0   Code   RO         3387    x$fpl$ddiv          fz_wm.l(ddiv.o)
    0x08020b90   0x08020b90   0x00000078   Code   RO         3390    x$fpl$deqf          fz_wm.l(deqf.o)
    0x08020c08   0x08020c08   0x0000005e   Code   RO         3392    x$fpl$dfix          fz_wm.l(dfix.o)
    0x08020c66   0x08020c66   0x0000002e   Code   RO         3397    x$fpl$dflt          fz_wm.l(dflt_clz.o)
    0x08020c94   0x08020c94   0x00000026   Code   RO         3396    x$fpl$dfltu         fz_wm.l(dflt_clz.o)
    0x08020cba   0x08020cba   0x00000002   PAD
    0x08020cbc   0x08020cbc   0x00000078   Code   RO         3402    x$fpl$dleqf         fz_wm.l(dleqf.o)
    0x08020d34   0x08020d34   0x00000154   Code   RO         3404    x$fpl$dmul          fz_wm.l(dmul.o)
    0x08020e88   0x08020e88   0x0000009c   Code   RO         3804    x$fpl$dnaninf       fz_wm.l(dnaninf.o)
    0x08020f24   0x08020f24   0x0000000c   Code   RO         3806    x$fpl$dretinf       fz_wm.l(dretinf.o)
    0x08020f30   0x08020f30   0x0000006c   Code   RO         3406    x$fpl$drleqf        fz_wm.l(drleqf.o)
    0x08020f9c   0x08020f9c   0x00000016   Code   RO         3381    x$fpl$drsb          fz_wm.l(daddsub_clz.o)
    0x08020fb2   0x08020fb2   0x00000002   PAD
    0x08020fb4   0x08020fb4   0x00000198   Code   RO         3808    x$fpl$dsqrt         fz_wm.l(dsqrt_umaal.o)
    0x0802114c   0x0802114c   0x000001d4   Code   RO         3382    x$fpl$dsub          fz_wm.l(daddsub_clz.o)
    0x08021320   0x08021320   0x00000056   Code   RO         3408    x$fpl$f2d           fz_wm.l(f2d.o)
    0x08021376   0x08021376   0x00000060   Code   RO         3414    x$fpl$ffltll        fz_wm.l(ffltll_clz.o)
    0x080213d6   0x080213d6   0x0000008c   Code   RO         3810    x$fpl$fnaninf       fz_wm.l(fnaninf.o)
    0x08021462   0x08021462   0x0000000a   Code   RO         3954    x$fpl$fpinit        fz_wm.l(fpinit.o)
    0x0802146c   0x0802146c   0x0000000a   Code   RO         3812    x$fpl$fretinf       fz_wm.l(fretinf.o)
    0x08021476   0x08021476   0x00000002   PAD
    0x08021478   0x08021478   0x00000086   Code   RO         3410    x$fpl$llsfromf      fz_wm.l(ffixll.o)
    0x080214fe   0x080214fe   0x00000004   Code   RO         3814    x$fpl$printf1       fz_wm.l(printf1.o)
    0x08021502   0x08021502   0x00000004   Code   RO         3816    x$fpl$printf2       fz_wm.l(printf2.o)
    0x08021506   0x08021506   0x00000000   Code   RO         3824    x$fpl$usenofp       fz_wm.l(usenofp.o)
    0x08021506   0x08021506   0x00000002   PAD
    0x08021508   0x08021508   0x00000b68   Data   RO          450    .constdata          drv_gpio.o
    0x08022070   0x08022070   0x0000001c   Data   RO          480    .constdata          drv_usart.o
    0x0802208c   0x0802208c   0x00000020   Data   RO          516    .constdata          drv_iic.o
    0x080220ac   0x080220ac   0x00000018   Data   RO          602    .constdata          system_stm32f4xx.o
    0x080220c4   0x080220c4   0x00000008   Data   RO          911    .constdata          stm32f4xx_hal_dma.o
    0x080220cc   0x080220cc   0x00000122   Data   RO         2150    .constdata          kservice.o
    0x080221ee   0x080221ee   0x00000002   PAD
    0x080221f0   0x080221f0   0x0000000c   Data   RO         2381    .constdata          i2c-bit-ops.o
    0x080221fc   0x080221fc   0x00000050   Data   RO         2552    .constdata          cmd.o
    0x0802224c   0x0802224c   0x00000268   Data   RO         2614    .constdata          inv_mpu.o
    0x080224b4   0x080224b4   0x00000bf6   Data   RO         2763    .constdata          inv_mpu_dmp_motion_driver.o
    0x080230aa   0x080230aa   0x00000002   PAD
    0x080230ac   0x080230ac   0x00000400   Data   RO         2927    .constdata          ml_math_func.o
    0x080234ac   0x080234ac   0x0000002f   Data   RO         2957    .constdata          mpl.o
    0x080234db   0x080234db   0x00000005   PAD
    0x080234e0   0x080234e0   0x00000050   Data   RO         3419    .constdata          m_wm.l(acos.o)
    0x08023530   0x08023530   0x00000050   Data   RO         3445    .constdata          m_wm.l(asin.o)
    0x08023580   0x08023580   0x00000098   Data   RO         3471    .constdata          m_wm.l(atan.o)
    0x08023618   0x08023618   0x00000038   Data   RO         3551    .constdata          m_wm.l(log.o)
    0x08023650   0x08023650   0x00000008   Data   RO         3675    .constdata          c_w.l(_printf_wctomb.o)
    0x08023658   0x08023658   0x00000028   Data   RO         3704    .constdata          c_w.l(_printf_hex_int_ll_ptr.o)
    0x08023680   0x08023680   0x00000011   Data   RO         3724    .constdata          c_w.l(__printf_flags_ss_wp.o)
    0x08023691   0x08023691   0x00000007   PAD
    0x08023698   0x08023698   0x00000030   Data   RO         3826    .constdata          m_wm.l(cos_i.o)
    0x080236c8   0x080236c8   0x00000008   Data   RO         3862    .constdata          m_wm.l(qnan.o)
    0x080236d0   0x080236d0   0x000000c8   Data   RO         3865    .constdata          m_wm.l(rred.o)
    0x08023798   0x08023798   0x00000020   Data   RO         3869    .constdata          m_wm.l(rredf.o)
    0x080237b8   0x080237b8   0x00000028   Data   RO         3872    .constdata          m_wm.l(sin_i.o)
    0x080237e0   0x080237e0   0x00000026   Data   RO         3924    .constdata          c_w.l(_printf_fp_hex.o)
    0x08023806   0x08023806   0x00000002   PAD
    0x08023808   0x08023808   0x00000094   Data   RO         3975    .constdata          c_w.l(bigflt0.o)
    0x0802389c   0x0802389c   0x0000015d   Data   RO         2553    .conststring        cmd.o
    0x080239f9   0x080239f9   0x00000003   PAD
    0x080239fc   0x080239fc   0x00000009   Data   RO         2615    .conststring        inv_mpu.o
    0x08023a05   0x08023a05   0x00000003   PAD
    0x08023a08   0x08023a08   0x00000044   Data   RO         2849    .conststring        data_builder.o
    0x08023a4c   0x08023a4c   0x00000044   Data   RO         3021    .conststring        eai_x4.o
    0x08023a90   0x08023a90   0x00000032   Data   RO          224    .rodata.name        app_eaix4.o
    0x08023ac2   0x08023ac2   0x00000034   Data   RO          263    .rodata.name        app_move.o
    0x08023af6   0x08023af6   0x00000027   Data   RO         2168    .rodata.name        mem.o
    0x08023b1d   0x08023b1d   0x00000069   Data   RO         2396    .rodata.name        pin.o
    0x08023b86   0x08023b86   0x00000385   Data   RO         2554    .rodata.name        cmd.o
    0x08023f0b   0x08023f0b   0x00000021   Data   RO         2573    .rodata.name        msh.o
    0x08023f2c   0x08023f2c   0x0000007b   Data   RO         2589    .rodata.name        msh_cmd.o
    0x08023fa7   0x08023fa7   0x00000001   PAD
    0x08023fa8   0x08023fa8   0x00000004   Data   RO         2069    .rti_fn.0           components.o
    0x08023fac   0x08023fac   0x00000004   Data   RO         2070    .rti_fn.0.end       components.o
    0x08023fb0   0x08023fb0   0x00000004   Data   RO          452    .rti_fn.1           drv_gpio.o
    0x08023fb4   0x08023fb4   0x00000004   Data   RO          481    .rti_fn.1           drv_usart.o
    0x08023fb8   0x08023fb8   0x00000004   Data   RO          517    .rti_fn.1           drv_iic.o
    0x08023fbc   0x08023fbc   0x00000004   Data   RO          544    .rti_fn.1           drv_l298n.o
    0x08023fc0   0x08023fc0   0x00000004   Data   RO          572    .rti_fn.1           drv_pwm.o
    0x08023fc4   0x08023fc4   0x00000004   Data   RO         2071    .rti_fn.1.end       components.o
    0x08023fc8   0x08023fc8   0x00000004   Data   RO         2354    .rti_fn.4           i2c_core.o
    0x08023fcc   0x08023fcc   0x00000004   Data   RO          312    .rti_fn.6           app_beep.o
    0x08023fd0   0x08023fd0   0x00000004   Data   RO          372    .rti_fn.6           master_thread.o
    0x08023fd4   0x08023fd4   0x00000004   Data   RO         2517    .rti_fn.6           shell.o
    0x08023fd8   0x08023fd8   0x00000004   Data   RO         2072    .rti_fn.6.end       components.o
    0x08023fdc   0x08023fdc   0x0000000c   Data   RO          225    FSymTab             app_eaix4.o
    0x08023fe8   0x08023fe8   0x0000000c   Data   RO          264    FSymTab             app_move.o
    0x08023ff4   0x08023ff4   0x0000000c   Data   RO         2169    FSymTab             mem.o
    0x08024000   0x08024000   0x00000024   Data   RO         2397    FSymTab             pin.o
    0x08024024   0x08024024   0x00000120   Data   RO         2555    FSymTab             cmd.o
    0x08024144   0x08024144   0x0000000c   Data   RO         2574    FSymTab             msh.o
    0x08024150   0x08024150   0x00000024   Data   RO         2590    FSymTab             msh_cmd.o
    0x08024174   0x08024174   0x00000020   Data   RO         4128    Region$$Table       anon$$obj.o
    0x08024194   0x08024194   0x0000001c   Data   RO         4013    locale$$data        c_w.l(lc_numeric_c.o)
    0x080241b0   0x080241b0   0x00000110   Data   RO         4055    locale$$data        c_w.l(lc_ctype_c.o)


    Execution Region RW_IRAM1 (Exec base: 0x20000000, Load base: 0x080242c0, Size: 0x000156f8, Max: 0x00020000, ABSOLUTE, COMPRESSED[0x000000a8])

    Exec Addr    Load Addr    Size         Type   Attr      Idx    E Section Name        Object

    0x20000000   COMPRESSED   0x00000004   Data   RW          223    .data               app_eaix4.o
    0x20000004   COMPRESSED   0x00000004   Data   RW          295    .data               app_wirelessuart.o
    0x20000008   COMPRESSED   0x00000004   Data   RW          333    .data               app_mpu9250.o
    0x2000000c   COMPRESSED   0x000000c0   Data   RW          451    .data               drv_gpio.o
    0x200000cc   COMPRESSED   0x00000004   Data   RW          603    .data               system_stm32f4xx.o
    0x200000d0   COMPRESSED   0x00000004   Data   RW          640    .data               stm32f4xx_hal.o
    0x200000d4   COMPRESSED   0x00000004   Data   RW         2055    .data               clock.o
    0x200000d8   COMPRESSED   0x00000004   Data   RW         2100    .data               idle.o
    0x200000dc   COMPRESSED   0x00000009   Data   RW         2134    .data               irq.o
    0x200000e5   COMPRESSED   0x00000003   PAD
    0x200000e8   COMPRESSED   0x00000008   Data   RW         2151    .data               kservice.o
    0x200000f0   COMPRESSED   0x00000020   Data   RW         2167    .data               mem.o
    0x20000110   COMPRESSED   0x000000b4   Data   RW         2213    .data               object.o
    0x200001c4   COMPRESSED   0x0000001c   Data   RW         2232    .data               scheduler.o
    0x200001e0   COMPRESSED   0x0000000c   Data   RW         2266    .data               thread.o
    0x200001ec   COMPRESSED   0x00000010   Data   RW         2284    .data               timer.o
    0x200001fc   COMPRESSED   0x00000010   Data   RW         2302    .data               cpuport.o
    0x2000020c   COMPRESSED   0x00000004   Data   RW         2516    .data               shell.o
    0x20000210   COMPRESSED   0x00000010   Data   RW         2538    .data               symbol.o
    0x20000220   COMPRESSED   0x0000004e   Data   RW         2616    .data               inv_mpu.o
    0x2000026e   COMPRESSED   0x00000002   PAD
    0x20000270   COMPRESSED   0x00000014   Data   RW         2889    .data               hal_outputs.o
    0x20000284   COMPRESSED   0x00000004   Data   RW         2913    .data               message_layer.o
    0x20000288   COMPRESSED   0x00000004   Data   RW         3022    .data               eai_x4.o
    0x2000028c   COMPRESSED   0x00000010   Data   RW         3042    .data               libmpllib.lib(compass_vec_cal.o)
    0x2000029c        -       0x0000affc   Zero   RW          222    .bss                app_eaix4.o
    0x2000b298        -       0x00000020   Zero   RW          294    .bss                app_wirelessuart.o
    0x2000b2b8        -       0x00000020   Zero   RW          371    .bss                master_thread.o
    0x2000b2d8        -       0x000001c8   Zero   RW          479    .bss                drv_usart.o
    0x2000b4a0        -       0x00000078   Zero   RW          515    .bss                drv_iic.o
    0x2000b518        -       0x00000058   Zero   RW          571    .bss                drv_pwm.o
    0x2000b570        -       0x00000180   Zero   RW         2099    .bss                idle.o
    0x2000b6f0        -       0x00000080   Zero   RW         2149    .bss                kservice.o
    0x2000b770        -       0x00000020   Zero   RW         2166    .bss                mem.o
    0x2000b790        -       0x00000100   Zero   RW         2231    .bss                scheduler.o
    0x2000b890        -       0x00000044   Zero   RW         2395    .bss                pin.o
    0x2000b8d4        -       0x00001101   Zero   RW         2515    .bss                shell.o
    0x2000c9d5   COMPRESSED   0x00000003   PAD
    0x2000c9d8        -       0x00000010   Zero   RW         2762    .bss                inv_mpu_dmp_motion_driver.o
    0x2000c9e8        -       0x00000028   Zero   RW         2825    .bss                empl_outputs.o
    0x2000ca10        -       0x000002d8   Zero   RW         2848    .bss                data_builder.o
    0x2000cce8        -       0x000000c4   Zero   RW         2888    .bss                hal_outputs.o
    0x2000cdac        -       0x00000088   Zero   RW         2978    .bss                results_holder.o
    0x2000ce34        -       0x00000054   Zero   RW         2992    .bss                start_manager.o
    0x2000ce88        -       0x00000198   Zero   RW         3006    .bss                storage_manager.o
    0x2000d020        -       0x0000709e   Zero   RW         3020    .bss                eai_x4.o
    0x200140be   COMPRESSED   0x00000002   PAD
    0x200140c0        -       0x00000460   Zero   RW         3041    .bss                libmpllib.lib(compass_vec_cal.o)
    0x20014520        -       0x000002a0   Zero   RW         3131    .bss                libmpllib.lib(fast_no_motion.o)
    0x200147c0        -       0x00000138   Zero   RW         3164    .bss                libmpllib.lib(fusion_9axis.o)
    0x200148f8        -       0x000001c4   Zero   RW         3186    .bss                libmpllib.lib(gyro_tc.o)
    0x20014abc        -       0x000000b8   Zero   RW         3204    .bss                libmpllib.lib(mag_disturb.o)
    0x20014b74        -       0x0000006c   Zero   RW         3226    .bss                libmpllib.lib(quaternion_supervisor.o)
    0x20014be0        -       0x000004b8   Zero   RW         3244    .bss                libmpllib.lib(accel_auto_cal.o)
    0x20015098        -       0x00000060   Zero   RW         3885    .bss                c_w.l(libspace.o)
    0x200150f8        -       0x00000200   Zero   RW          630    HEAP                startup_stm32f429xx.o
    0x200152f8        -       0x00000400   Zero   RW          629    STACK               startup_stm32f429xx.o


==============================================================================

Image component sizes


      Code (inc. data)   RO Data    RW Data    ZI Data      Debug   Object Name

        42          0          4          0          0       1299   app_beep.o
       668        180         62          4      45052       7903   app_eaix4.o
       412         96         64          0          0       2161   app_move.o
      1904        198          0          4          0       8997   app_mpu9250.o
       440        136          0          4         32       2529   app_wirelessuart.o
       404         24          0          0          0       2386   board.o
       108          6          0          4          0       1624   clock.o
      3076       1336       1618          0          0      14403   cmd.o
       228          0          0          0          0       3975   completion.o
       184         22         16          0          0       2526   components.o
       272         26          0          0          0        808   context_rvds.o
       384        182          0         16          0       3683   cpuport.o
      3212         82         68          0        728      21482   data_builder.o
       788          0          0          0          0       4517   dataqueue.o
       664         56          0          0          0       5050   device.o
      1504         40       2924        192          0       7938   drv_gpio.o
       328         26         36          0        120       2558   drv_iic.o
        78          0          4          0          0       1254   drv_l298n.o
       420         24          4          0         88       2882   drv_pwm.o
      1128         88         32          0        456      30723   drv_usart.o
      1112        178         68          4      28830       2607   eai_x4.o
      1292         46          0          0         40       7893   empl_outputs.o
      1856         40          0         20        196       7999   hal_outputs.o
      1120          6         12          0          0       6469   i2c-bit-ops.o
       296         16          4          0          0       3244   i2c_core.o
       256         12          0          0          0       2368   i2c_dev.o
       228         30          0          4        384       4417   idle.o
     15588       1292        625         78          0      35118   inv_mpu.o
      3472        142       3062          0         16      15467   inv_mpu_dmp_motion_driver.o
      3678         38          0          0          0      18627   ipc.o
       116         14          0          9          0       1936   irq.o
      2616        170        290          8        128      11816   kservice.o
       796         18          0          0          0       5488   log_stm32.o
         4          0          0          0          0     757055   main.o
       188         52          4          0         32       1471   master_thread.o
      1424        268         51         32         32       4923   mem.o
        44          4          0          4          0       1370   message_layer.o
      4148        114       1024          0          0      16857   ml_math_func.o
       240         58         47          0          0       2114   mpl.o
       828        122         45          0          0       4272   msh.o
        34          0        159          0          0       2291   msh_cmd.o
       492         24          0        180          0       7304   object.o
       376         18        141          0         68       4687   pin.o
      1032         18          0          0        136       9677   results_holder.o
       504         34          0         28        256       5805   scheduler.o
      2252         26          0          0          0       8817   serial.o
      2116        188          4          4       4353       5773   shell.o
         0          0          0          0          0        384   signal.o
       184          6          0          0         84       2222   start_manager.o
        64         26        428          0       1536        932   startup_stm32f429xx.o
       440         36          0          4          0       5341   stm32f4xx_hal.o
       900         22          0          0          0      32486   stm32f4xx_hal_cortex.o
      2220         26          8          0          0       7157   stm32f4xx_hal_dma.o
       988         54          0          0          0       3671   stm32f4xx_hal_gpio.o
       744         20          0          0          0       3751   stm32f4xx_hal_pwr_ex.o
      2204         66          0          0          0       5223   stm32f4xx_hal_rcc.o
     10240        152          0          0          0      32586   stm32f4xx_hal_tim.o
      3508         24          0          0          0      12406   stm32f4xx_hal_tim_ex.o
      5038         50          0          0          0      16160   stm32f4xx_hal_uart.o
        16          0          0          0          0        852   stm32f4xx_it.o
       548          6          0          0        408       3670   storage_manager.o
         0          0          0         16          0       4381   symbol.o
       288         32         24          4          0       1805   system_stm32f4xx.o
      1162         24          0         12          0       9501   thread.o
       916         20          0         16          0       8083   timer.o

    ----------------------------------------------------------------------
     91824       6014      10876        652      82980    1235174   Object Totals
         0          0         32          0          0          0   (incl. Generated)
        12          0         16          5          5          0   (incl. Padding)

    ----------------------------------------------------------------------

      Code (inc. data)   RO Data    RW Data    ZI Data      Debug   Library Member Name

        90          0          0          0          0          0   __dczerorl2.o
         8          0          0          0          0         68   __main.o
       392          4         17          0          0         92   __printf_flags_ss_wp.o
        14          0          0          0          0         68   __printf_wp.o
         0          0          0          0          0          0   __rtentry.o
        12          0          0          0          0          0   __rtentry2.o
         6          0          0          0          0          0   __rtentry4.o
        52          8          0          0          0          0   __scatter.o
        28          0          0          0          0          0   __scatter_zi.o
         6          0          0          0          0          0   _printf_a.o
         6          0          0          0          0          0   _printf_c.o
        44          0          0          0          0        108   _printf_char.o
        48          6          0          0          0         96   _printf_char_common.o
        40          0          0          0          0         68   _printf_charcount.o
         6          0          0          0          0          0   _printf_d.o
       120         16          0          0          0         92   _printf_dec.o
         6          0          0          0          0          0   _printf_e.o
         6          0          0          0          0          0   _printf_f.o
      1054          0          0          0          0        216   _printf_fp_dec.o
       764          8         38          0          0        100   _printf_fp_hex.o
       128         16          0          0          0         84   _printf_fp_infnan.o
         6          0          0          0          0          0   _printf_g.o
       148          4         40          0          0        160   _printf_hex_int_ll_ptr.o
         6          0          0          0          0          0   _printf_i.o
       178          0          0          0          0         88   _printf_intcommon.o
        10          0          0          0          0          0   _printf_l.o
         6          0          0          0          0          0   _printf_lc.o
        10          0          0          0          0          0   _printf_ll.o
         6          0          0          0          0          0   _printf_lld.o
         6          0          0          0          0          0   _printf_lli.o
         6          0          0          0          0          0   _printf_llo.o
         6          0          0          0          0          0   _printf_llu.o
         6          0          0          0          0          0   _printf_llx.o
       124         16          0          0          0         92   _printf_longlong_dec.o
         6          0          0          0          0          0   _printf_ls.o
         6          0          0          0          0          0   _printf_n.o
         6          0          0          0          0          0   _printf_o.o
       112         10          0          0          0        124   _printf_oct_int_ll.o
         6          0          0          0          0          0   _printf_p.o
        78          0          0          0          0        108   _printf_pad.o
         0          0          0          0          0          0   _printf_percent.o
         4          0          0          0          0          0   _printf_percent_end.o
         6          0          0          0          0          0   _printf_s.o
        82          0          0          0          0         80   _printf_str.o
        36          0          0          0          0         84   _printf_truncate.o
         6          0          0          0          0          0   _printf_u.o
        44          0          0          0          0        108   _printf_wchar.o
       188          6          8          0          0         92   _printf_wctomb.o
         6          0          0          0          0          0   _printf_x.o
        22          0          0          0          0        100   _rserrno.o
        10          0          0          0          0         68   _sputc.o
        64          0          0          0          0         92   _wcrtomb.o
        16          0          0          0          0         68   aeabi_memset.o
       228          4        148          0          0         96   bigflt0.o
      1936        128          0          0          0        672   btod.o
        10          0          0          0          0         68   defsig_exit.o
        50          0          0          0          0         88   defsig_general.o
        80         58          0          0          0         76   defsig_rtmem_inner.o
        14          0          0          0          0         80   defsig_rtmem_outer.o
        18          0          0          0          0         80   exit.o
       470          0          0          0          0         88   flsbuf.o
        26          0          0          0          0         68   fputc.o
        94          0          0          0          0         80   h1_alloc.o
        52          0          0          0          0         68   h1_extend.o
        78          0          0          0          0         80   h1_free.o
        14          0          0          0          0         84   h1_init.o
         6          0          0          0          0        152   heapauxi.o
         4          0          0          0          0        136   hguard.o
         0          0          0          0          0          0   indicate_semi.o
       138          0          0          0          0        168   init_alloc.o
        44         10        272          0          0         76   lc_ctype_c.o
        44         10         28          0          0         76   lc_numeric_c.o
         2          0          0          0          0          0   libinit.o
        42          0          0          0          0          0   libinit2.o
         2          0          0          0          0          0   libshutdown.o
         2          0          0          0          0          0   libshutdown2.o
         8          4          0          0         96         68   libspace.o
        72          0          0          0          0         76   llsdiv.o
        38          0          0          0          0         68   llshl.o
        38          0          0          0          0         68   llsshr.o
       138          0          0          0          0         80   lludiv10.o
       238          0          0          0          0        100   lludivv7m.o
         0          0          0          0          0          0   maybetermalloc1.o
        88          0          0          0          0         76   memcmp.o
        16          4          0          0          0         76   rt_ctype_table.o
         8          4          0          0          0         68   rt_errno_addr_intlibspace.o
         8          4          0          0          0         68   rt_heap_descriptor_intlibspace.o
         8          4          0          0          0         68   rt_locale_intlibspace.o
        68          0          0          0          0         68   rt_memclr.o
        78          0          0          0          0         80   rt_memclr_w.o
       138          0          0          0          0         68   rt_memcpy_v6.o
       100          0          0          0          0         80   rt_memcpy_w.o
       122          0          0          0          0         80   rt_memmove_w.o
         2          0          0          0          0          0   rtexit.o
        10          0          0          0          0          0   rtexit2.o
       240          6          0          0          0        156   stdio.o
        24          0          0          0          0         68   strcat.o
       128          0          0          0          0         68   strcmpv7m.o
        72          0          0          0          0         80   strcpy.o
        62          0          0          0          0         76   strlen.o
       150          0          0          0          0         80   strncmp.o
        12          4          0          0          0         68   sys_exit.o
       102          0          0          0          0        240   sys_io.o
        74          0          0          0          0         80   sys_stackheap_outer.o
        14          0          0          0          0         76   sys_wrch.o
         2          0          0          0          0         68   use_no_semi.o
        36          4          0          0          0         76   vsprintf.o
        24          0          0          0          0        164   basic.o
        98          4          0          0          0        140   d2f.o
       826         16          0          0          0        492   daddsub_clz.o
        24          0          0          0          0        116   dcmpi.o
       688        140          0          0          0        256   ddiv.o
       120          4          0          0          0        140   deqf.o
        94          4          0          0          0        140   dfix.o
        84          0          0          0          0        232   dflt_clz.o
       120          4          0          0          0        140   dleqf.o
       340         12          0          0          0        152   dmul.o
       156          4          0          0          0        140   dnaninf.o
        12          0          0          0          0        116   dretinf.o
       108          0          0          0          0        128   drleqf.o
       408         56          0          0          0        168   dsqrt_umaal.o
        86          4          0          0          0        132   f2d.o
       134          4          0          0          0        132   ffixll.o
        96          0          0          0          0        132   ffltll_clz.o
       140          4          0          0          0        132   fnaninf.o
        10          0          0          0          0        116   fpinit.o
        10          0          0          0          0        116   fretinf.o
         4          0          0          0          0        116   printf1.o
         4          0          0          0          0        116   printf2.o
         0          0          0          0          0          0   usenofp.o
      3140        190          0          0       1208       9672   accel_auto_cal.o
      9456        298          0         16       1120      19892   compass_vec_cal.o
      2584         42          0          0        672      13744   fast_no_motion.o
      1712         72          0          0        312       5636   fusion_9axis.o
      1220         32          0          0        452       5735   gyro_tc.o
      1472         48          0          0        184       7614   mag_disturb.o
      2452        130          0          0        108       5637   quaternion_supervisor.o
       856        118         80          0          0        288   acos.o
       280         46          0          0          0        176   acosf.o
       864         94         80          0          0        280   asin.o
       300         42          0          0          0        176   asinf.o
       744        106        152          0          0        352   atan.o
       496         64          0          0          0        192   atan2.o
       592         90          0          0          0        184   atan2f.o
       200         20          0          0          0        164   cos.o
       368         46         48          0          0        200   cos_i.o
       336         56          0          0          0        136   cosf.o
       152         36          0          0          0        620   dunder.o
        44          0          0          0          0        248   fabs.o
        48          0          0          0          0        124   fpclassify.o
        38          0          0          0          0        116   fpclassifyf.o
        44         12          0          0          0        464   funder.o
       964         92         56          0          0        316   log.o
       248          0          0          0          0        152   poly.o
         0          0          8          0          0          0   qnan.o
      1080        142        200          0          0        188   rred.o
       340         24         32          0          0        160   rredf.o
       304         24         40          0          0        208   sin_i.o
       400         56          0          0          0        212   sinf.o
       232          0          0          0          0        296   sqrt.o
       120          0          0          0          0        272   sqrtf.o

    ----------------------------------------------------------------------
     44204       2478       1256         16       4152      83790   Library Totals
        38          4          9          0          0          0   (incl. Padding)

    ----------------------------------------------------------------------

      Code (inc. data)   RO Data    RW Data    ZI Data      Debug   Library Name

      9494        338        551          0         96       6820   c_w.l
      3586        256          0          0          0       3516   fz_wm.l
     22036        812          0         16       4056      67930   libmpllib.lib
      9050       1068        696          0          0       5524   m_wm.l

    ----------------------------------------------------------------------
     44204       2478       1256         16       4152      83790   Library Totals

    ----------------------------------------------------------------------

==============================================================================


      Code (inc. data)   RO Data    RW Data    ZI Data      Debug   

    136028       8492      12132        668      87132    1293416   Grand Totals
    136028       8492      12132        168      87132    1293416   ELF Image Totals (compressed)
    136028       8492      12132        168          0          0   ROM Totals

==============================================================================

    Total RO  Size (Code + RO Data)               148160 ( 144.69kB)
    Total RW  Size (RW Data + ZI Data)             87800 (  85.74kB)
    Total ROM Size (Code + RO Data + RW Data)     148328 ( 144.85kB)

==============================================================================

